Archive member included because of file (symbol)

/usr/local/gcc-arm-none-eabi-4_9-2015q1/bin/../lib/gcc/arm-none-eabi/4.9.3/../../../../arm-none-eabi/lib/armv7e-m/softfp/libc.a(lib_a-exit.o)
                              /usr/local/gcc-arm-none-eabi-4_9-2015q1/bin/../lib/gcc/arm-none-eabi/4.9.3/../../../../arm-none-eabi/lib/armv7e-m/softfp/crt0.o (exit)
/usr/local/gcc-arm-none-eabi-4_9-2015q1/bin/../lib/gcc/arm-none-eabi/4.9.3/../../../../arm-none-eabi/lib/armv7e-m/softfp/libc.a(lib_a-impure.o)
                              /usr/local/gcc-arm-none-eabi-4_9-2015q1/bin/../lib/gcc/arm-none-eabi/4.9.3/../../../../arm-none-eabi/lib/armv7e-m/softfp/libc.a(lib_a-exit.o) (_global_impure_ptr)
/usr/local/gcc-arm-none-eabi-4_9-2015q1/bin/../lib/gcc/arm-none-eabi/4.9.3/../../../../arm-none-eabi/lib/armv7e-m/softfp/libc.a(lib_a-init.o)
                              /usr/local/gcc-arm-none-eabi-4_9-2015q1/bin/../lib/gcc/arm-none-eabi/4.9.3/../../../../arm-none-eabi/lib/armv7e-m/softfp/crt0.o (__libc_init_array)
/usr/local/gcc-arm-none-eabi-4_9-2015q1/bin/../lib/gcc/arm-none-eabi/4.9.3/../../../../arm-none-eabi/lib/armv7e-m/softfp/libc.a(lib_a-memset.o)
                              /usr/local/gcc-arm-none-eabi-4_9-2015q1/bin/../lib/gcc/arm-none-eabi/4.9.3/../../../../arm-none-eabi/lib/armv7e-m/softfp/crt0.o (memset)
/usr/local/gcc-arm-none-eabi-4_9-2015q1/bin/../lib/gcc/arm-none-eabi/4.9.3/../../../../arm-none-eabi/lib/armv7e-m/softfp/libc.a(lib_a-__call_atexit.o)
                              /usr/local/gcc-arm-none-eabi-4_9-2015q1/bin/../lib/gcc/arm-none-eabi/4.9.3/../../../../arm-none-eabi/lib/armv7e-m/softfp/libc.a(lib_a-exit.o) (__call_exitprocs)
/usr/local/gcc-arm-none-eabi-4_9-2015q1/bin/../lib/gcc/arm-none-eabi/4.9.3/../../../../arm-none-eabi/lib/armv7e-m/softfp/libc.a(lib_a-atexit.o)
                              /usr/local/gcc-arm-none-eabi-4_9-2015q1/bin/../lib/gcc/arm-none-eabi/4.9.3/../../../../arm-none-eabi/lib/armv7e-m/softfp/libc.a(lib_a-__call_atexit.o) (atexit)
/usr/local/gcc-arm-none-eabi-4_9-2015q1/bin/../lib/gcc/arm-none-eabi/4.9.3/../../../../arm-none-eabi/lib/armv7e-m/softfp/libc.a(lib_a-fini.o)
                              /usr/local/gcc-arm-none-eabi-4_9-2015q1/bin/../lib/gcc/arm-none-eabi/4.9.3/../../../../arm-none-eabi/lib/armv7e-m/softfp/libc.a(lib_a-__call_atexit.o) (__libc_fini_array)
/usr/local/gcc-arm-none-eabi-4_9-2015q1/bin/../lib/gcc/arm-none-eabi/4.9.3/../../../../arm-none-eabi/lib/armv7e-m/softfp/libc.a(lib_a-__atexit.o)
                              /usr/local/gcc-arm-none-eabi-4_9-2015q1/bin/../lib/gcc/arm-none-eabi/4.9.3/../../../../arm-none-eabi/lib/armv7e-m/softfp/libc.a(lib_a-atexit.o) (__register_exitproc)
/usr/local/gcc-arm-none-eabi-4_9-2015q1/bin/../lib/gcc/arm-none-eabi/4.9.3/../../../../arm-none-eabi/lib/armv7e-m/softfp/libnosys.a(_exit.o)
                              /usr/local/gcc-arm-none-eabi-4_9-2015q1/bin/../lib/gcc/arm-none-eabi/4.9.3/../../../../arm-none-eabi/lib/armv7e-m/softfp/libc.a(lib_a-exit.o) (_exit)

Allocating common symbols
Common symbol       size              file

uart_Device         0x20              src/main.o

Discarded input sections

 .text          0x0000000000000000        0x0 /usr/local/gcc-arm-none-eabi-4_9-2015q1/bin/../lib/gcc/arm-none-eabi/4.9.3/armv7e-m/softfp/crti.o
 .data          0x0000000000000000        0x0 /usr/local/gcc-arm-none-eabi-4_9-2015q1/bin/../lib/gcc/arm-none-eabi/4.9.3/armv7e-m/softfp/crti.o
 .bss           0x0000000000000000        0x0 /usr/local/gcc-arm-none-eabi-4_9-2015q1/bin/../lib/gcc/arm-none-eabi/4.9.3/armv7e-m/softfp/crti.o
 .data          0x0000000000000000        0x4 /usr/local/gcc-arm-none-eabi-4_9-2015q1/bin/../lib/gcc/arm-none-eabi/4.9.3/armv7e-m/softfp/crtbegin.o
 .text          0x0000000000000000       0x74 /usr/local/gcc-arm-none-eabi-4_9-2015q1/bin/../lib/gcc/arm-none-eabi/4.9.3/../../../../arm-none-eabi/lib/armv7e-m/softfp/crt0.o
 .data          0x0000000000000000        0x0 /usr/local/gcc-arm-none-eabi-4_9-2015q1/bin/../lib/gcc/arm-none-eabi/4.9.3/../../../../arm-none-eabi/lib/armv7e-m/softfp/crt0.o
 .bss           0x0000000000000000        0x0 /usr/local/gcc-arm-none-eabi-4_9-2015q1/bin/../lib/gcc/arm-none-eabi/4.9.3/../../../../arm-none-eabi/lib/armv7e-m/softfp/crt0.o
 .ARM.extab     0x0000000000000000        0x0 /usr/local/gcc-arm-none-eabi-4_9-2015q1/bin/../lib/gcc/arm-none-eabi/4.9.3/../../../../arm-none-eabi/lib/armv7e-m/softfp/crt0.o
 .ARM.exidx     0x0000000000000000        0x8 /usr/local/gcc-arm-none-eabi-4_9-2015q1/bin/../lib/gcc/arm-none-eabi/4.9.3/../../../../arm-none-eabi/lib/armv7e-m/softfp/crt0.o
 .ARM.attributes
                0x0000000000000000       0x20 /usr/local/gcc-arm-none-eabi-4_9-2015q1/bin/../lib/gcc/arm-none-eabi/4.9.3/../../../../arm-none-eabi/lib/armv7e-m/softfp/crt0.o
 .text          0x0000000000000000        0x0 /usr/local/gcc-arm-none-eabi-4_9-2015q1/bin/../lib/gcc/arm-none-eabi/4.9.3/../../../../arm-none-eabi/lib/armv7e-m/softfp/libc.a(lib_a-exit.o)
 .data          0x0000000000000000        0x0 /usr/local/gcc-arm-none-eabi-4_9-2015q1/bin/../lib/gcc/arm-none-eabi/4.9.3/../../../../arm-none-eabi/lib/armv7e-m/softfp/libc.a(lib_a-exit.o)
 .bss           0x0000000000000000        0x0 /usr/local/gcc-arm-none-eabi-4_9-2015q1/bin/../lib/gcc/arm-none-eabi/4.9.3/../../../../arm-none-eabi/lib/armv7e-m/softfp/libc.a(lib_a-exit.o)
 .text.exit     0x0000000000000000       0x20 /usr/local/gcc-arm-none-eabi-4_9-2015q1/bin/../lib/gcc/arm-none-eabi/4.9.3/../../../../arm-none-eabi/lib/armv7e-m/softfp/libc.a(lib_a-exit.o)
 .debug_frame   0x0000000000000000       0x28 /usr/local/gcc-arm-none-eabi-4_9-2015q1/bin/../lib/gcc/arm-none-eabi/4.9.3/../../../../arm-none-eabi/lib/armv7e-m/softfp/libc.a(lib_a-exit.o)
 .ARM.attributes
                0x0000000000000000       0x32 /usr/local/gcc-arm-none-eabi-4_9-2015q1/bin/../lib/gcc/arm-none-eabi/4.9.3/../../../../arm-none-eabi/lib/armv7e-m/softfp/libc.a(lib_a-exit.o)
 .text          0x0000000000000000        0x0 /usr/local/gcc-arm-none-eabi-4_9-2015q1/bin/../lib/gcc/arm-none-eabi/4.9.3/../../../../arm-none-eabi/lib/armv7e-m/softfp/libc.a(lib_a-impure.o)
 .data          0x0000000000000000        0x0 /usr/local/gcc-arm-none-eabi-4_9-2015q1/bin/../lib/gcc/arm-none-eabi/4.9.3/../../../../arm-none-eabi/lib/armv7e-m/softfp/libc.a(lib_a-impure.o)
 .bss           0x0000000000000000        0x0 /usr/local/gcc-arm-none-eabi-4_9-2015q1/bin/../lib/gcc/arm-none-eabi/4.9.3/../../../../arm-none-eabi/lib/armv7e-m/softfp/libc.a(lib_a-impure.o)
 .data._impure_ptr
                0x0000000000000000        0x4 /usr/local/gcc-arm-none-eabi-4_9-2015q1/bin/../lib/gcc/arm-none-eabi/4.9.3/../../../../arm-none-eabi/lib/armv7e-m/softfp/libc.a(lib_a-impure.o)
 .text          0x0000000000000000        0x0 /usr/local/gcc-arm-none-eabi-4_9-2015q1/bin/../lib/gcc/arm-none-eabi/4.9.3/../../../../arm-none-eabi/lib/armv7e-m/softfp/libc.a(lib_a-init.o)
 .data          0x0000000000000000        0x0 /usr/local/gcc-arm-none-eabi-4_9-2015q1/bin/../lib/gcc/arm-none-eabi/4.9.3/../../../../arm-none-eabi/lib/armv7e-m/softfp/libc.a(lib_a-init.o)
 .bss           0x0000000000000000        0x0 /usr/local/gcc-arm-none-eabi-4_9-2015q1/bin/../lib/gcc/arm-none-eabi/4.9.3/../../../../arm-none-eabi/lib/armv7e-m/softfp/libc.a(lib_a-init.o)
 .text          0x0000000000000000        0x0 /usr/local/gcc-arm-none-eabi-4_9-2015q1/bin/../lib/gcc/arm-none-eabi/4.9.3/../../../../arm-none-eabi/lib/armv7e-m/softfp/libc.a(lib_a-memset.o)
 .data          0x0000000000000000        0x0 /usr/local/gcc-arm-none-eabi-4_9-2015q1/bin/../lib/gcc/arm-none-eabi/4.9.3/../../../../arm-none-eabi/lib/armv7e-m/softfp/libc.a(lib_a-memset.o)
 .bss           0x0000000000000000        0x0 /usr/local/gcc-arm-none-eabi-4_9-2015q1/bin/../lib/gcc/arm-none-eabi/4.9.3/../../../../arm-none-eabi/lib/armv7e-m/softfp/libc.a(lib_a-memset.o)
 .text.memset   0x0000000000000000       0x9c /usr/local/gcc-arm-none-eabi-4_9-2015q1/bin/../lib/gcc/arm-none-eabi/4.9.3/../../../../arm-none-eabi/lib/armv7e-m/softfp/libc.a(lib_a-memset.o)
 .debug_frame   0x0000000000000000       0x34 /usr/local/gcc-arm-none-eabi-4_9-2015q1/bin/../lib/gcc/arm-none-eabi/4.9.3/../../../../arm-none-eabi/lib/armv7e-m/softfp/libc.a(lib_a-memset.o)
 .ARM.attributes
                0x0000000000000000       0x32 /usr/local/gcc-arm-none-eabi-4_9-2015q1/bin/../lib/gcc/arm-none-eabi/4.9.3/../../../../arm-none-eabi/lib/armv7e-m/softfp/libc.a(lib_a-memset.o)
 .text          0x0000000000000000        0x0 /usr/local/gcc-arm-none-eabi-4_9-2015q1/bin/../lib/gcc/arm-none-eabi/4.9.3/../../../../arm-none-eabi/lib/armv7e-m/softfp/libc.a(lib_a-__call_atexit.o)
 .data          0x0000000000000000        0x0 /usr/local/gcc-arm-none-eabi-4_9-2015q1/bin/../lib/gcc/arm-none-eabi/4.9.3/../../../../arm-none-eabi/lib/armv7e-m/softfp/libc.a(lib_a-__call_atexit.o)
 .bss           0x0000000000000000        0x0 /usr/local/gcc-arm-none-eabi-4_9-2015q1/bin/../lib/gcc/arm-none-eabi/4.9.3/../../../../arm-none-eabi/lib/armv7e-m/softfp/libc.a(lib_a-__call_atexit.o)
 .text.__call_exitprocs
                0x0000000000000000       0xd4 /usr/local/gcc-arm-none-eabi-4_9-2015q1/bin/../lib/gcc/arm-none-eabi/4.9.3/../../../../arm-none-eabi/lib/armv7e-m/softfp/libc.a(lib_a-__call_atexit.o)
 .text          0x0000000000000000        0x0 /usr/local/gcc-arm-none-eabi-4_9-2015q1/bin/../lib/gcc/arm-none-eabi/4.9.3/../../../../arm-none-eabi/lib/armv7e-m/softfp/libc.a(lib_a-atexit.o)
 .data          0x0000000000000000        0x0 /usr/local/gcc-arm-none-eabi-4_9-2015q1/bin/../lib/gcc/arm-none-eabi/4.9.3/../../../../arm-none-eabi/lib/armv7e-m/softfp/libc.a(lib_a-atexit.o)
 .bss           0x0000000000000000        0x0 /usr/local/gcc-arm-none-eabi-4_9-2015q1/bin/../lib/gcc/arm-none-eabi/4.9.3/../../../../arm-none-eabi/lib/armv7e-m/softfp/libc.a(lib_a-atexit.o)
 .text          0x0000000000000000        0x0 /usr/local/gcc-arm-none-eabi-4_9-2015q1/bin/../lib/gcc/arm-none-eabi/4.9.3/../../../../arm-none-eabi/lib/armv7e-m/softfp/libc.a(lib_a-fini.o)
 .data          0x0000000000000000        0x0 /usr/local/gcc-arm-none-eabi-4_9-2015q1/bin/../lib/gcc/arm-none-eabi/4.9.3/../../../../arm-none-eabi/lib/armv7e-m/softfp/libc.a(lib_a-fini.o)
 .bss           0x0000000000000000        0x0 /usr/local/gcc-arm-none-eabi-4_9-2015q1/bin/../lib/gcc/arm-none-eabi/4.9.3/../../../../arm-none-eabi/lib/armv7e-m/softfp/libc.a(lib_a-fini.o)
 .text          0x0000000000000000        0x0 /usr/local/gcc-arm-none-eabi-4_9-2015q1/bin/../lib/gcc/arm-none-eabi/4.9.3/../../../../arm-none-eabi/lib/armv7e-m/softfp/libc.a(lib_a-__atexit.o)
 .data          0x0000000000000000        0x0 /usr/local/gcc-arm-none-eabi-4_9-2015q1/bin/../lib/gcc/arm-none-eabi/4.9.3/../../../../arm-none-eabi/lib/armv7e-m/softfp/libc.a(lib_a-__atexit.o)
 .bss           0x0000000000000000        0x0 /usr/local/gcc-arm-none-eabi-4_9-2015q1/bin/../lib/gcc/arm-none-eabi/4.9.3/../../../../arm-none-eabi/lib/armv7e-m/softfp/libc.a(lib_a-__atexit.o)
 .text          0x0000000000000000        0x0 /usr/local/gcc-arm-none-eabi-4_9-2015q1/bin/../lib/gcc/arm-none-eabi/4.9.3/../../../../arm-none-eabi/lib/armv7e-m/softfp/libnosys.a(_exit.o)
 .data          0x0000000000000000        0x0 /usr/local/gcc-arm-none-eabi-4_9-2015q1/bin/../lib/gcc/arm-none-eabi/4.9.3/../../../../arm-none-eabi/lib/armv7e-m/softfp/libnosys.a(_exit.o)
 .bss           0x0000000000000000        0x0 /usr/local/gcc-arm-none-eabi-4_9-2015q1/bin/../lib/gcc/arm-none-eabi/4.9.3/../../../../arm-none-eabi/lib/armv7e-m/softfp/libnosys.a(_exit.o)
 .text._exit    0x0000000000000000        0x4 /usr/local/gcc-arm-none-eabi-4_9-2015q1/bin/../lib/gcc/arm-none-eabi/4.9.3/../../../../arm-none-eabi/lib/armv7e-m/softfp/libnosys.a(_exit.o)
 .debug_frame   0x0000000000000000       0x20 /usr/local/gcc-arm-none-eabi-4_9-2015q1/bin/../lib/gcc/arm-none-eabi/4.9.3/../../../../arm-none-eabi/lib/armv7e-m/softfp/libnosys.a(_exit.o)
 .ARM.attributes
                0x0000000000000000       0x32 /usr/local/gcc-arm-none-eabi-4_9-2015q1/bin/../lib/gcc/arm-none-eabi/4.9.3/../../../../arm-none-eabi/lib/armv7e-m/softfp/libnosys.a(_exit.o)
 .data          0x0000000000000000        0x0 src/main.o
 .bss           0x0000000000000000        0x0 src/main.o
 .bss           0x0000000000000000        0x0 src/system_stm32f4xx.o
 .data          0x0000000000000000        0x0 src/uart.o
 .bss           0x0000000000000000        0x0 src/uart.o
 .data          0x0000000000000000        0x0 src/stm32f4xx_it.o
 .bss           0x0000000000000000        0x0 src/stm32f4xx_it.o
 .text          0x0000000000000000       0x14 startup/startup_stm32f401xe.o
 .data          0x0000000000000000        0x0 startup/startup_stm32f401xe.o
 .bss           0x0000000000000000        0x0 startup/startup_stm32f401xe.o
 .text          0x0000000000000000        0x0 /usr/local/gcc-arm-none-eabi-4_9-2015q1/bin/../lib/gcc/arm-none-eabi/4.9.3/armv7e-m/softfp/crtend.o
 .data          0x0000000000000000        0x0 /usr/local/gcc-arm-none-eabi-4_9-2015q1/bin/../lib/gcc/arm-none-eabi/4.9.3/armv7e-m/softfp/crtend.o
 .bss           0x0000000000000000        0x0 /usr/local/gcc-arm-none-eabi-4_9-2015q1/bin/../lib/gcc/arm-none-eabi/4.9.3/armv7e-m/softfp/crtend.o
 .eh_frame      0x0000000000000000        0x4 /usr/local/gcc-arm-none-eabi-4_9-2015q1/bin/../lib/gcc/arm-none-eabi/4.9.3/armv7e-m/softfp/crtend.o
 .jcr           0x0000000000000000        0x4 /usr/local/gcc-arm-none-eabi-4_9-2015q1/bin/../lib/gcc/arm-none-eabi/4.9.3/armv7e-m/softfp/crtend.o
 .ARM.attributes
                0x0000000000000000       0x32 /usr/local/gcc-arm-none-eabi-4_9-2015q1/bin/../lib/gcc/arm-none-eabi/4.9.3/armv7e-m/softfp/crtend.o
 .text          0x0000000000000000        0x0 /usr/local/gcc-arm-none-eabi-4_9-2015q1/bin/../lib/gcc/arm-none-eabi/4.9.3/armv7e-m/softfp/crtn.o
 .data          0x0000000000000000        0x0 /usr/local/gcc-arm-none-eabi-4_9-2015q1/bin/../lib/gcc/arm-none-eabi/4.9.3/armv7e-m/softfp/crtn.o
 .bss           0x0000000000000000        0x0 /usr/local/gcc-arm-none-eabi-4_9-2015q1/bin/../lib/gcc/arm-none-eabi/4.9.3/armv7e-m/softfp/crtn.o

Memory Configuration

Name             Origin             Length             Attributes
FLASH            0x0000000008000000 0x0000000000080000 xr
RAM              0x0000000020000000 0x0000000000018000 xrw
*default*        0x0000000000000000 0xffffffffffffffff

Linker script and memory map

LOAD /usr/local/gcc-arm-none-eabi-4_9-2015q1/bin/../lib/gcc/arm-none-eabi/4.9.3/armv7e-m/softfp/crti.o
LOAD /usr/local/gcc-arm-none-eabi-4_9-2015q1/bin/../lib/gcc/arm-none-eabi/4.9.3/armv7e-m/softfp/crtbegin.o
LOAD /usr/local/gcc-arm-none-eabi-4_9-2015q1/bin/../lib/gcc/arm-none-eabi/4.9.3/../../../../arm-none-eabi/lib/armv7e-m/softfp/crt0.o
LOAD /usr/local/gcc-arm-none-eabi-4_9-2015q1/bin/../lib/gcc/arm-none-eabi/4.9.3/../../../../arm-none-eabi/lib/armv7e-m/softfp/libm.a
LOAD /usr/local/gcc-arm-none-eabi-4_9-2015q1/bin/../lib/gcc/arm-none-eabi/4.9.3/../../../../arm-none-eabi/lib/armv7e-m/softfp/libc.a
LOAD /usr/local/gcc-arm-none-eabi-4_9-2015q1/bin/../lib/gcc/arm-none-eabi/4.9.3/armv7e-m/softfp/libgcc.a
LOAD /usr/local/gcc-arm-none-eabi-4_9-2015q1/bin/../lib/gcc/arm-none-eabi/4.9.3/../../../../arm-none-eabi/lib/armv7e-m/softfp/libnosys.a
LOAD /usr/local/gcc-arm-none-eabi-4_9-2015q1/bin/../lib/gcc/arm-none-eabi/4.9.3/../../../../arm-none-eabi/lib/armv7e-m/softfp/libstdc++.a
LOAD /usr/local/gcc-arm-none-eabi-4_9-2015q1/bin/../lib/gcc/arm-none-eabi/4.9.3/../../../../arm-none-eabi/lib/armv7e-m/softfp/libsupc++.a
LOAD src/main.o
LOAD src/system_stm32f4xx.o
LOAD src/uart.o
LOAD src/stm32f4xx_it.o
LOAD startup/startup_stm32f401xe.o
START GROUP
LOAD /usr/local/gcc-arm-none-eabi-4_9-2015q1/bin/../lib/gcc/arm-none-eabi/4.9.3/armv7e-m/softfp/libgcc.a
LOAD /usr/local/gcc-arm-none-eabi-4_9-2015q1/bin/../lib/gcc/arm-none-eabi/4.9.3/../../../../arm-none-eabi/lib/armv7e-m/softfp/libc.a
END GROUP
LOAD /usr/local/gcc-arm-none-eabi-4_9-2015q1/bin/../lib/gcc/arm-none-eabi/4.9.3/armv7e-m/softfp/crtend.o
LOAD /usr/local/gcc-arm-none-eabi-4_9-2015q1/bin/../lib/gcc/arm-none-eabi/4.9.3/armv7e-m/softfp/crtn.o
                0x0000000020018000                _estack = 0x20018000
                0x0000000000000200                _Min_Heap_Size = 0x200
                0x0000000000000400                _Min_Stack_Size = 0x400

.isr_vector     0x0000000008000000      0x194
                0x0000000008000000                . = ALIGN (0x4)
 *(.isr_vector)
 .isr_vector    0x0000000008000000      0x194 startup/startup_stm32f401xe.o
                0x0000000008000000                g_pfnVectors
                0x0000000008000194                . = ALIGN (0x4)

.text           0x0000000008000194      0xb68
                0x0000000008000194                . = ALIGN (0x4)
 *(.text)
 .text          0x0000000008000194       0x5c /usr/local/gcc-arm-none-eabi-4_9-2015q1/bin/../lib/gcc/arm-none-eabi/4.9.3/armv7e-m/softfp/crtbegin.o
 .text          0x00000000080001f0      0x124 src/main.o
                0x00000000080001f0                main
                0x0000000008000258                set_clk
 .text          0x0000000008000314      0x164 src/system_stm32f4xx.o
                0x0000000008000314                SystemInit
                0x0000000008000380                SystemCoreClockUpdate
 .text          0x0000000008000478      0x67c src/uart.o
                0x0000000008000544                set_USART2
                0x0000000008000754                UART_Transmit
                0x000000000800079c                UART_Receive
                0x00000000080007fc                UART_Transmit_IT
                0x0000000008000840                UART_Receive_IT
                0x000000000800088c                USART2_IRQHandler
                0x0000000008000988                UART_Transmit_DMA
                0x00000000080009fc                UART_Receive_DMA
                0x0000000008000a74                DMA1_Stream5_IRQHandler
                0x0000000008000ab8                DMA1_Stream6_IRQHandler
 .text          0x0000000008000af4       0x5c src/stm32f4xx_it.o
                0x0000000008000af4                NMI_Handler
                0x0000000008000b00                HardFault_Handler
                0x0000000008000b08                MemManage_Handler
                0x0000000008000b10                BusFault_Handler
                0x0000000008000b18                UsageFault_Handler
                0x0000000008000b20                SVC_Handler
                0x0000000008000b2c                DebugMon_Handler
                0x0000000008000b38                PendSV_Handler
                0x0000000008000b44                SysTick_Handler
 *(.text*)
 .text.__libc_init_array
                0x0000000008000b50       0x50 /usr/local/gcc-arm-none-eabi-4_9-2015q1/bin/../lib/gcc/arm-none-eabi/4.9.3/../../../../arm-none-eabi/lib/armv7e-m/softfp/libc.a(lib_a-init.o)
                0x0000000008000b50                __libc_init_array
 .text.startup.register_fini
                0x0000000008000ba0       0x14 /usr/local/gcc-arm-none-eabi-4_9-2015q1/bin/../lib/gcc/arm-none-eabi/4.9.3/../../../../arm-none-eabi/lib/armv7e-m/softfp/libc.a(lib_a-__call_atexit.o)
 .text.atexit   0x0000000008000bb4        0xc /usr/local/gcc-arm-none-eabi-4_9-2015q1/bin/../lib/gcc/arm-none-eabi/4.9.3/../../../../arm-none-eabi/lib/armv7e-m/softfp/libc.a(lib_a-atexit.o)
                0x0000000008000bb4                atexit
 .text.__libc_fini_array
                0x0000000008000bc0       0x2c /usr/local/gcc-arm-none-eabi-4_9-2015q1/bin/../lib/gcc/arm-none-eabi/4.9.3/../../../../arm-none-eabi/lib/armv7e-m/softfp/libc.a(lib_a-fini.o)
                0x0000000008000bc0                __libc_fini_array
 .text.__register_exitproc
                0x0000000008000bec       0xa4 /usr/local/gcc-arm-none-eabi-4_9-2015q1/bin/../lib/gcc/arm-none-eabi/4.9.3/../../../../arm-none-eabi/lib/armv7e-m/softfp/libc.a(lib_a-__atexit.o)
                0x0000000008000bec                __register_exitproc
 .text.Reset_Handler
                0x0000000008000c90       0x50 startup/startup_stm32f401xe.o
                0x0000000008000c90                Reset_Handler
 .text.Default_Handler
                0x0000000008000ce0        0x2 startup/startup_stm32f401xe.o
                0x0000000008000ce0                DMA1_Stream3_IRQHandler
                0x0000000008000ce0                EXTI2_IRQHandler
                0x0000000008000ce0                SPI4_IRQHandler
                0x0000000008000ce0                TIM1_CC_IRQHandler
                0x0000000008000ce0                DMA2_Stream5_IRQHandler
                0x0000000008000ce0                PVD_IRQHandler
                0x0000000008000ce0                SDIO_IRQHandler
                0x0000000008000ce0                TAMP_STAMP_IRQHandler
                0x0000000008000ce0                EXTI3_IRQHandler
                0x0000000008000ce0                TIM1_UP_TIM10_IRQHandler
                0x0000000008000ce0                I2C3_ER_IRQHandler
                0x0000000008000ce0                EXTI0_IRQHandler
                0x0000000008000ce0                I2C2_EV_IRQHandler
                0x0000000008000ce0                DMA1_Stream2_IRQHandler
                0x0000000008000ce0                FPU_IRQHandler
                0x0000000008000ce0                DMA2_Stream2_IRQHandler
                0x0000000008000ce0                SPI1_IRQHandler
                0x0000000008000ce0                TIM1_BRK_TIM9_IRQHandler
                0x0000000008000ce0                DMA2_Stream3_IRQHandler
                0x0000000008000ce0                USART6_IRQHandler
                0x0000000008000ce0                DMA2_Stream0_IRQHandler
                0x0000000008000ce0                TIM4_IRQHandler
                0x0000000008000ce0                I2C1_EV_IRQHandler
                0x0000000008000ce0                DMA1_Stream1_IRQHandler
                0x0000000008000ce0                TIM3_IRQHandler
                0x0000000008000ce0                RCC_IRQHandler
                0x0000000008000ce0                Default_Handler
                0x0000000008000ce0                EXTI15_10_IRQHandler
                0x0000000008000ce0                ADC_IRQHandler
                0x0000000008000ce0                DMA1_Stream7_IRQHandler
                0x0000000008000ce0                TIM5_IRQHandler
                0x0000000008000ce0                DMA2_Stream7_IRQHandler
                0x0000000008000ce0                I2C3_EV_IRQHandler
                0x0000000008000ce0                EXTI9_5_IRQHandler
                0x0000000008000ce0                RTC_WKUP_IRQHandler
                0x0000000008000ce0                SPI2_IRQHandler
                0x0000000008000ce0                DMA1_Stream0_IRQHandler
                0x0000000008000ce0                EXTI4_IRQHandler
                0x0000000008000ce0                WWDG_IRQHandler
                0x0000000008000ce0                TIM2_IRQHandler
                0x0000000008000ce0                OTG_FS_WKUP_IRQHandler
                0x0000000008000ce0                TIM1_TRG_COM_TIM11_IRQHandler
                0x0000000008000ce0                EXTI1_IRQHandler
                0x0000000008000ce0                I2C2_ER_IRQHandler
                0x0000000008000ce0                DMA2_Stream1_IRQHandler
                0x0000000008000ce0                FLASH_IRQHandler
                0x0000000008000ce0                DMA2_Stream4_IRQHandler
                0x0000000008000ce0                USART1_IRQHandler
                0x0000000008000ce0                OTG_FS_IRQHandler
                0x0000000008000ce0                SPI3_IRQHandler
                0x0000000008000ce0                DMA1_Stream4_IRQHandler
                0x0000000008000ce0                I2C1_ER_IRQHandler
                0x0000000008000ce0                DMA2_Stream6_IRQHandler
                0x0000000008000ce0                RTC_Alarm_IRQHandler
 *(.glue_7)
 .glue_7        0x0000000000000000        0x0 linker stubs
 *(.glue_7t)
 .glue_7t       0x0000000000000000        0x0 linker stubs
 *(.eh_frame)
 *fill*         0x0000000008000ce2        0x2 
 .eh_frame      0x0000000008000ce4        0x0 /usr/local/gcc-arm-none-eabi-4_9-2015q1/bin/../lib/gcc/arm-none-eabi/4.9.3/armv7e-m/softfp/crtbegin.o
 *(.init)
 .init          0x0000000008000ce4        0x4 /usr/local/gcc-arm-none-eabi-4_9-2015q1/bin/../lib/gcc/arm-none-eabi/4.9.3/armv7e-m/softfp/crti.o
                0x0000000008000ce4                _init
 .init          0x0000000008000ce8        0x8 /usr/local/gcc-arm-none-eabi-4_9-2015q1/bin/../lib/gcc/arm-none-eabi/4.9.3/armv7e-m/softfp/crtn.o
 *(.fini)
 .fini          0x0000000008000cf0        0x4 /usr/local/gcc-arm-none-eabi-4_9-2015q1/bin/../lib/gcc/arm-none-eabi/4.9.3/armv7e-m/softfp/crti.o
                0x0000000008000cf0                _fini
 .fini          0x0000000008000cf4        0x8 /usr/local/gcc-arm-none-eabi-4_9-2015q1/bin/../lib/gcc/arm-none-eabi/4.9.3/armv7e-m/softfp/crtn.o
                0x0000000008000cfc                . = ALIGN (0x4)
                0x0000000008000cfc                _etext = .

.vfp11_veneer   0x0000000008000cfc        0x0
 .vfp11_veneer  0x0000000000000000        0x0 linker stubs

.v4_bx          0x0000000008000cfc        0x0
 .v4_bx         0x0000000000000000        0x0 linker stubs

.iplt           0x0000000008000cfc        0x0
 .iplt          0x0000000000000000        0x0 /usr/local/gcc-arm-none-eabi-4_9-2015q1/bin/../lib/gcc/arm-none-eabi/4.9.3/armv7e-m/softfp/crtbegin.o

.rodata         0x0000000008000cfc        0x8
                0x0000000008000cfc                . = ALIGN (0x4)
 *(.rodata)
 *(.rodata*)
 .rodata.str1.4
                0x0000000008000cfc        0x4 /usr/local/gcc-arm-none-eabi-4_9-2015q1/bin/../lib/gcc/arm-none-eabi/4.9.3/../../../../arm-none-eabi/lib/armv7e-m/softfp/libc.a(lib_a-impure.o)
 .rodata._global_impure_ptr
                0x0000000008000d00        0x4 /usr/local/gcc-arm-none-eabi-4_9-2015q1/bin/../lib/gcc/arm-none-eabi/4.9.3/../../../../arm-none-eabi/lib/armv7e-m/softfp/libc.a(lib_a-impure.o)
                0x0000000008000d00                _global_impure_ptr
                0x0000000008000d04                . = ALIGN (0x4)

.rel.dyn        0x0000000008000d04        0x0
 .rel.iplt      0x0000000000000000        0x0 /usr/local/gcc-arm-none-eabi-4_9-2015q1/bin/../lib/gcc/arm-none-eabi/4.9.3/armv7e-m/softfp/crtbegin.o

.ARM.extab
 *(.ARM.extab* .gnu.linkonce.armextab.*)

.ARM            0x0000000008000d04        0x0
                0x0000000008000d04                __exidx_start = .
 *(.ARM.exidx*)
                0x0000000008000d04                __exidx_end = .

.preinit_array  0x0000000008000d04        0x0
                0x0000000008000d04                PROVIDE (__preinit_array_start, .)
 *(.preinit_array*)
                0x0000000008000d04                PROVIDE (__preinit_array_end, .)

.init_array     0x0000000008000d04        0x8
                0x0000000008000d04                PROVIDE (__init_array_start, .)
 *(SORT(.init_array.*))
 .init_array.00000
                0x0000000008000d04        0x4 /usr/local/gcc-arm-none-eabi-4_9-2015q1/bin/../lib/gcc/arm-none-eabi/4.9.3/../../../../arm-none-eabi/lib/armv7e-m/softfp/libc.a(lib_a-__call_atexit.o)
 *(.init_array*)
 .init_array    0x0000000008000d08        0x4 /usr/local/gcc-arm-none-eabi-4_9-2015q1/bin/../lib/gcc/arm-none-eabi/4.9.3/armv7e-m/softfp/crtbegin.o
                0x0000000008000d0c                PROVIDE (__init_array_end, .)

.fini_array     0x0000000008000d0c        0x4
                0x0000000008000d0c                PROVIDE (__fini_array_start, .)
 *(SORT(.fini_array.*))
 *(.fini_array*)
 .fini_array    0x0000000008000d0c        0x4 /usr/local/gcc-arm-none-eabi-4_9-2015q1/bin/../lib/gcc/arm-none-eabi/4.9.3/armv7e-m/softfp/crtbegin.o
                0x0000000008000d10                PROVIDE (__fini_array_end, .)
                0x0000000008000d10                _sidata = LOADADDR (.data)

.data           0x0000000020000000      0x440 load address 0x0000000008000d10
                0x0000000020000000                . = ALIGN (0x4)
                0x0000000020000000                _sdata = .
 *(.data)
 .data          0x0000000020000000       0x14 src/system_stm32f4xx.o
                0x0000000020000000                SystemCoreClock
                0x0000000020000004                AHBPrescTable
 *(.data*)
 *fill*         0x0000000020000014        0x4 
 .data.impure_data
                0x0000000020000018      0x428 /usr/local/gcc-arm-none-eabi-4_9-2015q1/bin/../lib/gcc/arm-none-eabi/4.9.3/../../../../arm-none-eabi/lib/armv7e-m/softfp/libc.a(lib_a-impure.o)
                0x0000000020000440                . = ALIGN (0x4)
                0x0000000020000440                _edata = .

.jcr            0x0000000020000440        0x0 load address 0x0000000008001150
 .jcr           0x0000000020000440        0x0 /usr/local/gcc-arm-none-eabi-4_9-2015q1/bin/../lib/gcc/arm-none-eabi/4.9.3/armv7e-m/softfp/crtbegin.o

.igot.plt       0x0000000020000440        0x0 load address 0x0000000008001150
 .igot.plt      0x0000000000000000        0x0 /usr/local/gcc-arm-none-eabi-4_9-2015q1/bin/../lib/gcc/arm-none-eabi/4.9.3/armv7e-m/softfp/crtbegin.o
                0x0000000020000440                . = ALIGN (0x4)

.bss            0x0000000020000440       0x3c load address 0x0000000008001150
                0x0000000020000440                _sbss = .
                0x0000000020000440                __bss_start__ = _sbss
 *(.bss)
 .bss           0x0000000020000440       0x1c /usr/local/gcc-arm-none-eabi-4_9-2015q1/bin/../lib/gcc/arm-none-eabi/4.9.3/armv7e-m/softfp/crtbegin.o
 *(.bss*)
 *(COMMON)
 COMMON         0x000000002000045c       0x20 src/main.o
                0x000000002000045c                uart_Device
                0x000000002000047c                . = ALIGN (0x4)
                0x000000002000047c                _ebss = .
                0x000000002000047c                __bss_end__ = _ebss

._user_heap_stack
                0x000000002000047c      0x600 load address 0x0000000008001150
                0x000000002000047c                . = ALIGN (0x4)
                0x000000002000047c                PROVIDE (end, .)
                0x000000002000047c                PROVIDE (_end, .)
                0x000000002000067c                . = (. + _Min_Heap_Size)
 *fill*         0x000000002000047c      0x200 
                0x0000000020000a7c                . = (. + _Min_Stack_Size)
 *fill*         0x000000002000067c      0x400 
                0x0000000020000a7c                . = ALIGN (0x4)

/DISCARD/
 libc.a(*)
 libm.a(*)
 libgcc.a(*)

.ARM.attributes
                0x0000000000000000       0x2e
 *(.ARM.attributes)
 .ARM.attributes
                0x0000000000000000       0x22 /usr/local/gcc-arm-none-eabi-4_9-2015q1/bin/../lib/gcc/arm-none-eabi/4.9.3/armv7e-m/softfp/crti.o
 .ARM.attributes
                0x0000000000000022       0x32 /usr/local/gcc-arm-none-eabi-4_9-2015q1/bin/../lib/gcc/arm-none-eabi/4.9.3/armv7e-m/softfp/crtbegin.o
 .ARM.attributes
                0x0000000000000054       0x32 /usr/local/gcc-arm-none-eabi-4_9-2015q1/bin/../lib/gcc/arm-none-eabi/4.9.3/../../../../arm-none-eabi/lib/armv7e-m/softfp/libc.a(lib_a-impure.o)
 .ARM.attributes
                0x0000000000000086       0x32 /usr/local/gcc-arm-none-eabi-4_9-2015q1/bin/../lib/gcc/arm-none-eabi/4.9.3/../../../../arm-none-eabi/lib/armv7e-m/softfp/libc.a(lib_a-init.o)
 .ARM.attributes
                0x00000000000000b8       0x32 /usr/local/gcc-arm-none-eabi-4_9-2015q1/bin/../lib/gcc/arm-none-eabi/4.9.3/../../../../arm-none-eabi/lib/armv7e-m/softfp/libc.a(lib_a-__call_atexit.o)
 .ARM.attributes
                0x00000000000000ea       0x32 /usr/local/gcc-arm-none-eabi-4_9-2015q1/bin/../lib/gcc/arm-none-eabi/4.9.3/../../../../arm-none-eabi/lib/armv7e-m/softfp/libc.a(lib_a-atexit.o)
 .ARM.attributes
                0x000000000000011c       0x32 /usr/local/gcc-arm-none-eabi-4_9-2015q1/bin/../lib/gcc/arm-none-eabi/4.9.3/../../../../arm-none-eabi/lib/armv7e-m/softfp/libc.a(lib_a-fini.o)
 .ARM.attributes
                0x000000000000014e       0x32 /usr/local/gcc-arm-none-eabi-4_9-2015q1/bin/../lib/gcc/arm-none-eabi/4.9.3/../../../../arm-none-eabi/lib/armv7e-m/softfp/libc.a(lib_a-__atexit.o)
 .ARM.attributes
                0x0000000000000180       0x37 src/main.o
 .ARM.attributes
                0x00000000000001b7       0x37 src/system_stm32f4xx.o
 .ARM.attributes
                0x00000000000001ee       0x37 src/uart.o
 .ARM.attributes
                0x0000000000000225       0x37 src/stm32f4xx_it.o
 .ARM.attributes
                0x000000000000025c       0x21 startup/startup_stm32f401xe.o
 .ARM.attributes
                0x000000000000027d       0x22 /usr/local/gcc-arm-none-eabi-4_9-2015q1/bin/../lib/gcc/arm-none-eabi/4.9.3/armv7e-m/softfp/crtn.o
OUTPUT(base.elf elf32-littlearm)

.debug_frame    0x0000000000000000      0x4b8
 .debug_frame   0x0000000000000000       0x2c /usr/local/gcc-arm-none-eabi-4_9-2015q1/bin/../lib/gcc/arm-none-eabi/4.9.3/../../../../arm-none-eabi/lib/armv7e-m/softfp/libc.a(lib_a-init.o)
 .debug_frame   0x000000000000002c       0x50 /usr/local/gcc-arm-none-eabi-4_9-2015q1/bin/../lib/gcc/arm-none-eabi/4.9.3/../../../../arm-none-eabi/lib/armv7e-m/softfp/libc.a(lib_a-__call_atexit.o)
 .debug_frame   0x000000000000007c       0x20 /usr/local/gcc-arm-none-eabi-4_9-2015q1/bin/../lib/gcc/arm-none-eabi/4.9.3/../../../../arm-none-eabi/lib/armv7e-m/softfp/libc.a(lib_a-atexit.o)
 .debug_frame   0x000000000000009c       0x34 /usr/local/gcc-arm-none-eabi-4_9-2015q1/bin/../lib/gcc/arm-none-eabi/4.9.3/../../../../arm-none-eabi/lib/armv7e-m/softfp/libc.a(lib_a-fini.o)
 .debug_frame   0x00000000000000d0       0x34 /usr/local/gcc-arm-none-eabi-4_9-2015q1/bin/../lib/gcc/arm-none-eabi/4.9.3/../../../../arm-none-eabi/lib/armv7e-m/softfp/libc.a(lib_a-__atexit.o)
 .debug_frame   0x0000000000000104       0x54 src/main.o
 .debug_frame   0x0000000000000158       0x58 src/system_stm32f4xx.o
 .debug_frame   0x00000000000001b0      0x1f8 src/uart.o
 .debug_frame   0x00000000000003a8      0x110 src/stm32f4xx_it.o

.debug_info     0x0000000000000000     0x1684
 .debug_info    0x0000000000000000      0x4fa src/main.o
 .debug_info    0x00000000000004fa      0x49e src/system_stm32f4xx.o
 .debug_info    0x0000000000000998      0xbbe src/uart.o
 .debug_info    0x0000000000001556       0xbf src/stm32f4xx_it.o
 .debug_info    0x0000000000001615       0x6f startup/startup_stm32f401xe.o

.debug_abbrev   0x0000000000000000      0x492
 .debug_abbrev  0x0000000000000000      0x123 src/main.o
 .debug_abbrev  0x0000000000000123      0x101 src/system_stm32f4xx.o
 .debug_abbrev  0x0000000000000224      0x230 src/uart.o
 .debug_abbrev  0x0000000000000454       0x2c src/stm32f4xx_it.o
 .debug_abbrev  0x0000000000000480       0x12 startup/startup_stm32f401xe.o

.debug_aranges  0x0000000000000000       0xa8
 .debug_aranges
                0x0000000000000000       0x20 src/main.o
 .debug_aranges
                0x0000000000000020       0x20 src/system_stm32f4xx.o
 .debug_aranges
                0x0000000000000040       0x20 src/uart.o
 .debug_aranges
                0x0000000000000060       0x20 src/stm32f4xx_it.o
 .debug_aranges
                0x0000000000000080       0x28 startup/startup_stm32f401xe.o

.debug_line     0x0000000000000000      0x70f
 .debug_line    0x0000000000000000      0x1e7 src/main.o
 .debug_line    0x00000000000001e7      0x1a2 src/system_stm32f4xx.o
 .debug_line    0x0000000000000389      0x29e src/uart.o
 .debug_line    0x0000000000000627       0x6c src/stm32f4xx_it.o
 .debug_line    0x0000000000000693       0x7c startup/startup_stm32f401xe.o

.debug_str      0x0000000000000000      0x9d4
 .debug_str     0x0000000000000000      0x31f src/main.o
                                        0x37f (size before relaxing)
 .debug_str     0x000000000000031f       0xc5 src/system_stm32f4xx.o
                                        0x358 (size before relaxing)
 .debug_str     0x00000000000003e4      0x54d src/uart.o
                                        0x8df (size before relaxing)
 .debug_str     0x0000000000000931       0xa3 src/stm32f4xx_it.o
                                        0x168 (size before relaxing)

.comment        0x0000000000000000       0x70
 .comment       0x0000000000000000       0x70 src/main.o
                                         0x71 (size before relaxing)
 .comment       0x0000000000000000       0x71 src/system_stm32f4xx.o
 .comment       0x0000000000000000       0x71 src/uart.o
 .comment       0x0000000000000000       0x71 src/stm32f4xx_it.o

.debug_ranges   0x0000000000000000       0x20
 .debug_ranges  0x0000000000000000       0x20 startup/startup_stm32f401xe.o

Cross Reference Table

Symbol                                            File
ADC_IRQHandler                                    startup/startup_stm32f401xe.o
AHBPrescTable                                     src/system_stm32f4xx.o
BusFault_Handler                                  src/stm32f4xx_it.o
DMA1_Stream0_IRQHandler                           startup/startup_stm32f401xe.o
DMA1_Stream1_IRQHandler                           startup/startup_stm32f401xe.o
DMA1_Stream2_IRQHandler                           startup/startup_stm32f401xe.o
DMA1_Stream3_IRQHandler                           startup/startup_stm32f401xe.o
DMA1_Stream4_IRQHandler                           startup/startup_stm32f401xe.o
DMA1_Stream5_IRQHandler                           src/uart.o
DMA1_Stream6_IRQHandler                           src/uart.o
DMA1_Stream7_IRQHandler                           startup/startup_stm32f401xe.o
DMA2_Stream0_IRQHandler                           startup/startup_stm32f401xe.o
DMA2_Stream1_IRQHandler                           startup/startup_stm32f401xe.o
DMA2_Stream2_IRQHandler                           startup/startup_stm32f401xe.o
DMA2_Stream3_IRQHandler                           startup/startup_stm32f401xe.o
DMA2_Stream4_IRQHandler                           startup/startup_stm32f401xe.o
DMA2_Stream5_IRQHandler                           startup/startup_stm32f401xe.o
DMA2_Stream6_IRQHandler                           startup/startup_stm32f401xe.o
DMA2_Stream7_IRQHandler                           startup/startup_stm32f401xe.o
DebugMon_Handler                                  src/stm32f4xx_it.o
Default_Handler                                   startup/startup_stm32f401xe.o
EXTI0_IRQHandler                                  startup/startup_stm32f401xe.o
EXTI15_10_IRQHandler                              startup/startup_stm32f401xe.o
EXTI1_IRQHandler                                  startup/startup_stm32f401xe.o
EXTI2_IRQHandler                                  startup/startup_stm32f401xe.o
EXTI3_IRQHandler                                  startup/startup_stm32f401xe.o
EXTI4_IRQHandler                                  startup/startup_stm32f401xe.o
EXTI9_5_IRQHandler                                startup/startup_stm32f401xe.o
FLASH_IRQHandler                                  startup/startup_stm32f401xe.o
FPU_IRQHandler                                    startup/startup_stm32f401xe.o
HardFault_Handler                                 src/stm32f4xx_it.o
I2C1_ER_IRQHandler                                startup/startup_stm32f401xe.o
I2C1_EV_IRQHandler                                startup/startup_stm32f401xe.o
I2C2_ER_IRQHandler                                startup/startup_stm32f401xe.o
I2C2_EV_IRQHandler                                startup/startup_stm32f401xe.o
I2C3_ER_IRQHandler                                startup/startup_stm32f401xe.o
I2C3_EV_IRQHandler                                startup/startup_stm32f401xe.o
MemManage_Handler                                 src/stm32f4xx_it.o
NMI_Handler                                       src/stm32f4xx_it.o
OTG_FS_IRQHandler                                 startup/startup_stm32f401xe.o
OTG_FS_WKUP_IRQHandler                            startup/startup_stm32f401xe.o
PVD_IRQHandler                                    startup/startup_stm32f401xe.o
PendSV_Handler                                    src/stm32f4xx_it.o
RCC_IRQHandler                                    startup/startup_stm32f401xe.o
RTC_Alarm_IRQHandler                              startup/startup_stm32f401xe.o
RTC_WKUP_IRQHandler                               startup/startup_stm32f401xe.o
Reset_Handler                                     startup/startup_stm32f401xe.o
SDIO_IRQHandler                                   startup/startup_stm32f401xe.o
SPI1_IRQHandler                                   startup/startup_stm32f401xe.o
SPI2_IRQHandler                                   startup/startup_stm32f401xe.o
SPI3_IRQHandler                                   startup/startup_stm32f401xe.o
SPI4_IRQHandler                                   startup/startup_stm32f401xe.o
SVC_Handler                                       src/stm32f4xx_it.o
SysTick_Handler                                   src/stm32f4xx_it.o
SystemCoreClock                                   src/system_stm32f4xx.o
SystemCoreClockUpdate                             src/system_stm32f4xx.o
                                                  src/main.o
SystemInit                                        src/system_stm32f4xx.o
                                                  startup/startup_stm32f401xe.o
TAMP_STAMP_IRQHandler                             startup/startup_stm32f401xe.o
TIM1_BRK_TIM9_IRQHandler                          startup/startup_stm32f401xe.o
TIM1_CC_IRQHandler                                startup/startup_stm32f401xe.o
TIM1_TRG_COM_TIM11_IRQHandler                     startup/startup_stm32f401xe.o
TIM1_UP_TIM10_IRQHandler                          startup/startup_stm32f401xe.o
TIM2_IRQHandler                                   startup/startup_stm32f401xe.o
TIM3_IRQHandler                                   startup/startup_stm32f401xe.o
TIM4_IRQHandler                                   startup/startup_stm32f401xe.o
TIM5_IRQHandler                                   startup/startup_stm32f401xe.o
UART_Receive                                      src/uart.o
UART_Receive_DMA                                  src/uart.o
                                                  src/main.o
UART_Receive_IT                                   src/uart.o
UART_Transmit                                     src/uart.o
UART_Transmit_DMA                                 src/uart.o
                                                  src/main.o
UART_Transmit_IT                                  src/uart.o
USART1_IRQHandler                                 startup/startup_stm32f401xe.o
USART2_IRQHandler                                 src/uart.o
USART6_IRQHandler                                 startup/startup_stm32f401xe.o
UsageFault_Handler                                src/stm32f4xx_it.o
WWDG_IRQHandler                                   startup/startup_stm32f401xe.o
_Jv_RegisterClasses                               /usr/local/gcc-arm-none-eabi-4_9-2015q1/bin/../lib/gcc/arm-none-eabi/4.9.3/armv7e-m/softfp/crtbegin.o
__bss_end__                                       /usr/local/gcc-arm-none-eabi-4_9-2015q1/bin/../lib/gcc/arm-none-eabi/4.9.3/../../../../arm-none-eabi/lib/armv7e-m/softfp/crt0.o
__bss_start__                                     /usr/local/gcc-arm-none-eabi-4_9-2015q1/bin/../lib/gcc/arm-none-eabi/4.9.3/../../../../arm-none-eabi/lib/armv7e-m/softfp/crt0.o
__call_exitprocs                                  /usr/local/gcc-arm-none-eabi-4_9-2015q1/bin/../lib/gcc/arm-none-eabi/4.9.3/../../../../arm-none-eabi/lib/armv7e-m/softfp/libc.a(lib_a-__call_atexit.o)
                                                  /usr/local/gcc-arm-none-eabi-4_9-2015q1/bin/../lib/gcc/arm-none-eabi/4.9.3/../../../../arm-none-eabi/lib/armv7e-m/softfp/libc.a(lib_a-exit.o)
__deregister_frame_info                           /usr/local/gcc-arm-none-eabi-4_9-2015q1/bin/../lib/gcc/arm-none-eabi/4.9.3/armv7e-m/softfp/crtbegin.o
__dso_handle                                      /usr/local/gcc-arm-none-eabi-4_9-2015q1/bin/../lib/gcc/arm-none-eabi/4.9.3/armv7e-m/softfp/crtbegin.o
__fini_array_end                                  /usr/local/gcc-arm-none-eabi-4_9-2015q1/bin/../lib/gcc/arm-none-eabi/4.9.3/../../../../arm-none-eabi/lib/armv7e-m/softfp/libc.a(lib_a-fini.o)
__fini_array_start                                /usr/local/gcc-arm-none-eabi-4_9-2015q1/bin/../lib/gcc/arm-none-eabi/4.9.3/../../../../arm-none-eabi/lib/armv7e-m/softfp/libc.a(lib_a-fini.o)
__init_array_end                                  /usr/local/gcc-arm-none-eabi-4_9-2015q1/bin/../lib/gcc/arm-none-eabi/4.9.3/../../../../arm-none-eabi/lib/armv7e-m/softfp/libc.a(lib_a-init.o)
__init_array_start                                /usr/local/gcc-arm-none-eabi-4_9-2015q1/bin/../lib/gcc/arm-none-eabi/4.9.3/../../../../arm-none-eabi/lib/armv7e-m/softfp/libc.a(lib_a-init.o)
__libc_fini                                       /usr/local/gcc-arm-none-eabi-4_9-2015q1/bin/../lib/gcc/arm-none-eabi/4.9.3/../../../../arm-none-eabi/lib/armv7e-m/softfp/libc.a(lib_a-__call_atexit.o)
__libc_fini_array                                 /usr/local/gcc-arm-none-eabi-4_9-2015q1/bin/../lib/gcc/arm-none-eabi/4.9.3/../../../../arm-none-eabi/lib/armv7e-m/softfp/libc.a(lib_a-fini.o)
                                                  /usr/local/gcc-arm-none-eabi-4_9-2015q1/bin/../lib/gcc/arm-none-eabi/4.9.3/../../../../arm-none-eabi/lib/armv7e-m/softfp/libc.a(lib_a-__call_atexit.o)
                                                  /usr/local/gcc-arm-none-eabi-4_9-2015q1/bin/../lib/gcc/arm-none-eabi/4.9.3/../../../../arm-none-eabi/lib/armv7e-m/softfp/crt0.o
__libc_init_array                                 /usr/local/gcc-arm-none-eabi-4_9-2015q1/bin/../lib/gcc/arm-none-eabi/4.9.3/../../../../arm-none-eabi/lib/armv7e-m/softfp/libc.a(lib_a-init.o)
                                                  startup/startup_stm32f401xe.o
                                                  /usr/local/gcc-arm-none-eabi-4_9-2015q1/bin/../lib/gcc/arm-none-eabi/4.9.3/../../../../arm-none-eabi/lib/armv7e-m/softfp/crt0.o
__preinit_array_end                               /usr/local/gcc-arm-none-eabi-4_9-2015q1/bin/../lib/gcc/arm-none-eabi/4.9.3/../../../../arm-none-eabi/lib/armv7e-m/softfp/libc.a(lib_a-init.o)
__preinit_array_start                             /usr/local/gcc-arm-none-eabi-4_9-2015q1/bin/../lib/gcc/arm-none-eabi/4.9.3/../../../../arm-none-eabi/lib/armv7e-m/softfp/libc.a(lib_a-init.o)
__register_exitproc                               /usr/local/gcc-arm-none-eabi-4_9-2015q1/bin/../lib/gcc/arm-none-eabi/4.9.3/../../../../arm-none-eabi/lib/armv7e-m/softfp/libc.a(lib_a-__atexit.o)
                                                  /usr/local/gcc-arm-none-eabi-4_9-2015q1/bin/../lib/gcc/arm-none-eabi/4.9.3/../../../../arm-none-eabi/lib/armv7e-m/softfp/libc.a(lib_a-atexit.o)
__register_frame_info                             /usr/local/gcc-arm-none-eabi-4_9-2015q1/bin/../lib/gcc/arm-none-eabi/4.9.3/armv7e-m/softfp/crtbegin.o
__stack                                           /usr/local/gcc-arm-none-eabi-4_9-2015q1/bin/../lib/gcc/arm-none-eabi/4.9.3/../../../../arm-none-eabi/lib/armv7e-m/softfp/crt0.o
_ebss                                             startup/startup_stm32f401xe.o
_edata                                            startup/startup_stm32f401xe.o
_estack                                           startup/startup_stm32f401xe.o
_exit                                             /usr/local/gcc-arm-none-eabi-4_9-2015q1/bin/../lib/gcc/arm-none-eabi/4.9.3/../../../../arm-none-eabi/lib/armv7e-m/softfp/libnosys.a(_exit.o)
                                                  /usr/local/gcc-arm-none-eabi-4_9-2015q1/bin/../lib/gcc/arm-none-eabi/4.9.3/../../../../arm-none-eabi/lib/armv7e-m/softfp/libc.a(lib_a-exit.o)
_fini                                             /usr/local/gcc-arm-none-eabi-4_9-2015q1/bin/../lib/gcc/arm-none-eabi/4.9.3/armv7e-m/softfp/crti.o
                                                  /usr/local/gcc-arm-none-eabi-4_9-2015q1/bin/../lib/gcc/arm-none-eabi/4.9.3/../../../../arm-none-eabi/lib/armv7e-m/softfp/libc.a(lib_a-fini.o)
_global_impure_ptr                                /usr/local/gcc-arm-none-eabi-4_9-2015q1/bin/../lib/gcc/arm-none-eabi/4.9.3/../../../../arm-none-eabi/lib/armv7e-m/softfp/libc.a(lib_a-impure.o)
                                                  /usr/local/gcc-arm-none-eabi-4_9-2015q1/bin/../lib/gcc/arm-none-eabi/4.9.3/../../../../arm-none-eabi/lib/armv7e-m/softfp/libc.a(lib_a-__atexit.o)
                                                  /usr/local/gcc-arm-none-eabi-4_9-2015q1/bin/../lib/gcc/arm-none-eabi/4.9.3/../../../../arm-none-eabi/lib/armv7e-m/softfp/libc.a(lib_a-__call_atexit.o)
                                                  /usr/local/gcc-arm-none-eabi-4_9-2015q1/bin/../lib/gcc/arm-none-eabi/4.9.3/../../../../arm-none-eabi/lib/armv7e-m/softfp/libc.a(lib_a-exit.o)
_impure_ptr                                       /usr/local/gcc-arm-none-eabi-4_9-2015q1/bin/../lib/gcc/arm-none-eabi/4.9.3/../../../../arm-none-eabi/lib/armv7e-m/softfp/libc.a(lib_a-impure.o)
_init                                             /usr/local/gcc-arm-none-eabi-4_9-2015q1/bin/../lib/gcc/arm-none-eabi/4.9.3/armv7e-m/softfp/crti.o
                                                  /usr/local/gcc-arm-none-eabi-4_9-2015q1/bin/../lib/gcc/arm-none-eabi/4.9.3/../../../../arm-none-eabi/lib/armv7e-m/softfp/libc.a(lib_a-init.o)
_mainCRTStartup                                   /usr/local/gcc-arm-none-eabi-4_9-2015q1/bin/../lib/gcc/arm-none-eabi/4.9.3/../../../../arm-none-eabi/lib/armv7e-m/softfp/crt0.o
_sbss                                             startup/startup_stm32f401xe.o
_sdata                                            startup/startup_stm32f401xe.o
_sidata                                           startup/startup_stm32f401xe.o
_start                                            /usr/local/gcc-arm-none-eabi-4_9-2015q1/bin/../lib/gcc/arm-none-eabi/4.9.3/../../../../arm-none-eabi/lib/armv7e-m/softfp/crt0.o
atexit                                            /usr/local/gcc-arm-none-eabi-4_9-2015q1/bin/../lib/gcc/arm-none-eabi/4.9.3/../../../../arm-none-eabi/lib/armv7e-m/softfp/libc.a(lib_a-atexit.o)
                                                  /usr/local/gcc-arm-none-eabi-4_9-2015q1/bin/../lib/gcc/arm-none-eabi/4.9.3/../../../../arm-none-eabi/lib/armv7e-m/softfp/libc.a(lib_a-__call_atexit.o)
                                                  /usr/local/gcc-arm-none-eabi-4_9-2015q1/bin/../lib/gcc/arm-none-eabi/4.9.3/../../../../arm-none-eabi/lib/armv7e-m/softfp/crt0.o
exit                                              /usr/local/gcc-arm-none-eabi-4_9-2015q1/bin/../lib/gcc/arm-none-eabi/4.9.3/../../../../arm-none-eabi/lib/armv7e-m/softfp/libc.a(lib_a-exit.o)
                                                  /usr/local/gcc-arm-none-eabi-4_9-2015q1/bin/../lib/gcc/arm-none-eabi/4.9.3/../../../../arm-none-eabi/lib/armv7e-m/softfp/crt0.o
free                                              /usr/local/gcc-arm-none-eabi-4_9-2015q1/bin/../lib/gcc/arm-none-eabi/4.9.3/../../../../arm-none-eabi/lib/armv7e-m/softfp/libc.a(lib_a-__call_atexit.o)
g_pfnVectors                                      startup/startup_stm32f401xe.o
hardware_init_hook                                /usr/local/gcc-arm-none-eabi-4_9-2015q1/bin/../lib/gcc/arm-none-eabi/4.9.3/../../../../arm-none-eabi/lib/armv7e-m/softfp/crt0.o
main                                              src/main.o
                                                  startup/startup_stm32f401xe.o
                                                  /usr/local/gcc-arm-none-eabi-4_9-2015q1/bin/../lib/gcc/arm-none-eabi/4.9.3/../../../../arm-none-eabi/lib/armv7e-m/softfp/crt0.o
malloc                                            /usr/local/gcc-arm-none-eabi-4_9-2015q1/bin/../lib/gcc/arm-none-eabi/4.9.3/../../../../arm-none-eabi/lib/armv7e-m/softfp/libc.a(lib_a-__atexit.o)
memset                                            /usr/local/gcc-arm-none-eabi-4_9-2015q1/bin/../lib/gcc/arm-none-eabi/4.9.3/../../../../arm-none-eabi/lib/armv7e-m/softfp/libc.a(lib_a-memset.o)
                                                  /usr/local/gcc-arm-none-eabi-4_9-2015q1/bin/../lib/gcc/arm-none-eabi/4.9.3/../../../../arm-none-eabi/lib/armv7e-m/softfp/crt0.o
set_USART2                                        src/uart.o
                                                  src/main.o
set_clk                                           src/main.o
software_init_hook                                /usr/local/gcc-arm-none-eabi-4_9-2015q1/bin/../lib/gcc/arm-none-eabi/4.9.3/../../../../arm-none-eabi/lib/armv7e-m/softfp/crt0.o
uart_Device                                       src/uart.o
                                                  src/main.o
