Archive member included because of file (symbol)

/usr/local/gcc-arm-none-eabi-4_9-2015q1/bin/../lib/gcc/arm-none-eabi/4.9.3/../../../../arm-none-eabi/lib/armv7e-m/softfp/libc_nano.a(lib_a-exit.o)
                              /usr/local/gcc-arm-none-eabi-4_9-2015q1/bin/../lib/gcc/arm-none-eabi/4.9.3/../../../../arm-none-eabi/lib/armv7e-m/softfp/crt0.o (exit)
/usr/local/gcc-arm-none-eabi-4_9-2015q1/bin/../lib/gcc/arm-none-eabi/4.9.3/../../../../arm-none-eabi/lib/armv7e-m/softfp/libc_nano.a(lib_a-impure.o)
                              /usr/local/gcc-arm-none-eabi-4_9-2015q1/bin/../lib/gcc/arm-none-eabi/4.9.3/../../../../arm-none-eabi/lib/armv7e-m/softfp/libc_nano.a(lib_a-exit.o) (_global_impure_ptr)
/usr/local/gcc-arm-none-eabi-4_9-2015q1/bin/../lib/gcc/arm-none-eabi/4.9.3/../../../../arm-none-eabi/lib/armv7e-m/softfp/libc_nano.a(lib_a-init.o)
                              /usr/local/gcc-arm-none-eabi-4_9-2015q1/bin/../lib/gcc/arm-none-eabi/4.9.3/../../../../arm-none-eabi/lib/armv7e-m/softfp/crt0.o (__libc_init_array)
/usr/local/gcc-arm-none-eabi-4_9-2015q1/bin/../lib/gcc/arm-none-eabi/4.9.3/../../../../arm-none-eabi/lib/armv7e-m/softfp/libc_nano.a(lib_a-memset.o)
                              /usr/local/gcc-arm-none-eabi-4_9-2015q1/bin/../lib/gcc/arm-none-eabi/4.9.3/../../../../arm-none-eabi/lib/armv7e-m/softfp/crt0.o (memset)
/usr/local/gcc-arm-none-eabi-4_9-2015q1/bin/../lib/gcc/arm-none-eabi/4.9.3/../../../../arm-none-eabi/lib/armv7e-m/softfp/libnosys.a(_exit.o)
                              /usr/local/gcc-arm-none-eabi-4_9-2015q1/bin/../lib/gcc/arm-none-eabi/4.9.3/../../../../arm-none-eabi/lib/armv7e-m/softfp/libc_nano.a(lib_a-exit.o) (_exit)
/usr/local/gcc-arm-none-eabi-4_9-2015q1/bin/../lib/gcc/arm-none-eabi/4.9.3/../../../../arm-none-eabi/lib/armv7e-m/softfp/libc_nano.a(lib_a-fflush.o)
                              src/main.o (fflush)
/usr/local/gcc-arm-none-eabi-4_9-2015q1/bin/../lib/gcc/arm-none-eabi/4.9.3/../../../../arm-none-eabi/lib/armv7e-m/softfp/libc_nano.a(lib_a-findfp.o)
                              /usr/local/gcc-arm-none-eabi-4_9-2015q1/bin/../lib/gcc/arm-none-eabi/4.9.3/../../../../arm-none-eabi/lib/armv7e-m/softfp/libc_nano.a(lib_a-fflush.o) (__sinit)
/usr/local/gcc-arm-none-eabi-4_9-2015q1/bin/../lib/gcc/arm-none-eabi/4.9.3/../../../../arm-none-eabi/lib/armv7e-m/softfp/libc_nano.a(lib_a-fwalk.o)
                              /usr/local/gcc-arm-none-eabi-4_9-2015q1/bin/../lib/gcc/arm-none-eabi/4.9.3/../../../../arm-none-eabi/lib/armv7e-m/softfp/libc_nano.a(lib_a-findfp.o) (_fwalk)
/usr/local/gcc-arm-none-eabi-4_9-2015q1/bin/../lib/gcc/arm-none-eabi/4.9.3/../../../../arm-none-eabi/lib/armv7e-m/softfp/libc_nano.a(lib_a-memcpy.o)
                              ../FreeRTOSV8.2.0/FreeRTOS/Source/queue.o (memcpy)
/usr/local/gcc-arm-none-eabi-4_9-2015q1/bin/../lib/gcc/arm-none-eabi/4.9.3/../../../../arm-none-eabi/lib/armv7e-m/softfp/libc_nano.a(lib_a-nano-freer.o)
                              /usr/local/gcc-arm-none-eabi-4_9-2015q1/bin/../lib/gcc/arm-none-eabi/4.9.3/../../../../arm-none-eabi/lib/armv7e-m/softfp/libc_nano.a(lib_a-fflush.o) (_free_r)
/usr/local/gcc-arm-none-eabi-4_9-2015q1/bin/../lib/gcc/arm-none-eabi/4.9.3/../../../../arm-none-eabi/lib/armv7e-m/softfp/libc_nano.a(lib_a-nano-mallocr.o)
                              /usr/local/gcc-arm-none-eabi-4_9-2015q1/bin/../lib/gcc/arm-none-eabi/4.9.3/../../../../arm-none-eabi/lib/armv7e-m/softfp/libc_nano.a(lib_a-findfp.o) (_malloc_r)
/usr/local/gcc-arm-none-eabi-4_9-2015q1/bin/../lib/gcc/arm-none-eabi/4.9.3/../../../../arm-none-eabi/lib/armv7e-m/softfp/libc_nano.a(lib_a-printf.o)
                              src/mytasks.o (printf)
/usr/local/gcc-arm-none-eabi-4_9-2015q1/bin/../lib/gcc/arm-none-eabi/4.9.3/../../../../arm-none-eabi/lib/armv7e-m/softfp/libc_nano.a(lib_a-rand.o)
                              src/main.o (srand)
/usr/local/gcc-arm-none-eabi-4_9-2015q1/bin/../lib/gcc/arm-none-eabi/4.9.3/../../../../arm-none-eabi/lib/armv7e-m/softfp/libc_nano.a(lib_a-reent.o)
                              src/syscalls.o (errno)
/usr/local/gcc-arm-none-eabi-4_9-2015q1/bin/../lib/gcc/arm-none-eabi/4.9.3/../../../../arm-none-eabi/lib/armv7e-m/softfp/libc_nano.a(lib_a-sbrkr.o)
                              /usr/local/gcc-arm-none-eabi-4_9-2015q1/bin/../lib/gcc/arm-none-eabi/4.9.3/../../../../arm-none-eabi/lib/armv7e-m/softfp/libc_nano.a(lib_a-nano-mallocr.o) (_sbrk_r)
/usr/local/gcc-arm-none-eabi-4_9-2015q1/bin/../lib/gcc/arm-none-eabi/4.9.3/../../../../arm-none-eabi/lib/armv7e-m/softfp/libc_nano.a(lib_a-setvbuf.o)
                              src/main.o (setvbuf)
/usr/local/gcc-arm-none-eabi-4_9-2015q1/bin/../lib/gcc/arm-none-eabi/4.9.3/../../../../arm-none-eabi/lib/armv7e-m/softfp/libc_nano.a(lib_a-stdio.o)
                              /usr/local/gcc-arm-none-eabi-4_9-2015q1/bin/../lib/gcc/arm-none-eabi/4.9.3/../../../../arm-none-eabi/lib/armv7e-m/softfp/libc_nano.a(lib_a-findfp.o) (__sread)
[...]
Memory Configuration

Name             Origin             Length             Attributes
FLASH            0x0000000008000000 0x0000000000080000 xr
RAM              0x0000000020000000 0x0000000000018000 xrw
*default*        0x0000000000000000 0xffffffffffffffff

Linker script and memory map

LOAD /usr/local/gcc-arm-none-eabi-4_9-2015q1/bin/../lib/gcc/arm-none-eabi/4.9.3/armv7e-m/softfp/crti.o
LOAD /usr/local/gcc-arm-none-eabi-4_9-2015q1/bin/../lib/gcc/arm-none-eabi/4.9.3/armv7e-m/softfp/crtbegin.o
LOAD /usr/local/gcc-arm-none-eabi-4_9-2015q1/bin/../lib/gcc/arm-none-eabi/4.9.3/../../../../arm-none-eabi/lib/armv7e-m/softfp/crt0.o
LOAD /usr/local/gcc-arm-none-eabi-4_9-2015q1/bin/../lib/gcc/arm-none-eabi/4.9.3/../../../../arm-none-eabi/lib/armv7e-m/softfp/libm.a
LOAD /usr/local/gcc-arm-none-eabi-4_9-2015q1/bin/../lib/gcc/arm-none-eabi/4.9.3/../../../../arm-none-eabi/lib/armv7e-m/softfp/libc_nano.a
LOAD /usr/local/gcc-arm-none-eabi-4_9-2015q1/bin/../lib/gcc/arm-none-eabi/4.9.3/armv7e-m/softfp/libgcc.a
LOAD /usr/local/gcc-arm-none-eabi-4_9-2015q1/bin/../lib/gcc/arm-none-eabi/4.9.3/../../../../arm-none-eabi/lib/armv7e-m/softfp/libnosys.a
LOAD /usr/local/gcc-arm-none-eabi-4_9-2015q1/bin/../lib/gcc/arm-none-eabi/4.9.3/../../../../arm-none-eabi/lib/armv7e-m/softfp/libstdc++_nano.a
LOAD /usr/local/gcc-arm-none-eabi-4_9-2015q1/bin/../lib/gcc/arm-none-eabi/4.9.3/../../../../arm-none-eabi/lib/armv7e-m/softfp/libsupc++_nano.a
LOAD src/main.o
LOAD src/mytasks.o
LOAD src/uart.o
LOAD src/syscalls.o
LOAD src/exti.o
LOAD src/system_stm32f4xx.o
LOAD src/stm32f4xx_hal_msp.o
LOAD src/stm32f4xx_it.o
LOAD ../FreeRTOSV8.2.0/FreeRTOS/Source/queue.o
LOAD ../FreeRTOSV8.2.0/FreeRTOS/Source/tasks.o
LOAD ../FreeRTOSV8.2.0/FreeRTOS/Source/list.o
LOAD ../FreeRTOSV8.2.0/FreeRTOS/Source/timers.o
LOAD ../FreeRTOSV8.2.0/FreeRTOS/Source/portable/GCC/ARM_CM4F/port.o
LOAD ../FreeRTOSV8.2.0/FreeRTOS/Source/portable/MemMang/heap_1.o
LOAD startup/startup_stm32f401xe.o
LOAD ../STM32Cube_FW_F4_V1.4.0/Drivers/STM32F4xx_HAL_Driver/Src/stm32f4xx_hal.o
LOAD ../STM32Cube_FW_F4_V1.4.0/Drivers/STM32F4xx_HAL_Driver/Src/stm32f4xx_hal_cortex.o
LOAD ../STM32Cube_FW_F4_V1.4.0/Drivers/STM32F4xx_HAL_Driver/Src/stm32f4xx_hal_dma.o
LOAD ../STM32Cube_FW_F4_V1.4.0/Drivers/STM32F4xx_HAL_Driver/Src/stm32f4xx_hal_flash.o
LOAD ../STM32Cube_FW_F4_V1.4.0/Drivers/STM32F4xx_HAL_Driver/Src/stm32f4xx_hal_gpio.o
LOAD ../STM32Cube_FW_F4_V1.4.0/Drivers/STM32F4xx_HAL_Driver/Src/stm32f4xx_hal_pwr.o
LOAD ../STM32Cube_FW_F4_V1.4.0/Drivers/STM32F4xx_HAL_Driver/Src/stm32f4xx_hal_rcc.o
LOAD ../STM32Cube_FW_F4_V1.4.0/Drivers/STM32F4xx_HAL_Driver/Src/stm32f4xx_hal_uart.o
START GROUP
LOAD /usr/local/gcc-arm-none-eabi-4_9-2015q1/bin/../lib/gcc/arm-none-eabi/4.9.3/armv7e-m/softfp/libgcc.a
LOAD /usr/local/gcc-arm-none-eabi-4_9-2015q1/bin/../lib/gcc/arm-none-eabi/4.9.3/../../../../arm-none-eabi/lib/armv7e-m/softfp/libc_nano.a
END GROUP
START GROUP
LOAD /usr/local/gcc-arm-none-eabi-4_9-2015q1/bin/../lib/gcc/arm-none-eabi/4.9.3/armv7e-m/softfp/libgcc.a
LOAD /usr/local/gcc-arm-none-eabi-4_9-2015q1/bin/../lib/gcc/arm-none-eabi/4.9.3/../../../../arm-none-eabi/lib/armv7e-m/softfp/libc_nano.a
LOAD /usr/local/gcc-arm-none-eabi-4_9-2015q1/bin/../lib/gcc/arm-none-eabi/4.9.3/../../../../arm-none-eabi/lib/armv7e-m/softfp/libnosys.a
END GROUP
START GROUP
LOAD /usr/local/gcc-arm-none-eabi-4_9-2015q1/bin/../lib/gcc/arm-none-eabi/4.9.3/armv7e-m/softfp/libgcc.a
LOAD /usr/local/gcc-arm-none-eabi-4_9-2015q1/bin/../lib/gcc/arm-none-eabi/4.9.3/../../../../arm-none-eabi/lib/armv7e-m/softfp/libc_nano.a
LOAD /usr/local/gcc-arm-none-eabi-4_9-2015q1/bin/../lib/gcc/arm-none-eabi/4.9.3/../../../../arm-none-eabi/lib/armv7e-m/softfp/libnosys.a
END GROUP
LOAD /usr/local/gcc-arm-none-eabi-4_9-2015q1/bin/../lib/gcc/arm-none-eabi/4.9.3/armv7e-m/softfp/crtend.o
LOAD /usr/local/gcc-arm-none-eabi-4_9-2015q1/bin/../lib/gcc/arm-none-eabi/4.9.3/armv7e-m/softfp/crtn.o
                0x0000000020018000                _estack = 0x20018000
                0x0000000000001000                _Min_Heap_Size = 0x1000
                0x0000000000001000                PROVIDE (_Min_Stack_Size, 0x1000)

.isr_vector     0x0000000008000000      0x194
                0x0000000008000000                . = ALIGN (0x4)
 *(.isr_vector)
 .isr_vector    0x0000000008000000      0x194 startup/startup_stm32f401xe.o
                0x0000000008000000                g_pfnVectors
                0x0000000008000194                . = ALIGN (0x4)

.text           0x0000000008000194    0x10898
                0x0000000008000194                . = ALIGN (0x4)
 *(.text)
 .text          0x0000000008000194       0x5c /usr/local/gcc-arm-none-eabi-4_9-2015q1/bin/../lib/gcc/arm-none-eabi/4.9.3/armv7e-m/softfp/crtbegin.o
 .text          0x00000000080001f0      0x294 src/main.o
                0x000000000800028c                main
                0x000000000800038c                vApplicationTickHook
                0x0000000008000398                vApplicationMallocFailedHook
                0x00000000080003b4                vApplicationIdleHook
                0x00000000080003c0                vApplicationStackOverflowHook
 .text          0x0000000008000484       0x80 src/mytasks.o
                0x0000000008000484                vTask1
                0x00000000080004bc                vTask2
 .text          0x0000000008000504      0x238 src/uart.o
                0x0000000008000588                set_USART2
                0x00000000080006c0                HAL_UART_TxCpltCallback
                0x00000000080006d4                HAL_UART_RxCpltCallback
                0x00000000080006e8                HAL_UART_ErrorCallback
                0x00000000080006fc                DMA1_Stream5_IRQHandler
                0x0000000008000710                DMA1_Stream6_IRQHandler
                0x0000000008000724                USART2_IRQHandler
 .text          0x000000000800073c      0x2c4 src/syscalls.o
                0x0000000008000744                _sbrk
                0x00000000080007c4                _gettimeofday
                0x00000000080007f0                initialise_monitor_handles
                0x00000000080007fc                _getpid
                0x000000000800080c                _kill
                0x0000000008000830                _write
                0x0000000008000874                _close
                0x000000000800088c                _fstat
                0x00000000080008ac                _isatty
                0x00000000080008c4                _lseek
                0x00000000080008e0                _read
                0x00000000080008fc                _open
                0x0000000008000918                _wait
                0x000000000800093c                _unlink
                0x0000000008000960                _times
                0x0000000008000978                _stat
                0x0000000008000998                _link
                0x00000000080009bc                _fork
                0x00000000080009d8                _execve
 .text          0x0000000008000a00       0xc4 src/exti.o
                0x0000000008000a54                set_EXTI
                0x0000000008000aa4                EXTI15_10_IRQHandler
                0x0000000008000ab0                HAL_GPIO_EXTI_Callback
 .text          0x0000000008000ac4      0x164 src/system_stm32f4xx.o
                0x0000000008000ac4                SystemInit
                0x0000000008000b30                SystemCoreClockUpdate
 .text          0x0000000008000c28       0x50 src/stm32f4xx_it.o
                0x0000000008000c28                NMI_Handler
                0x0000000008000c34                HardFault_Handler
                0x0000000008000c3c                MemManage_Handler
                0x0000000008000c44                BusFault_Handler
                0x0000000008000c4c                UsageFault_Handler
                0x0000000008000c60                DebugMon_Handler
 .text          0x0000000008000c78      0xfe8 ../FreeRTOSV8.2.0/FreeRTOS/Source/queue.o
                0x0000000008000c78                xQueueGenericReset
                0x0000000008000d48                xQueueGenericCreate
                0x0000000008000e00                xQueueCreateMutex
                0x0000000008000ea0                xQueueGiveMutexRecursive
                0x0000000008000f08                xQueueTakeMutexRecursive
                0x0000000008000f78                xQueueCreateCountingSemaphore
                0x0000000008000ff4                xQueueGenericSend
                0x00000000080011e0                xQueueGenericSendFromISR
                0x00000000080012f8                xQueueGiveFromISR
                0x00000000080013cc                xQueueGenericReceive
                0x00000000080015d8                xQueueReceiveFromISR
                0x00000000080016c0                xQueuePeekFromISR
                0x000000000800178c                uxQueueMessagesWaiting
                0x00000000080017c8                uxQueueSpacesAvailable
                0x000000000800180c                uxQueueMessagesWaitingFromISR
                0x0000000008001844                vQueueDelete
                0x000000000800187c                uxQueueGetQueueNumber
                0x0000000008001894                vQueueSetQueueNumber
                0x00000000080018b0                ucQueueGetQueueType
                0x0000000008001ab8                xQueueIsQueueEmptyFromISR
                0x0000000008001b2c                xQueueIsQueueFullFromISR
                0x0000000008001b74                vQueueAddToRegistry
                0x0000000008001bc4                vQueueUnregisterQueue
                0x0000000008001c08                vQueueWaitForMessageRestricted
 .text          0x0000000008001c60     0x20cc ../FreeRTOSV8.2.0/FreeRTOS/Source/tasks.o
                0x0000000008001c60                xTaskGenericCreate
                0x0000000008001e04                vTaskDelete
                0x0000000008001f08                vTaskDelayUntil
                0x0000000008002024                vTaskDelay
                0x00000000080020c8                uxTaskPriorityGet
                0x00000000080020fc                uxTaskPriorityGetFromISR
                0x0000000008002154                vTaskPrioritySet
                0x00000000080022b0                vTaskSuspend
                0x0000000008002434                vTaskResume
                0x00000000080024f0                xTaskResumeFromISR
                0x00000000080025d4                vTaskStartScheduler
                0x0000000008002660                vTaskEndScheduler
                0x000000000800268c                vTaskSuspendAll
                0x00000000080026a8                xTaskResumeAll
                0x00000000080027d4                xTaskGetTickCount
                0x00000000080027f4                xTaskGetTickCountFromISR
                0x0000000008002818                uxTaskGetNumberOfTasks
                0x0000000008002830                pcTaskGetTaskName
                0x0000000008002878                uxTaskGetSystemState
                0x0000000008002970                xTaskIncrementTick
                0x0000000008002b00                vTaskSwitchContext
                0x0000000008002bb4                vTaskPlaceOnEventList
                0x0000000008002c50                vTaskPlaceOnUnorderedEventList
                0x0000000008002d18                vTaskPlaceOnEventListRestricted
                0x0000000008002d98                xTaskRemoveFromEventList
                0x0000000008002e60                xTaskRemoveFromUnorderedEventList
                0x0000000008002f30                vTaskSetTimeOutState
                0x0000000008002f74                xTaskCheckForTimeOut
                0x0000000008003030                vTaskMissedYield
                0x0000000008003048                uxTaskGetTaskNumber
                0x0000000008003074                vTaskSetTaskNumber
                0x00000000080034f0                xTaskGetCurrentTaskHandle
                0x0000000008003510                xTaskGetSchedulerState
                0x000000000800354c                vTaskPriorityInherit
                0x000000000800363c                xTaskPriorityDisinherit
                0x0000000008003724                uxTaskResetEventItemValue
                0x0000000008003754                pvTaskIncrementMutexHeldCount
                0x000000000800377c                ulTaskNotifyTake
                0x0000000008003864                xTaskNotifyWait
                0x0000000008003970                xTaskNotify
                0x0000000008003aa4                xTaskNotifyFromISR
                0x0000000008003c18                vTaskNotifyGiveFromISR
 .text          0x0000000008003d2c      0x164 ../FreeRTOSV8.2.0/FreeRTOS/Source/list.o
                0x0000000008003d2c                vListInitialise
                0x0000000008003d6c                vListInitialiseItem
                0x0000000008003d84                vListInsertEnd
                0x0000000008003dcc                vListInsert
                0x0000000008003e3c                uxListRemove
 .text          0x0000000008003e90      0x678 ../FreeRTOSV8.2.0/FreeRTOS/Source/timers.o
                0x0000000008003e90                xTimerCreateTimerTask
                0x0000000008003ef8                xTimerCreate
                0x0000000008003f70                xTimerGenericCommand
                0x0000000008003ffc                pcTimerGetTimerName
                0x00000000080044bc                xTimerIsTimerActive
                0x00000000080044ec                pvTimerGetTimerID
 .text          0x0000000008004508      0x3f0 ../FreeRTOSV8.2.0/FreeRTOS/Source/portable/GCC/ARM_CM4F/port.o
                0x0000000008004508                pxPortInitialiseStack
                0x00000000080045a8                SVC_Handler
                0x00000000080045e4                xPortStartScheduler
                0x00000000080046b4                vPortEndScheduler
                0x00000000080046e8                vPortEnterCritical
                0x0000000008004744                vPortExitCritical
                0x0000000008004790                PendSV_Handler
                0x00000000080047f0                SysTick_Handler
                0x0000000008004834                vPortSetupTimerInterrupt
                0x0000000008004878                vPortValidateInterruptPriority
 .text          0x00000000080048f8       0xf4 ../FreeRTOSV8.2.0/FreeRTOS/Source/portable/MemMang/heap_1.o
                0x00000000080048f8                pvPortMalloc
                0x000000000800498c                vPortFree
                0x00000000080049b8                vPortInitialiseBlocks
                0x00000000080049d0                xPortGetFreeHeapSize
 .text          0x00000000080049ec      0x2ec ../STM32Cube_FW_F4_V1.4.0/Drivers/STM32F4xx_HAL_Driver/Src/stm32f4xx_hal.o
                0x00000000080049ec                HAL_Init
                0x0000000008004a30                HAL_DeInit
                0x0000000008004a88                HAL_MspInit
                0x0000000008004a94                HAL_MspDeInit
                0x0000000008004aa0                HAL_InitTick
                0x0000000008004ad8                HAL_IncTick
                0x0000000008004af4                HAL_GetTick
                0x0000000008004b0c                HAL_Delay
                0x0000000008004b38                HAL_SuspendTick
                0x0000000008004b54                HAL_ResumeTick
                0x0000000008004b70                HAL_GetHalVersion
                0x0000000008004b84                HAL_GetREVID
                0x0000000008004b9c                HAL_GetDEVID
                0x0000000008004bb8                HAL_DBGMCU_EnableDBGSleepMode
                0x0000000008004bd4                HAL_DBGMCU_DisableDBGSleepMode
                0x0000000008004bf0                HAL_DBGMCU_EnableDBGStopMode
                0x0000000008004c0c                HAL_DBGMCU_DisableDBGStopMode
                0x0000000008004c28                HAL_DBGMCU_EnableDBGStandbyMode
                0x0000000008004c44                HAL_DBGMCU_DisableDBGStandbyMode
                0x0000000008004c60                HAL_EnableCompensationCell
                0x0000000008004c9c                HAL_DisableCompensationCell
 .text          0x0000000008004cd8      0x544 ../STM32Cube_FW_F4_V1.4.0/Drivers/STM32F4xx_HAL_Driver/Src/stm32f4xx_hal_cortex.o
                0x000000000800506c                HAL_NVIC_SetPriorityGrouping
                0x0000000008005080                HAL_NVIC_SetPriority
                0x00000000080050b8                HAL_NVIC_EnableIRQ
                0x00000000080050d4                HAL_NVIC_DisableIRQ
                0x00000000080050f0                HAL_NVIC_SystemReset
                0x00000000080050fc                HAL_SYSTICK_Config
                0x0000000008005114                HAL_NVIC_GetPriorityGrouping
                0x0000000008005124                HAL_NVIC_GetPriority
                0x0000000008005154                HAL_NVIC_SetPendingIRQ
                0x0000000008005170                HAL_NVIC_GetPendingIRQ
                0x0000000008005190                HAL_NVIC_ClearPendingIRQ
                0x00000000080051ac                HAL_NVIC_GetActive
                0x00000000080051cc                HAL_SYSTICK_CLKSourceConfig
                0x0000000008005204                HAL_SYSTICK_IRQHandler
                0x0000000008005210                HAL_SYSTICK_Callback
 .text          0x000000000800521c     0x7ee0 ../STM32Cube_FW_F4_V1.4.0/Drivers/STM32F4xx_HAL_Driver/Src/stm32f4xx_hal_dma.o
                0x000000000800521c                HAL_DMA_Init
                0x00000000080052f4                HAL_DMA_DeInit
                0x0000000008006788                HAL_DMA_Start
                0x00000000080067ec                HAL_DMA_Start_IT
                0x00000000080068a0                HAL_DMA_Abort
                0x000000000800691c                HAL_DMA_PollForTransfer
                0x0000000008009d30                HAL_DMA_IRQHandler
                0x000000000800d06c                HAL_DMA_GetState
                0x000000000800d088                HAL_DMA_GetError
 .text          0x000000000800d0fc      0x548 ../STM32Cube_FW_F4_V1.4.0/Drivers/STM32F4xx_HAL_Driver/Src/stm32f4xx_hal_gpio.o
                0x000000000800d0fc                HAL_GPIO_Init
                0x000000000800d3f0                HAL_GPIO_DeInit
                0x000000000800d52c                HAL_GPIO_ReadPin
                0x000000000800d55c                HAL_GPIO_WritePin
                0x000000000800d58c                HAL_GPIO_TogglePin
                0x000000000800d5b0                HAL_GPIO_LockPin
                0x000000000800d600                HAL_GPIO_EXTI_IRQHandler
 .text          0x000000000800d644      0xd00 ../STM32Cube_FW_F4_V1.4.0/Drivers/STM32F4xx_HAL_Driver/Src/stm32f4xx_hal_rcc.o
                0x000000000800d644                HAL_RCC_DeInit
                0x000000000800d6bc                HAL_RCC_OscConfig
                0x000000000800db74                HAL_RCC_ClockConfig
                0x000000000800de2c                HAL_RCC_MCOConfig
                0x000000000800ded8                HAL_RCC_EnableCSS
                0x000000000800def0                HAL_RCC_DisableCSS
                0x000000000800df08                HAL_RCC_GetSysClockFreq
                0x000000000800e024                HAL_RCC_GetHCLKFreq
                0x000000000800e07c                HAL_RCC_GetPCLK1Freq
                0x000000000800e0cc                HAL_RCC_GetPCLK2Freq
                0x000000000800e11c                HAL_RCC_GetOscConfig
                0x000000000800e2b4                HAL_RCC_GetClockConfig
                0x000000000800e314                HAL_RCC_NMI_IRQHandler
                0x000000000800e338                HAL_RCC_CSSCallback
 .text          0x000000000800e344     0x16e4 ../STM32Cube_FW_F4_V1.4.0/Drivers/STM32F4xx_HAL_Driver/Src/stm32f4xx_hal_uart.o
                0x000000000800e344                HAL_UART_Init
                0x000000000800e3d0                HAL_HalfDuplex_Init
                0x000000000800e46c                HAL_LIN_Init
                0x000000000800e528                HAL_MultiProcessor_Init
                0x000000000800e5f8                HAL_UART_DeInit
                0x000000000800e638                HAL_UART_MspInit
                0x000000000800e64c                HAL_UART_MspDeInit
                0x000000000800e660                HAL_UART_Transmit
                0x000000000800e7b0                HAL_UART_Receive
                0x000000000800e920                HAL_UART_Transmit_IT
                0x000000000800e9f0                HAL_UART_Receive_IT
                0x000000000800eac0                HAL_UART_Transmit_DMA
                0x000000000800ebb4                HAL_UART_Receive_DMA
                0x000000000800ec98                HAL_UART_DMAPause
                0x000000000800ed34                HAL_UART_DMAResume
                0x000000000800edf4                HAL_UART_DMAStop
                0x000000000800ee54                HAL_UART_IRQHandler
                0x000000000800f060                HAL_UART_TxHalfCpltCallback
                0x000000000800f088                HAL_UART_RxHalfCpltCallback
                0x000000000800f0b0                HAL_LIN_SendBreak
                0x000000000800f104                HAL_MultiProcessor_EnterMuteMode
                0x000000000800f158                HAL_MultiProcessor_ExitMuteMode
                0x000000000800f1ac                HAL_HalfDuplex_EnableTransmitter
                0x000000000800f214                HAL_HalfDuplex_EnableReceiver
                0x000000000800f27c                HAL_UART_GetState
                0x000000000800f298                HAL_UART_GetError
 *(.text*)
 .text.__libc_init_array
                0x000000000800fa28       0x4c /usr/local/gcc-arm-none-eabi-4_9-2015q1/bin/../lib/gcc/arm-none-eabi/4.9.3/../../../../arm-none-eabi/lib/armv7e-m/softfp/libc_nano.a(lib_a-init.o)
                0x000000000800fa28                __libc_init_array
 .text.memset   0x000000000800fa74       0x10 /usr/local/gcc-arm-none-eabi-4_9-2015q1/bin/../lib/gcc/arm-none-eabi/4.9.3/../../../../arm-none-eabi/lib/armv7e-m/softfp/libc_nano.a(lib_a-memset.o)
                0x000000000800fa74                memset
 .text.Reset_Handler
                0x000000000800fa84       0x50 startup/startup_stm32f401xe.o
                0x000000000800fa84                Reset_Handler
 .text.Default_Handler
                0x000000000800fad4        0x2 startup/startup_stm32f401xe.o
                0x000000000800fad4                DMA1_Stream3_IRQHandler
                0x000000000800fad4                EXTI2_IRQHandler
                0x000000000800fad4                SPI4_IRQHandler
                0x000000000800fad4                TIM1_CC_IRQHandler
                0x000000000800fad4                DMA2_Stream5_IRQHandler
                0x000000000800fad4                PVD_IRQHandler
                0x000000000800fad4                SDIO_IRQHandler
                0x000000000800fad4                TAMP_STAMP_IRQHandler
                0x000000000800fad4                EXTI3_IRQHandler
                0x000000000800fad4                TIM1_UP_TIM10_IRQHandler
                0x000000000800fad4                I2C3_ER_IRQHandler
                0x000000000800fad4                EXTI0_IRQHandler
                0x000000000800fad4                I2C2_EV_IRQHandler
                0x000000000800fad4                DMA1_Stream2_IRQHandler
                0x000000000800fad4                FPU_IRQHandler
                0x000000000800fad4                DMA2_Stream2_IRQHandler
                0x000000000800fad4                SPI1_IRQHandler
                0x000000000800fad4                TIM1_BRK_TIM9_IRQHandler
                0x000000000800fad4                DMA2_Stream3_IRQHandler
                0x000000000800fad4                USART6_IRQHandler
                0x000000000800fad4                DMA2_Stream0_IRQHandler
                0x000000000800fad4                TIM4_IRQHandler
                0x000000000800fad4                I2C1_EV_IRQHandler
                0x000000000800fad4                DMA1_Stream1_IRQHandler
                0x000000000800fad4                TIM3_IRQHandler
                0x000000000800fad4                RCC_IRQHandler
                0x000000000800fad4                Default_Handler
                0x000000000800fad4                ADC_IRQHandler
                0x000000000800fad4                DMA1_Stream7_IRQHandler
                0x000000000800fad4                TIM5_IRQHandler
                0x000000000800fad4                DMA2_Stream7_IRQHandler
                0x000000000800fad4                I2C3_EV_IRQHandler
                0x000000000800fad4                EXTI9_5_IRQHandler
                0x000000000800fad4                RTC_WKUP_IRQHandler
                0x000000000800fad4                SPI2_IRQHandler
                0x000000000800fad4                DMA1_Stream0_IRQHandler
                0x000000000800fad4                EXTI4_IRQHandler
                0x000000000800fad4                WWDG_IRQHandler
                0x000000000800fad4                TIM2_IRQHandler
                0x000000000800fad4                OTG_FS_WKUP_IRQHandler
                0x000000000800fad4                TIM1_TRG_COM_TIM11_IRQHandler
                0x000000000800fad4                EXTI1_IRQHandler
                0x000000000800fad4                I2C2_ER_IRQHandler
                0x000000000800fad4                DMA2_Stream1_IRQHandler
                0x000000000800fad4                FLASH_IRQHandler
                0x000000000800fad4                DMA2_Stream4_IRQHandler
                0x000000000800fad4                USART1_IRQHandler
                0x000000000800fad4                OTG_FS_IRQHandler
                0x000000000800fad4                SPI3_IRQHandler
                0x000000000800fad4                DMA1_Stream4_IRQHandler
                0x000000000800fad4                I2C1_ER_IRQHandler
                0x000000000800fad4                DMA2_Stream6_IRQHandler
                0x000000000800fad4                RTC_Alarm_IRQHandler
 .text.__sflush_r
                0x000000000800fad6      0x108 /usr/local/gcc-arm-none-eabi-4_9-2015q1/bin/../lib/gcc/arm-none-eabi/4.9.3/../../../../arm-none-eabi/lib/armv7e-m/softfp/libc_nano.a(lib_a-fflush.o)
                0x000000000800fad6                __sflush_r
 *fill*         0x000000000800fbde        0x2 
 .text._fflush_r
                0x000000000800fbe0       0x54 /usr/local/gcc-arm-none-eabi-4_9-2015q1/bin/../lib/gcc/arm-none-eabi/4.9.3/../../../../arm-none-eabi/lib/armv7e-m/softfp/libc_nano.a(lib_a-fflush.o)
                0x000000000800fbe0                _fflush_r
 .text.fflush   0x000000000800fc34       0x24 /usr/local/gcc-arm-none-eabi-4_9-2015q1/bin/../lib/gcc/arm-none-eabi/4.9.3/../../../../arm-none-eabi/lib/armv7e-m/softfp/libc_nano.a(lib_a-fflush.o)
                0x000000000800fc34                fflush
 .text._cleanup_r
                0x000000000800fc58        0xc /usr/local/gcc-arm-none-eabi-4_9-2015q1/bin/../lib/gcc/arm-none-eabi/4.9.3/../../../../arm-none-eabi/lib/armv7e-m/softfp/libc_nano.a(lib_a-findfp.o)
                0x000000000800fc58                _cleanup_r
 .text.std.isra.0
                0x000000000800fc64       0x48 /usr/local/gcc-arm-none-eabi-4_9-2015q1/bin/../lib/gcc/arm-none-eabi/4.9.3/../../../../arm-none-eabi/lib/armv7e-m/softfp/libc_nano.a(lib_a-findfp.o)
 .text.__sfmoreglue
                0x000000000800fcac       0x2c /usr/local/gcc-arm-none-eabi-4_9-2015q1/bin/../lib/gcc/arm-none-eabi/4.9.3/../../../../arm-none-eabi/lib/armv7e-m/softfp/libc_nano.a(lib_a-findfp.o)
                0x000000000800fcac                __sfmoreglue
 .text.__sinit  0x000000000800fcd8       0x60 /usr/local/gcc-arm-none-eabi-4_9-2015q1/bin/../lib/gcc/arm-none-eabi/4.9.3/../../../../arm-none-eabi/lib/armv7e-m/softfp/libc_nano.a(lib_a-findfp.o)
                0x000000000800fcd8                __sinit
 .text.__sfp    0x000000000800fd38       0x74 /usr/local/gcc-arm-none-eabi-4_9-2015q1/bin/../lib/gcc/arm-none-eabi/4.9.3/../../../../arm-none-eabi/lib/armv7e-m/softfp/libc_nano.a(lib_a-findfp.o)
                0x000000000800fd38                __sfp
 .text._fwalk_reent
                0x000000000800fdac       0x3c /usr/local/gcc-arm-none-eabi-4_9-2015q1/bin/../lib/gcc/arm-none-eabi/4.9.3/../../../../arm-none-eabi/lib/armv7e-m/softfp/libc_nano.a(lib_a-fwalk.o)
                0x000000000800fdac                _fwalk_reent
 .text.memcpy   0x000000000800fde8       0x16 /usr/local/gcc-arm-none-eabi-4_9-2015q1/bin/../lib/gcc/arm-none-eabi/4.9.3/../../../../arm-none-eabi/lib/armv7e-m/softfp/libc_nano.a(lib_a-memcpy.o)
                0x000000000800fde8                memcpy
 *fill*         0x000000000800fdfe        0x2 
 .text._free_r  0x000000000800fe00       0x88 /usr/local/gcc-arm-none-eabi-4_9-2015q1/bin/../lib/gcc/arm-none-eabi/4.9.3/../../../../arm-none-eabi/lib/armv7e-m/softfp/libc_nano.a(lib_a-nano-freer.o)
                0x000000000800fe00                _free_r
 .text._malloc_r
                0x000000000800fe88       0xac /usr/local/gcc-arm-none-eabi-4_9-2015q1/bin/../lib/gcc/arm-none-eabi/4.9.3/../../../../arm-none-eabi/lib/armv7e-m/softfp/libc_nano.a(lib_a-nano-mallocr.o)
                0x000000000800fe88                _malloc_r
 .text.printf   0x000000000800ff34       0x30 /usr/local/gcc-arm-none-eabi-4_9-2015q1/bin/../lib/gcc/arm-none-eabi/4.9.3/../../../../arm-none-eabi/lib/armv7e-m/softfp/libc_nano.a(lib_a-printf.o)
                0x000000000800ff34                printf
                0x000000000800ff34                iprintf
 .text.srand    0x000000000800ff64       0x50 /usr/local/gcc-arm-none-eabi-4_9-2015q1/bin/../lib/gcc/arm-none-eabi/4.9.3/../../../../arm-none-eabi/lib/armv7e-m/softfp/libc_nano.a(lib_a-rand.o)
                0x000000000800ff64                srand
 .text._sbrk_r  0x000000000800ffb4       0x20 /usr/local/gcc-arm-none-eabi-4_9-2015q1/bin/../lib/gcc/arm-none-eabi/4.9.3/../../../../arm-none-eabi/lib/armv7e-m/softfp/libc_nano.a(lib_a-sbrkr.o)
                0x000000000800ffb4                _sbrk_r
 .text.setvbuf  0x000000000800ffd4      0x110 /usr/local/gcc-arm-none-eabi-4_9-2015q1/bin/../lib/gcc/arm-none-eabi/4.9.3/../../../../arm-none-eabi/lib/armv7e-m/softfp/libc_nano.a(lib_a-setvbuf.o)
                0x000000000800ffd4                setvbuf
 .text.__sread  0x00000000080100e4       0x22 /usr/local/gcc-arm-none-eabi-4_9-2015q1/bin/../lib/gcc/arm-none-eabi/4.9.3/../../../../arm-none-eabi/lib/armv7e-m/softfp/libc_nano.a(lib_a-stdio.o)
                0x00000000080100e4                __sread
 .text.__swrite
                0x0000000008010106       0x38 /usr/local/gcc-arm-none-eabi-4_9-2015q1/bin/../lib/gcc/arm-none-eabi/4.9.3/../../../../arm-none-eabi/lib/armv7e-m/softfp/libc_nano.a(lib_a-stdio.o)
                0x0000000008010106                __swrite
 .text.__sseek  0x000000000801013e       0x24 /usr/local/gcc-arm-none-eabi-4_9-2015q1/bin/../lib/gcc/arm-none-eabi/4.9.3/../../../../arm-none-eabi/lib/armv7e-m/softfp/libc_nano.a(lib_a-stdio.o)
                0x000000000801013e                __sseek
 .text.__sclose
                0x0000000008010162        0x8 /usr/local/gcc-arm-none-eabi-4_9-2015q1/bin/../lib/gcc/arm-none-eabi/4.9.3/../../../../arm-none-eabi/lib/armv7e-m/softfp/libc_nano.a(lib_a-stdio.o)
                0x0000000008010162                __sclose
 *fill*         0x000000000801016a        0x2 
 .text._write_r
                0x000000000801016c       0x24 /usr/local/gcc-arm-none-eabi-4_9-2015q1/bin/../lib/gcc/arm-none-eabi/4.9.3/../../../../arm-none-eabi/lib/armv7e-m/softfp/libc_nano.a(lib_a-writer.o)
                0x000000000801016c                _write_r
 .text._close_r
                0x0000000008010190       0x20 /usr/local/gcc-arm-none-eabi-4_9-2015q1/bin/../lib/gcc/arm-none-eabi/4.9.3/../../../../arm-none-eabi/lib/armv7e-m/softfp/libc_nano.a(lib_a-closer.o)
                0x0000000008010190                _close_r
 .text._lseek_r
                0x00000000080101b0       0x24 /usr/local/gcc-arm-none-eabi-4_9-2015q1/bin/../lib/gcc/arm-none-eabi/4.9.3/../../../../arm-none-eabi/lib/armv7e-m/softfp/libc_nano.a(lib_a-lseekr.o)
                0x00000000080101b0                _lseek_r
 .text.malloc   0x00000000080101d4       0x10 /usr/local/gcc-arm-none-eabi-4_9-2015q1/bin/../lib/gcc/arm-none-eabi/4.9.3/../../../../arm-none-eabi/lib/armv7e-m/softfp/libc_nano.a(lib_a-malloc.o)
                0x00000000080101d4                malloc
 .text.__sfputc_r
                0x00000000080101e4       0x2c /usr/local/gcc-arm-none-eabi-4_9-2015q1/bin/../lib/gcc/arm-none-eabi/4.9.3/../../../../arm-none-eabi/lib/armv7e-m/softfp/libc_nano.a(lib_a-nano-vfprintf.o)
 .text.__sfputs_r
                0x0000000008010210       0x24 /usr/local/gcc-arm-none-eabi-4_9-2015q1/bin/../lib/gcc/arm-none-eabi/4.9.3/../../../../arm-none-eabi/lib/armv7e-m/softfp/libc_nano.a(lib_a-nano-vfprintf.o)
                0x0000000008010210                __sfputs_r
 .text._vfprintf_r
                0x0000000008010234      0x210 /usr/local/gcc-arm-none-eabi-4_9-2015q1/bin/../lib/gcc/arm-none-eabi/4.9.3/../../../../arm-none-eabi/lib/armv7e-m/softfp/libc_nano.a(lib_a-nano-vfprintf.o)
                0x0000000008010234                _vfiprintf_r
                0x0000000008010234                _vfprintf_r
 .text._printf_common
                0x0000000008010444       0xea /usr/local/gcc-arm-none-eabi-4_9-2015q1/bin/../lib/gcc/arm-none-eabi/4.9.3/../../../../arm-none-eabi/lib/armv7e-m/softfp/libc_nano.a(lib_a-nano-vfprintf_i.o)
                0x0000000008010444                _printf_common
 *fill*         0x000000000801052e        0x2 
 .text._printf_i
                0x0000000008010530      0x240 /usr/local/gcc-arm-none-eabi-4_9-2015q1/bin/../lib/gcc/arm-none-eabi/4.9.3/../../../../arm-none-eabi/lib/armv7e-m/softfp/libc_nano.a(lib_a-nano-vfprintf_i.o)
                0x0000000008010530                _printf_i
 .text._read_r  0x0000000008010770       0x24 /usr/local/gcc-arm-none-eabi-4_9-2015q1/bin/../lib/gcc/arm-none-eabi/4.9.3/../../../../arm-none-eabi/lib/armv7e-m/softfp/libc_nano.a(lib_a-readr.o)
                0x0000000008010770                _read_r
 .text.__swbuf_r
                0x0000000008010794       0xa8 /usr/local/gcc-arm-none-eabi-4_9-2015q1/bin/../lib/gcc/arm-none-eabi/4.9.3/../../../../arm-none-eabi/lib/armv7e-m/softfp/libc_nano.a(lib_a-wbuf.o)
                0x0000000008010794                __swbuf_r
 .text.__swsetup_r
                0x000000000801083c       0xd8 /usr/local/gcc-arm-none-eabi-4_9-2015q1/bin/../lib/gcc/arm-none-eabi/4.9.3/../../../../arm-none-eabi/lib/armv7e-m/softfp/libc_nano.a(lib_a-wsetup.o)
                0x000000000801083c                __swsetup_r
 .text.__smakebuf_r
                0x0000000008010914       0x9c /usr/local/gcc-arm-none-eabi-4_9-2015q1/bin/../lib/gcc/arm-none-eabi/4.9.3/../../../../arm-none-eabi/lib/armv7e-m/softfp/libc_nano.a(lib_a-makebuf.o)
                0x0000000008010914                __smakebuf_r
 .text.memchr   0x00000000080109b0       0x1e /usr/local/gcc-arm-none-eabi-4_9-2015q1/bin/../lib/gcc/arm-none-eabi/4.9.3/../../../../arm-none-eabi/lib/armv7e-m/softfp/libc_nano.a(lib_a-memchr.o)
                0x00000000080109b0                memchr
 *fill*         0x00000000080109ce        0x2 
 .text._fstat_r
                0x00000000080109d0       0x24 /usr/local/gcc-arm-none-eabi-4_9-2015q1/bin/../lib/gcc/arm-none-eabi/4.9.3/../../../../arm-none-eabi/lib/armv7e-m/softfp/libc_nano.a(lib_a-fstatr.o)
                0x00000000080109d0                _fstat_r
 .text._isatty_r
                0x00000000080109f4       0x20 /usr/local/gcc-arm-none-eabi-4_9-2015q1/bin/../lib/gcc/arm-none-eabi/4.9.3/../../../../arm-none-eabi/lib/armv7e-m/softfp/libc_nano.a(lib_a-isattyr.o)
                0x00000000080109f4                _isatty_r
 *(.glue_7)
 .glue_7        0x0000000000000000        0x0 linker stubs
 *(.glue_7t)
 .glue_7t       0x0000000000000000        0x0 linker stubs
 *(.eh_frame)
 .eh_frame      0x0000000008010a14        0x0 /usr/local/gcc-arm-none-eabi-4_9-2015q1/bin/../lib/gcc/arm-none-eabi/4.9.3/armv7e-m/softfp/crtbegin.o
 *(.init)
 .init          0x0000000008010a14        0x4 /usr/local/gcc-arm-none-eabi-4_9-2015q1/bin/../lib/gcc/arm-none-eabi/4.9.3/armv7e-m/softfp/crti.o
                0x0000000008010a14                _init
 .init          0x0000000008010a18        0x8 /usr/local/gcc-arm-none-eabi-4_9-2015q1/bin/../lib/gcc/arm-none-eabi/4.9.3/armv7e-m/softfp/crtn.o
 *(.fini)
 .fini          0x0000000008010a20        0x4 /usr/local/gcc-arm-none-eabi-4_9-2015q1/bin/../lib/gcc/arm-none-eabi/4.9.3/armv7e-m/softfp/crti.o
                0x0000000008010a20                _fini
 .fini          0x0000000008010a24        0x8 /usr/local/gcc-arm-none-eabi-4_9-2015q1/bin/../lib/gcc/arm-none-eabi/4.9.3/armv7e-m/softfp/crtn.o
                0x0000000008010a2c                . = ALIGN (0x4)
                0x0000000008010a2c                _etext = .

.vfp11_veneer   0x0000000008010a2c        0x0
 .vfp11_veneer  0x0000000000000000        0x0 linker stubs

.v4_bx          0x0000000008010a2c        0x0
 .v4_bx         0x0000000000000000        0x0 linker stubs

.iplt           0x0000000008010a2c        0x0
 .iplt          0x0000000000000000        0x0 /usr/local/gcc-arm-none-eabi-4_9-2015q1/bin/../lib/gcc/arm-none-eabi/4.9.3/armv7e-m/softfp/crtbegin.o

.rodata         0x0000000008010a2c       0xec
                0x0000000008010a2c                . = ALIGN (0x4)
 *(.rodata)
 .rodata        0x0000000008010a2c       0x18 src/main.o
 .rodata        0x0000000008010a44       0x10 src/mytasks.o
 .rodata        0x0000000008010a54        0x8 ../FreeRTOSV8.2.0/FreeRTOS/Source/tasks.o
 .rodata        0x0000000008010a5c       0x10 ../FreeRTOSV8.2.0/FreeRTOS/Source/timers.o
 .rodata        0x0000000008010a6c       0x10 ../STM32Cube_FW_F4_V1.4.0/Drivers/STM32F4xx_HAL_Driver/Src/stm32f4xx_hal_rcc.o
                0x0000000008010a6c                APBAHBPrescTable
 *(.rodata*)
 .rodata.str1.1
                0x0000000008010a7c        0x2 /usr/local/gcc-arm-none-eabi-4_9-2015q1/bin/../lib/gcc/arm-none-eabi/4.9.3/../../../../arm-none-eabi/lib/armv7e-m/softfp/libc_nano.a(lib_a-impure.o)
 *fill*         0x0000000008010a7e        0x2 
 .rodata._global_impure_ptr
                0x0000000008010a80        0x4 /usr/local/gcc-arm-none-eabi-4_9-2015q1/bin/../lib/gcc/arm-none-eabi/4.9.3/../../../../arm-none-eabi/lib/armv7e-m/softfp/libc_nano.a(lib_a-impure.o)
                0x0000000008010a80                _global_impure_ptr
 .rodata.__sf_fake_stdin
                0x0000000008010a84       0x20 /usr/local/gcc-arm-none-eabi-4_9-2015q1/bin/../lib/gcc/arm-none-eabi/4.9.3/../../../../arm-none-eabi/lib/armv7e-m/softfp/libc_nano.a(lib_a-findfp.o)
                0x0000000008010a84                __sf_fake_stdin
 .rodata.__sf_fake_stdout
                0x0000000008010aa4       0x20 /usr/local/gcc-arm-none-eabi-4_9-2015q1/bin/../lib/gcc/arm-none-eabi/4.9.3/../../../../arm-none-eabi/lib/armv7e-m/softfp/libc_nano.a(lib_a-findfp.o)
                0x0000000008010aa4                __sf_fake_stdout
 .rodata.__sf_fake_stderr
                0x0000000008010ac4       0x20 /usr/local/gcc-arm-none-eabi-4_9-2015q1/bin/../lib/gcc/arm-none-eabi/4.9.3/../../../../arm-none-eabi/lib/armv7e-m/softfp/libc_nano.a(lib_a-findfp.o)
                0x0000000008010ac4                __sf_fake_stderr
 .rodata.str1.1
                0x0000000008010ae4       0x11 /usr/local/gcc-arm-none-eabi-4_9-2015q1/bin/../lib/gcc/arm-none-eabi/4.9.3/../../../../arm-none-eabi/lib/armv7e-m/softfp/libc_nano.a(lib_a-nano-vfprintf.o)
 .rodata.str1.1
                0x0000000008010af5       0x22 /usr/local/gcc-arm-none-eabi-4_9-2015q1/bin/../lib/gcc/arm-none-eabi/4.9.3/../../../../arm-none-eabi/lib/armv7e-m/softfp/libc_nano.a(lib_a-nano-vfprintf_i.o)
                0x0000000008010b18                . = ALIGN (0x4)
 *fill*         0x0000000008010b17        0x1 

.rel.dyn        0x0000000008010b18        0x0
 .rel.iplt      0x0000000000000000        0x0 /usr/local/gcc-arm-none-eabi-4_9-2015q1/bin/../lib/gcc/arm-none-eabi/4.9.3/armv7e-m/softfp/crtbegin.o

.ARM.extab
 *(.ARM.extab* .gnu.linkonce.armextab.*)

.ARM            0x0000000008010b18        0x0
                0x0000000008010b18                __exidx_start = .
 *(.ARM.exidx*)
                0x0000000008010b18                __exidx_end = .

.preinit_array  0x0000000008010b18        0x0
                0x0000000008010b18                PROVIDE (__preinit_array_start, .)
 *(.preinit_array*)
                0x0000000008010b18                PROVIDE (__preinit_array_end, .)

.init_array     0x0000000008010b18        0x4
                0x0000000008010b18                PROVIDE (__init_array_start, .)
 *(SORT(.init_array.*))
 *(.init_array*)
 .init_array    0x0000000008010b18        0x4 /usr/local/gcc-arm-none-eabi-4_9-2015q1/bin/../lib/gcc/arm-none-eabi/4.9.3/armv7e-m/softfp/crtbegin.o
                0x0000000008010b1c                PROVIDE (__init_array_end, .)

.fini_array     0x0000000008010b1c        0x4
                0x0000000008010b1c                PROVIDE (__fini_array_start, .)
 *(SORT(.fini_array.*))
 *(.fini_array*)
 .fini_array    0x0000000008010b1c        0x4 /usr/local/gcc-arm-none-eabi-4_9-2015q1/bin/../lib/gcc/arm-none-eabi/4.9.3/armv7e-m/softfp/crtbegin.o
                0x0000000008010b20                PROVIDE (__fini_array_end, .)
                0x0000000008010b20                _sidata = LOADADDR (.data)

.data           0x0000000020000000      0x120 load address 0x0000000008010b20
                0x0000000020000000                . = ALIGN (0x4)
                0x0000000020000000                _sdata = .
 *(.data)
 .data          0x0000000020000000       0xa0 src/uart.o
 .data          0x00000000200000a0       0x14 src/system_stm32f4xx.o
                0x00000000200000a0                SystemCoreClock
                0x00000000200000a4                AHBPrescTable
 .data          0x00000000200000b4        0x4 ../FreeRTOSV8.2.0/FreeRTOS/Source/tasks.o
 .data          0x00000000200000b8        0x4 ../FreeRTOSV8.2.0/FreeRTOS/Source/portable/GCC/ARM_CM4F/port.o
 *(.data*)
 .data.impure_data
                0x00000000200000bc       0x60 /usr/local/gcc-arm-none-eabi-4_9-2015q1/bin/../lib/gcc/arm-none-eabi/4.9.3/../../../../arm-none-eabi/lib/armv7e-m/softfp/libc_nano.a(lib_a-impure.o)
 .data._impure_ptr
                0x000000002000011c        0x4 /usr/local/gcc-arm-none-eabi-4_9-2015q1/bin/../lib/gcc/arm-none-eabi/4.9.3/../../../../arm-none-eabi/lib/armv7e-m/softfp/libc_nano.a(lib_a-impure.o)
                0x000000002000011c                _impure_ptr
                0x0000000020000120                . = ALIGN (0x4)
                0x0000000020000120                _edata = .

.jcr            0x0000000020000120        0x0 load address 0x0000000008010c40
 .jcr           0x0000000020000120        0x0 /usr/local/gcc-arm-none-eabi-4_9-2015q1/bin/../lib/gcc/arm-none-eabi/4.9.3/armv7e-m/softfp/crtbegin.o

.igot.plt       0x0000000020000120        0x0 load address 0x0000000008010c40
 .igot.plt      0x0000000000000000        0x0 /usr/local/gcc-arm-none-eabi-4_9-2015q1/bin/../lib/gcc/arm-none-eabi/4.9.3/armv7e-m/softfp/crtbegin.o
                0x0000000020000120                . = ALIGN (0x4)

.bss            0x0000000020000120     0x860c load address 0x0000000008010c40
                0x0000000020000120                _sbss = .
                0x0000000020000120                __bss_start__ = _sbss
 *(.bss)
 .bss           0x0000000020000120       0x1c /usr/local/gcc-arm-none-eabi-4_9-2015q1/bin/../lib/gcc/arm-none-eabi/4.9.3/armv7e-m/softfp/crtbegin.o
 .bss           0x000000002000013c       0x14 src/main.o
 .bss           0x0000000020000150        0x8 src/syscalls.o
 .bss           0x0000000020000158       0xfc ../FreeRTOSV8.2.0/FreeRTOS/Source/tasks.o
                0x0000000020000158                pxCurrentTCB
 .bss           0x0000000020000254       0x38 ../FreeRTOSV8.2.0/FreeRTOS/Source/timers.o
 .bss           0x000000002000028c        0x8 ../FreeRTOSV8.2.0/FreeRTOS/Source/portable/GCC/ARM_CM4F/port.o
 .bss           0x0000000020000294     0x8008 ../FreeRTOSV8.2.0/FreeRTOS/Source/portable/MemMang/heap_1.o
 .bss           0x000000002000829c        0x4 ../STM32Cube_FW_F4_V1.4.0/Drivers/STM32F4xx_HAL_Driver/Src/stm32f4xx_hal.o
 *(.bss*)
 .bss.__malloc_sbrk_start
                0x00000000200082a0        0x4 /usr/local/gcc-arm-none-eabi-4_9-2015q1/bin/../lib/gcc/arm-none-eabi/4.9.3/../../../../arm-none-eabi/lib/armv7e-m/softfp/libc_nano.a(lib_a-nano-mallocr.o)
                0x00000000200082a0                __malloc_sbrk_start
 .bss.__malloc_free_list
                0x00000000200082a4        0x4 /usr/local/gcc-arm-none-eabi-4_9-2015q1/bin/../lib/gcc/arm-none-eabi/4.9.3/../../../../arm-none-eabi/lib/armv7e-m/softfp/libc_nano.a(lib_a-nano-mallocr.o)
                0x00000000200082a4                __malloc_free_list
 *(COMMON)
 COMMON         0x00000000200082a8      0x400 src/main.o
                0x00000000200082a8                stdio_buffer
 COMMON         0x00000000200086a8       0x40 src/uart.o
                0x00000000200086a8                UartHandle
 COMMON         0x00000000200086e8       0x40 ../FreeRTOSV8.2.0/FreeRTOS/Source/queue.o
                0x00000000200086e8                xQueueRegistry
 COMMON         0x0000000020008728        0x4 /usr/local/gcc-arm-none-eabi-4_9-2015q1/bin/../lib/gcc/arm-none-eabi/4.9.3/../../../../arm-none-eabi/lib/armv7e-m/softfp/libc_nano.a(lib_a-reent.o)
                0x0000000020008728                errno
                0x000000002000872c                . = ALIGN (0x4)
                0x000000002000872c                _ebss = .
                0x000000002000872c                __bss_end__ = _ebss

._user_heap_stack
                0x000000002000872c     0x2000 load address 0x0000000008010c40
                0x000000002000872c                . = ALIGN (0x4)
                0x000000002000872c                PROVIDE (end, .)
                0x000000002000872c                PROVIDE (_end, .)
                0x000000002000972c                . = (. + _Min_Heap_Size)
 *fill*         0x000000002000872c     0x1000 
                0x000000002000a72c                . = (. + _Min_Stack_Size)
 *fill*         0x000000002000972c     0x1000 
                0x000000002000a72c                . = ALIGN (0x4)

/DISCARD/
 libc.a(*)
 libm.a(*)
 libgcc.a(*)

.ARM.attributes
                0x0000000000000000       0x2e
 *(.ARM.attributes)
 .ARM.attributes
                0x0000000000000000       0x22 /usr/local/gcc-arm-none-eabi-4_9-2015q1/bin/../lib/gcc/arm-none-eabi/4.9.3/armv7e-m/softfp/crti.o
 .ARM.attributes
                0x0000000000000022       0x32 /usr/local/gcc-arm-none-eabi-4_9-2015q1/bin/../lib/gcc/arm-none-eabi/4.9.3/armv7e-m/softfp/crtbegin.o
 .ARM.attributes
                0x0000000000000054       0x32 /usr/local/gcc-arm-none-eabi-4_9-2015q1/bin/../lib/gcc/arm-none-eabi/4.9.3/../../../../arm-none-eabi/lib/armv7e-m/softfp/libc_nano.a(lib_a-impure.o)
 .ARM.attributes
                0x0000000000000086       0x32 /usr/local/gcc-arm-none-eabi-4_9-2015q1/bin/../lib/gcc/arm-none-eabi/4.9.3/../../../../arm-none-eabi/lib/armv7e-m/softfp/libc_nano.a(lib_a-init.o)
 .ARM.attributes
                0x00000000000000b8       0x32 /usr/local/gcc-arm-none-eabi-4_9-2015q1/bin/../lib/gcc/arm-none-eabi/4.9.3/../../../../arm-none-eabi/lib/armv7e-m/softfp/libc_nano.a(lib_a-memset.o)
 .ARM.attributes
                0x00000000000000ea       0x37 src/main.o
 .ARM.attributes
                0x0000000000000121       0x37 src/mytasks.o
 .ARM.attributes
                0x0000000000000158       0x37 src/uart.o
 .ARM.attributes
                0x000000000000018f       0x37 src/syscalls.o
 .ARM.attributes
                0x00000000000001c6       0x37 src/exti.o
 .ARM.attributes
                0x00000000000001fd       0x37 src/system_stm32f4xx.o
 .ARM.attributes
                0x0000000000000234       0x37 src/stm32f4xx_it.o
 .ARM.attributes
                0x000000000000026b       0x37 ../FreeRTOSV8.2.0/FreeRTOS/Source/queue.o
 .ARM.attributes
                0x00000000000002a2       0x37 ../FreeRTOSV8.2.0/FreeRTOS/Source/tasks.o
 .ARM.attributes
                0x00000000000002d9       0x37 ../FreeRTOSV8.2.0/FreeRTOS/Source/list.o
 .ARM.attributes
                0x0000000000000310       0x37 ../FreeRTOSV8.2.0/FreeRTOS/Source/timers.o
 .ARM.attributes
                0x0000000000000347       0x37 ../FreeRTOSV8.2.0/FreeRTOS/Source/portable/GCC/ARM_CM4F/port.o
 .ARM.attributes
                0x000000000000037e       0x37 ../FreeRTOSV8.2.0/FreeRTOS/Source/portable/MemMang/heap_1.o
 .ARM.attributes
                0x00000000000003b5       0x21 startup/startup_stm32f401xe.o
 .ARM.attributes
                0x00000000000003d6       0x37 ../STM32Cube_FW_F4_V1.4.0/Drivers/STM32F4xx_HAL_Driver/Src/stm32f4xx_hal.o
 .ARM.attributes
                0x000000000000040d       0x37 ../STM32Cube_FW_F4_V1.4.0/Drivers/STM32F4xx_HAL_Driver/Src/stm32f4xx_hal_cortex.o
 .ARM.attributes
                0x0000000000000444       0x37 ../STM32Cube_FW_F4_V1.4.0/Drivers/STM32F4xx_HAL_Driver/Src/stm32f4xx_hal_dma.o
 .ARM.attributes
                0x000000000000047b       0x37 ../STM32Cube_FW_F4_V1.4.0/Drivers/STM32F4xx_HAL_Driver/Src/stm32f4xx_hal_gpio.o
 .ARM.attributes
                0x00000000000004b2       0x37 ../STM32Cube_FW_F4_V1.4.0/Drivers/STM32F4xx_HAL_Driver/Src/stm32f4xx_hal_rcc.o
 .ARM.attributes
                0x00000000000004e9       0x37 ../STM32Cube_FW_F4_V1.4.0/Drivers/STM32F4xx_HAL_Driver/Src/stm32f4xx_hal_uart.o
 .ARM.attributes
                0x0000000000000520       0x32 /usr/local/gcc-arm-none-eabi-4_9-2015q1/bin/../lib/gcc/arm-none-eabi/4.9.3/../../../../arm-none-eabi/lib/armv7e-m/softfp/libc_nano.a(lib_a-fflush.o)
 .ARM.attributes
                0x0000000000000552       0x32 /usr/local/gcc-arm-none-eabi-4_9-2015q1/bin/../lib/gcc/arm-none-eabi/4.9.3/../../../../arm-none-eabi/lib/armv7e-m/softfp/libc_nano.a(lib_a-findfp.o)
 .ARM.attributes
                0x0000000000000584       0x32 /usr/local/gcc-arm-none-eabi-4_9-2015q1/bin/../lib/gcc/arm-none-eabi/4.9.3/../../../../arm-none-eabi/lib/armv7e-m/softfp/libc_nano.a(lib_a-fwalk.o)
 .ARM.attributes
                0x00000000000005b6       0x32 /usr/local/gcc-arm-none-eabi-4_9-2015q1/bin/../lib/gcc/arm-none-eabi/4.9.3/../../../../arm-none-eabi/lib/armv7e-m/softfp/libc_nano.a(lib_a-memcpy.o)
 .ARM.attributes
                0x00000000000005e8       0x32 /usr/local/gcc-arm-none-eabi-4_9-2015q1/bin/../lib/gcc/arm-none-eabi/4.9.3/../../../../arm-none-eabi/lib/armv7e-m/softfp/libc_nano.a(lib_a-nano-freer.o)
 .ARM.attributes
                0x000000000000061a       0x32 /usr/local/gcc-arm-none-eabi-4_9-2015q1/bin/../lib/gcc/arm-none-eabi/4.9.3/../../../../arm-none-eabi/lib/armv7e-m/softfp/libc_nano.a(lib_a-nano-mallocr.o)
 .ARM.attributes
                0x000000000000064c       0x32 /usr/local/gcc-arm-none-eabi-4_9-2015q1/bin/../lib/gcc/arm-none-eabi/4.9.3/../../../../arm-none-eabi/lib/armv7e-m/softfp/libc_nano.a(lib_a-printf.o)
 .ARM.attributes
                0x000000000000067e       0x32 /usr/local/gcc-arm-none-eabi-4_9-2015q1/bin/../lib/gcc/arm-none-eabi/4.9.3/../../../../arm-none-eabi/lib/armv7e-m/softfp/libc_nano.a(lib_a-rand.o)
 .ARM.attributes
                0x00000000000006b0       0x32 /usr/local/gcc-arm-none-eabi-4_9-2015q1/bin/../lib/gcc/arm-none-eabi/4.9.3/../../../../arm-none-eabi/lib/armv7e-m/softfp/libc_nano.a(lib_a-reent.o)
 .ARM.attributes
                0x00000000000006e2       0x32 /usr/local/gcc-arm-none-eabi-4_9-2015q1/bin/../lib/gcc/arm-none-eabi/4.9.3/../../../../arm-none-eabi/lib/armv7e-m/softfp/libc_nano.a(lib_a-sbrkr.o)
 .ARM.attributes
                0x0000000000000714       0x32 /usr/local/gcc-arm-none-eabi-4_9-2015q1/bin/../lib/gcc/arm-none-eabi/4.9.3/../../../../arm-none-eabi/lib/armv7e-m/softfp/libc_nano.a(lib_a-setvbuf.o)
 .ARM.attributes
                0x0000000000000746       0x32 /usr/local/gcc-arm-none-eabi-4_9-2015q1/bin/../lib/gcc/arm-none-eabi/4.9.3/../../../../arm-none-eabi/lib/armv7e-m/softfp/libc_nano.a(lib_a-stdio.o)
 .ARM.attributes
                0x0000000000000778       0x32 /usr/local/gcc-arm-none-eabi-4_9-2015q1/bin/../lib/gcc/arm-none-eabi/4.9.3/../../../../arm-none-eabi/lib/armv7e-m/softfp/libc_nano.a(lib_a-writer.o)
 .ARM.attributes
                0x00000000000007aa       0x32 /usr/local/gcc-arm-none-eabi-4_9-2015q1/bin/../lib/gcc/arm-none-eabi/4.9.3/../../../../arm-none-eabi/lib/armv7e-m/softfp/libc_nano.a(lib_a-closer.o)
 .ARM.attributes
                0x00000000000007dc       0x32 /usr/local/gcc-arm-none-eabi-4_9-2015q1/bin/../lib/gcc/arm-none-eabi/4.9.3/../../../../arm-none-eabi/lib/armv7e-m/softfp/libc_nano.a(lib_a-lseekr.o)
 .ARM.attributes
                0x000000000000080e       0x32 /usr/local/gcc-arm-none-eabi-4_9-2015q1/bin/../lib/gcc/arm-none-eabi/4.9.3/../../../../arm-none-eabi/lib/armv7e-m/softfp/libc_nano.a(lib_a-malloc.o)
 .ARM.attributes
                0x0000000000000840       0x32 /usr/local/gcc-arm-none-eabi-4_9-2015q1/bin/../lib/gcc/arm-none-eabi/4.9.3/../../../../arm-none-eabi/lib/armv7e-m/softfp/libc_nano.a(lib_a-nano-vfprintf.o)
 .ARM.attributes
                0x0000000000000872       0x32 /usr/local/gcc-arm-none-eabi-4_9-2015q1/bin/../lib/gcc/arm-none-eabi/4.9.3/../../../../arm-none-eabi/lib/armv7e-m/softfp/libc_nano.a(lib_a-nano-vfprintf_i.o)
 .ARM.attributes
                0x00000000000008a4       0x32 /usr/local/gcc-arm-none-eabi-4_9-2015q1/bin/../lib/gcc/arm-none-eabi/4.9.3/../../../../arm-none-eabi/lib/armv7e-m/softfp/libc_nano.a(lib_a-readr.o)
 .ARM.attributes
                0x00000000000008d6       0x32 /usr/local/gcc-arm-none-eabi-4_9-2015q1/bin/../lib/gcc/arm-none-eabi/4.9.3/../../../../arm-none-eabi/lib/armv7e-m/softfp/libc_nano.a(lib_a-wbuf.o)
 .ARM.attributes
                0x0000000000000908       0x32 /usr/local/gcc-arm-none-eabi-4_9-2015q1/bin/../lib/gcc/arm-none-eabi/4.9.3/../../../../arm-none-eabi/lib/armv7e-m/softfp/libc_nano.a(lib_a-wsetup.o)
 .ARM.attributes
                0x000000000000093a       0x32 /usr/local/gcc-arm-none-eabi-4_9-2015q1/bin/../lib/gcc/arm-none-eabi/4.9.3/../../../../arm-none-eabi/lib/armv7e-m/softfp/libc_nano.a(lib_a-makebuf.o)
 .ARM.attributes
                0x000000000000096c       0x32 /usr/local/gcc-arm-none-eabi-4_9-2015q1/bin/../lib/gcc/arm-none-eabi/4.9.3/../../../../arm-none-eabi/lib/armv7e-m/softfp/libc_nano.a(lib_a-memchr.o)
 .ARM.attributes
                0x000000000000099e       0x32 /usr/local/gcc-arm-none-eabi-4_9-2015q1/bin/../lib/gcc/arm-none-eabi/4.9.3/../../../../arm-none-eabi/lib/armv7e-m/softfp/libc_nano.a(lib_a-fstatr.o)
 .ARM.attributes
                0x00000000000009d0       0x32 /usr/local/gcc-arm-none-eabi-4_9-2015q1/bin/../lib/gcc/arm-none-eabi/4.9.3/../../../../arm-none-eabi/lib/armv7e-m/softfp/libc_nano.a(lib_a-isattyr.o)
 .ARM.attributes
                0x0000000000000a02       0x22 /usr/local/gcc-arm-none-eabi-4_9-2015q1/bin/../lib/gcc/arm-none-eabi/4.9.3/armv7e-m/softfp/crtn.o
OUTPUT(a.elf elf32-littlearm)

.debug_frame    0x0000000000000000     0x2ec8
 .debug_frame   0x0000000000000000       0x2c /usr/local/gcc-arm-none-eabi-4_9-2015q1/bin/../lib/gcc/arm-none-eabi/4.9.3/../../../../arm-none-eabi/lib/armv7e-m/softfp/libc_nano.a(lib_a-init.o)
 .debug_frame   0x000000000000002c       0x20 /usr/local/gcc-arm-none-eabi-4_9-2015q1/bin/../lib/gcc/arm-none-eabi/4.9.3/../../../../arm-none-eabi/lib/armv7e-m/softfp/libc_nano.a(lib_a-memset.o)
 .debug_frame   0x000000000000004c      0x130 src/main.o
 .debug_frame   0x000000000000017c       0x4c src/mytasks.o
 .debug_frame   0x00000000000001c8      0x168 src/uart.o
 .debug_frame   0x0000000000000330      0x314 src/syscalls.o
 .debug_frame   0x0000000000000644       0xa4 src/exti.o
 .debug_frame   0x00000000000006e8       0x58 src/system_stm32f4xx.o
 .debug_frame   0x0000000000000740       0xf0 src/stm32f4xx_it.o
 .debug_frame   0x0000000000000830      0x44c ../FreeRTOSV8.2.0/FreeRTOS/Source/queue.o
 .debug_frame   0x0000000000000c7c      0x7a8 ../FreeRTOSV8.2.0/FreeRTOS/Source/tasks.o
 .debug_frame   0x0000000000001424       0xd8 ../FreeRTOSV8.2.0/FreeRTOS/Source/list.o
 .debug_frame   0x00000000000014fc      0x23c ../FreeRTOSV8.2.0/FreeRTOS/Source/timers.o
 .debug_frame   0x0000000000001738      0x19c ../FreeRTOSV8.2.0/FreeRTOS/Source/portable/GCC/ARM_CM4F/port.o
 .debug_frame   0x00000000000018d4       0x9c ../FreeRTOSV8.2.0/FreeRTOS/Source/portable/MemMang/heap_1.o
 .debug_frame   0x0000000000001970      0x228 ../STM32Cube_FW_F4_V1.4.0/Drivers/STM32F4xx_HAL_Driver/Src/stm32f4xx_hal.o
 .debug_frame   0x0000000000001b98      0x35c ../STM32Cube_FW_F4_V1.4.0/Drivers/STM32F4xx_HAL_Driver/Src/stm32f4xx_hal_cortex.o
 .debug_frame   0x0000000000001ef4      0x13c ../STM32Cube_FW_F4_V1.4.0/Drivers/STM32F4xx_HAL_Driver/Src/stm32f4xx_hal_dma.o
 .debug_frame   0x0000000000002030       0xf4 ../STM32Cube_FW_F4_V1.4.0/Drivers/STM32F4xx_HAL_Driver/Src/stm32f4xx_hal_gpio.o
 .debug_frame   0x0000000000002124      0x1a0 ../STM32Cube_FW_F4_V1.4.0/Drivers/STM32F4xx_HAL_Driver/Src/stm32f4xx_hal_rcc.o
 .debug_frame   0x00000000000022c4      0x4a8 ../STM32Cube_FW_F4_V1.4.0/Drivers/STM32F4xx_HAL_Driver/Src/stm32f4xx_hal_uart.o
 .debug_frame   0x000000000000276c       0x68 /usr/local/gcc-arm-none-eabi-4_9-2015q1/bin/../lib/gcc/arm-none-eabi/4.9.3/../../../../arm-none-eabi/lib/armv7e-m/softfp/libc_nano.a(lib_a-fflush.o)
 .debug_frame   0x00000000000027d4      0x11c /usr/local/gcc-arm-none-eabi-4_9-2015q1/bin/../lib/gcc/arm-none-eabi/4.9.3/../../../../arm-none-eabi/lib/armv7e-m/softfp/libc_nano.a(lib_a-findfp.o)
 .debug_frame   0x00000000000028f0       0x54 /usr/local/gcc-arm-none-eabi-4_9-2015q1/bin/../lib/gcc/arm-none-eabi/4.9.3/../../../../arm-none-eabi/lib/armv7e-m/softfp/libc_nano.a(lib_a-fwalk.o)
 .debug_frame   0x0000000000002944       0x28 /usr/local/gcc-arm-none-eabi-4_9-2015q1/bin/../lib/gcc/arm-none-eabi/4.9.3/../../../../arm-none-eabi/lib/armv7e-m/softfp/libc_nano.a(lib_a-memcpy.o)
 .debug_frame   0x000000000000296c       0x2c /usr/local/gcc-arm-none-eabi-4_9-2015q1/bin/../lib/gcc/arm-none-eabi/4.9.3/../../../../arm-none-eabi/lib/armv7e-m/softfp/libc_nano.a(lib_a-nano-freer.o)
 .debug_frame   0x0000000000002998       0x2c /usr/local/gcc-arm-none-eabi-4_9-2015q1/bin/../lib/gcc/arm-none-eabi/4.9.3/../../../../arm-none-eabi/lib/armv7e-m/softfp/libc_nano.a(lib_a-nano-mallocr.o)
 .debug_frame   0x00000000000029c4       0x74 /usr/local/gcc-arm-none-eabi-4_9-2015q1/bin/../lib/gcc/arm-none-eabi/4.9.3/../../../../arm-none-eabi/lib/armv7e-m/softfp/libc_nano.a(lib_a-printf.o)
 .debug_frame   0x0000000000002a38       0x44 /usr/local/gcc-arm-none-eabi-4_9-2015q1/bin/../lib/gcc/arm-none-eabi/4.9.3/../../../../arm-none-eabi/lib/armv7e-m/softfp/libc_nano.a(lib_a-rand.o)
 .debug_frame   0x0000000000002a7c       0x5c /usr/local/gcc-arm-none-eabi-4_9-2015q1/bin/../lib/gcc/arm-none-eabi/4.9.3/../../../../arm-none-eabi/lib/armv7e-m/softfp/libc_nano.a(lib_a-reent.o)
 .debug_frame   0x0000000000002ad8       0x2c /usr/local/gcc-arm-none-eabi-4_9-2015q1/bin/../lib/gcc/arm-none-eabi/4.9.3/../../../../arm-none-eabi/lib/armv7e-m/softfp/libc_nano.a(lib_a-sbrkr.o)
 .debug_frame   0x0000000000002b04       0x30 /usr/local/gcc-arm-none-eabi-4_9-2015q1/bin/../lib/gcc/arm-none-eabi/4.9.3/../../../../arm-none-eabi/lib/armv7e-m/softfp/libc_nano.a(lib_a-setvbuf.o)
 .debug_frame   0x0000000000002b34       0x88 /usr/local/gcc-arm-none-eabi-4_9-2015q1/bin/../lib/gcc/arm-none-eabi/4.9.3/../../../../arm-none-eabi/lib/armv7e-m/softfp/libc_nano.a(lib_a-stdio.o)
 .debug_frame   0x0000000000002bbc       0x2c /usr/local/gcc-arm-none-eabi-4_9-2015q1/bin/../lib/gcc/arm-none-eabi/4.9.3/../../../../arm-none-eabi/lib/armv7e-m/softfp/libc_nano.a(lib_a-writer.o)
 .debug_frame   0x0000000000002be8       0x2c /usr/local/gcc-arm-none-eabi-4_9-2015q1/bin/../lib/gcc/arm-none-eabi/4.9.3/../../../../arm-none-eabi/lib/armv7e-m/softfp/libc_nano.a(lib_a-closer.o)
 .debug_frame   0x0000000000002c14       0x2c /usr/local/gcc-arm-none-eabi-4_9-2015q1/bin/../lib/gcc/arm-none-eabi/4.9.3/../../../../arm-none-eabi/lib/armv7e-m/softfp/libc_nano.a(lib_a-lseekr.o)
 .debug_frame   0x0000000000002c40       0x30 /usr/local/gcc-arm-none-eabi-4_9-2015q1/bin/../lib/gcc/arm-none-eabi/4.9.3/../../../../arm-none-eabi/lib/armv7e-m/softfp/libc_nano.a(lib_a-malloc.o)
 .debug_frame   0x0000000000002c70       0xb8 /usr/local/gcc-arm-none-eabi-4_9-2015q1/bin/../lib/gcc/arm-none-eabi/4.9.3/../../../../arm-none-eabi/lib/armv7e-m/softfp/libc_nano.a(lib_a-nano-vfprintf.o)
 .debug_frame   0x0000000000002d28       0x58 /usr/local/gcc-arm-none-eabi-4_9-2015q1/bin/../lib/gcc/arm-none-eabi/4.9.3/../../../../arm-none-eabi/lib/armv7e-m/softfp/libc_nano.a(lib_a-nano-vfprintf_i.o)
 .debug_frame   0x0000000000002d80       0x2c /usr/local/gcc-arm-none-eabi-4_9-2015q1/bin/../lib/gcc/arm-none-eabi/4.9.3/../../../../arm-none-eabi/lib/armv7e-m/softfp/libc_nano.a(lib_a-readr.o)
 .debug_frame   0x0000000000002dac       0x3c /usr/local/gcc-arm-none-eabi-4_9-2015q1/bin/../lib/gcc/arm-none-eabi/4.9.3/../../../../arm-none-eabi/lib/armv7e-m/softfp/libc_nano.a(lib_a-wbuf.o)
 .debug_frame   0x0000000000002de8       0x2c /usr/local/gcc-arm-none-eabi-4_9-2015q1/bin/../lib/gcc/arm-none-eabi/4.9.3/../../../../arm-none-eabi/lib/armv7e-m/softfp/libc_nano.a(lib_a-wsetup.o)
 .debug_frame   0x0000000000002e14       0x34 /usr/local/gcc-arm-none-eabi-4_9-2015q1/bin/../lib/gcc/arm-none-eabi/4.9.3/../../../../arm-none-eabi/lib/armv7e-m/softfp/libc_nano.a(lib_a-makebuf.o)
 .debug_frame   0x0000000000002e48       0x28 /usr/local/gcc-arm-none-eabi-4_9-2015q1/bin/../lib/gcc/arm-none-eabi/4.9.3/../../../../arm-none-eabi/lib/armv7e-m/softfp/libc_nano.a(lib_a-memchr.o)
 .debug_frame   0x0000000000002e70       0x2c /usr/local/gcc-arm-none-eabi-4_9-2015q1/bin/../lib/gcc/arm-none-eabi/4.9.3/../../../../arm-none-eabi/lib/armv7e-m/softfp/libc_nano.a(lib_a-fstatr.o)
 .debug_frame   0x0000000000002e9c       0x2c /usr/local/gcc-arm-none-eabi-4_9-2015q1/bin/../lib/gcc/arm-none-eabi/4.9.3/../../../../arm-none-eabi/lib/armv7e-m/softfp/libc_nano.a(lib_a-isattyr.o)

.debug_info     0x0000000000000000     0xc72c
 .debug_info    0x0000000000000000     0x131c src/main.o
 .debug_info    0x000000000000131c      0x9e1 src/mytasks.o
 .debug_info    0x0000000000001cfd      0xd71 src/uart.o
 .debug_info    0x0000000000002a6e      0xb5b src/syscalls.o
 .debug_info    0x00000000000035c9      0x93b src/exti.o
 .debug_info    0x0000000000003f04      0x49e src/system_stm32f4xx.o
 .debug_info    0x00000000000043a2      0x58d src/stm32f4xx_it.o
 .debug_info    0x000000000000492f     0x1264 ../FreeRTOSV8.2.0/FreeRTOS/Source/queue.o
 .debug_info    0x0000000000005b93     0x1c7c ../FreeRTOSV8.2.0/FreeRTOS/Source/tasks.o
 .debug_info    0x000000000000780f      0x29d ../FreeRTOSV8.2.0/FreeRTOS/Source/list.o
 .debug_info    0x0000000000007aac      0x907 ../FreeRTOSV8.2.0/FreeRTOS/Source/timers.o
 .debug_info    0x00000000000083b3      0x4e1 ../FreeRTOSV8.2.0/FreeRTOS/Source/portable/GCC/ARM_CM4F/port.o
 .debug_info    0x0000000000008894      0x1c7 ../FreeRTOSV8.2.0/FreeRTOS/Source/portable/MemMang/heap_1.o
 .debug_info    0x0000000000008a5b       0x79 startup/startup_stm32f401xe.o
 .debug_info    0x0000000000008ad4      0x836 ../STM32Cube_FW_F4_V1.4.0/Drivers/STM32F4xx_HAL_Driver/Src/stm32f4xx_hal.o
 .debug_info    0x000000000000930a      0xac8 ../STM32Cube_FW_F4_V1.4.0/Drivers/STM32F4xx_HAL_Driver/Src/stm32f4xx_hal_cortex.o
 .debug_info    0x0000000000009dd2      0x626 ../STM32Cube_FW_F4_V1.4.0/Drivers/STM32F4xx_HAL_Driver/Src/stm32f4xx_hal_dma.o
 .debug_info    0x000000000000a3f8      0x6c2 ../STM32Cube_FW_F4_V1.4.0/Drivers/STM32F4xx_HAL_Driver/Src/stm32f4xx_hal_gpio.o
 .debug_info    0x000000000000aaba      0xdb2 ../STM32Cube_FW_F4_V1.4.0/Drivers/STM32F4xx_HAL_Driver/Src/stm32f4xx_hal_rcc.o
 .debug_info    0x000000000000b86c      0xec0 ../STM32Cube_FW_F4_V1.4.0/Drivers/STM32F4xx_HAL_Driver/Src/stm32f4xx_hal_uart.o

.debug_abbrev   0x0000000000000000     0x2366
 .debug_abbrev  0x0000000000000000      0x314 src/main.o
 .debug_abbrev  0x0000000000000314      0x1f9 src/mytasks.o
 .debug_abbrev  0x000000000000050d      0x214 src/uart.o
 .debug_abbrev  0x0000000000000721      0x1e1 src/syscalls.o
 .debug_abbrev  0x0000000000000902      0x1af src/exti.o
 .debug_abbrev  0x0000000000000ab1      0x101 src/system_stm32f4xx.o
 .debug_abbrev  0x0000000000000bb2      0x120 src/stm32f4xx_it.o
 .debug_abbrev  0x0000000000000cd2      0x208 ../FreeRTOSV8.2.0/FreeRTOS/Source/queue.o
 .debug_abbrev  0x0000000000000eda      0x27e ../FreeRTOSV8.2.0/FreeRTOS/Source/tasks.o
 .debug_abbrev  0x0000000000001158       0xbe ../FreeRTOSV8.2.0/FreeRTOS/Source/list.o
 .debug_abbrev  0x0000000000001216      0x1c2 ../FreeRTOSV8.2.0/FreeRTOS/Source/timers.o
 .debug_abbrev  0x00000000000013d8      0x1ce ../FreeRTOSV8.2.0/FreeRTOS/Source/portable/GCC/ARM_CM4F/port.o
 .debug_abbrev  0x00000000000015a6      0x13e ../FreeRTOSV8.2.0/FreeRTOS/Source/portable/MemMang/heap_1.o
 .debug_abbrev  0x00000000000016e4       0x12 startup/startup_stm32f401xe.o
 .debug_abbrev  0x00000000000016f6      0x22a ../STM32Cube_FW_F4_V1.4.0/Drivers/STM32F4xx_HAL_Driver/Src/stm32f4xx_hal.o
 .debug_abbrev  0x0000000000001920      0x299 ../STM32Cube_FW_F4_V1.4.0/Drivers/STM32F4xx_HAL_Driver/Src/stm32f4xx_hal_cortex.o
 .debug_abbrev  0x0000000000001bb9      0x199 ../STM32Cube_FW_F4_V1.4.0/Drivers/STM32F4xx_HAL_Driver/Src/stm32f4xx_hal_dma.o
 .debug_abbrev  0x0000000000001d52      0x1a1 ../STM32Cube_FW_F4_V1.4.0/Drivers/STM32F4xx_HAL_Driver/Src/stm32f4xx_hal_gpio.o
 .debug_abbrev  0x0000000000001ef3      0x24f ../STM32Cube_FW_F4_V1.4.0/Drivers/STM32F4xx_HAL_Driver/Src/stm32f4xx_hal_rcc.o
 .debug_abbrev  0x0000000000002142      0x224 ../STM32Cube_FW_F4_V1.4.0/Drivers/STM32F4xx_HAL_Driver/Src/stm32f4xx_hal_uart.o

.debug_aranges  0x0000000000000000      0x288
 .debug_aranges
                0x0000000000000000       0x20 src/main.o
 .debug_aranges
                0x0000000000000020       0x20 src/mytasks.o
 .debug_aranges
                0x0000000000000040       0x20 src/uart.o
 .debug_aranges
                0x0000000000000060       0x20 src/syscalls.o
 .debug_aranges
                0x0000000000000080       0x20 src/exti.o
 .debug_aranges
                0x00000000000000a0       0x20 src/system_stm32f4xx.o
 .debug_aranges
                0x00000000000000c0       0x20 src/stm32f4xx_it.o
 .debug_aranges
                0x00000000000000e0       0x20 ../FreeRTOSV8.2.0/FreeRTOS/Source/queue.o
 .debug_aranges
                0x0000000000000100       0x20 ../FreeRTOSV8.2.0/FreeRTOS/Source/tasks.o
 .debug_aranges
                0x0000000000000120       0x20 ../FreeRTOSV8.2.0/FreeRTOS/Source/list.o
 .debug_aranges
                0x0000000000000140       0x20 ../FreeRTOSV8.2.0/FreeRTOS/Source/timers.o
 .debug_aranges
                0x0000000000000160       0x20 ../FreeRTOSV8.2.0/FreeRTOS/Source/portable/GCC/ARM_CM4F/port.o
 .debug_aranges
                0x0000000000000180       0x20 ../FreeRTOSV8.2.0/FreeRTOS/Source/portable/MemMang/heap_1.o
 .debug_aranges
                0x00000000000001a0       0x28 startup/startup_stm32f401xe.o
 .debug_aranges
                0x00000000000001c8       0x20 ../STM32Cube_FW_F4_V1.4.0/Drivers/STM32F4xx_HAL_Driver/Src/stm32f4xx_hal.o
 .debug_aranges
                0x00000000000001e8       0x20 ../STM32Cube_FW_F4_V1.4.0/Drivers/STM32F4xx_HAL_Driver/Src/stm32f4xx_hal_cortex.o
 .debug_aranges
                0x0000000000000208       0x20 ../STM32Cube_FW_F4_V1.4.0/Drivers/STM32F4xx_HAL_Driver/Src/stm32f4xx_hal_dma.o
 .debug_aranges
                0x0000000000000228       0x20 ../STM32Cube_FW_F4_V1.4.0/Drivers/STM32F4xx_HAL_Driver/Src/stm32f4xx_hal_gpio.o
 .debug_aranges
                0x0000000000000248       0x20 ../STM32Cube_FW_F4_V1.4.0/Drivers/STM32F4xx_HAL_Driver/Src/stm32f4xx_hal_rcc.o
 .debug_aranges
                0x0000000000000268       0x20 ../STM32Cube_FW_F4_V1.4.0/Drivers/STM32F4xx_HAL_Driver/Src/stm32f4xx_hal_uart.o

.debug_line     0x0000000000000000     0x50bb
 .debug_line    0x0000000000000000      0x3aa src/main.o
 .debug_line    0x00000000000003aa      0x2b3 src/mytasks.o
 .debug_line    0x000000000000065d      0x2b0 src/uart.o
 .debug_line    0x000000000000090d      0x336 src/syscalls.o
 .debug_line    0x0000000000000c43      0x1e2 src/exti.o
 .debug_line    0x0000000000000e25      0x1a2 src/system_stm32f4xx.o
 .debug_line    0x0000000000000fc7      0x26f src/stm32f4xx_it.o
 .debug_line    0x0000000000001236      0x7f0 ../FreeRTOSV8.2.0/FreeRTOS/Source/queue.o
 .debug_line    0x0000000000001a26      0xa66 ../FreeRTOSV8.2.0/FreeRTOS/Source/tasks.o
 .debug_line    0x000000000000248c      0x1b6 ../FreeRTOSV8.2.0/FreeRTOS/Source/list.o
 .debug_line    0x0000000000002642      0x30c ../FreeRTOSV8.2.0/FreeRTOS/Source/timers.o
 .debug_line    0x000000000000294e      0x2f8 ../FreeRTOSV8.2.0/FreeRTOS/Source/portable/GCC/ARM_CM4F/port.o
 .debug_line    0x0000000000002c46      0x1e4 ../FreeRTOSV8.2.0/FreeRTOS/Source/portable/MemMang/heap_1.o
 .debug_line    0x0000000000002e2a       0x7c startup/startup_stm32f401xe.o
 .debug_line    0x0000000000002ea6      0x261 ../STM32Cube_FW_F4_V1.4.0/Drivers/STM32F4xx_HAL_Driver/Src/stm32f4xx_hal.o
 .debug_line    0x0000000000003107      0x2a0 ../STM32Cube_FW_F4_V1.4.0/Drivers/STM32F4xx_HAL_Driver/Src/stm32f4xx_hal_cortex.o
 .debug_line    0x00000000000033a7      0xe88 ../STM32Cube_FW_F4_V1.4.0/Drivers/STM32F4xx_HAL_Driver/Src/stm32f4xx_hal_dma.o
 .debug_line    0x000000000000422f      0x2d8 ../STM32Cube_FW_F4_V1.4.0/Drivers/STM32F4xx_HAL_Driver/Src/stm32f4xx_hal_gpio.o
 .debug_line    0x0000000000004507      0x510 ../STM32Cube_FW_F4_V1.4.0/Drivers/STM32F4xx_HAL_Driver/Src/stm32f4xx_hal_rcc.o
 .debug_line    0x0000000000004a17      0x6a4 ../STM32Cube_FW_F4_V1.4.0/Drivers/STM32F4xx_HAL_Driver/Src/stm32f4xx_hal_uart.o

.debug_str      0x0000000000000000     0x3ae5
 .debug_str     0x0000000000000000      0xce4 src/main.o
                                        0xd9b (size before relaxing)
 .debug_str     0x0000000000000ce4       0x45 src/mytasks.o
                                        0x5dc (size before relaxing)
 .debug_str     0x0000000000000d29      0x4ba src/uart.o
                                        0xc90 (size before relaxing)
 .debug_str     0x00000000000011e3      0x22a src/syscalls.o
                                        0x878 (size before relaxing)
 .debug_str     0x000000000000140d       0xb1 src/exti.o
                                        0x7fe (size before relaxing)
 .debug_str     0x00000000000014be       0x63 src/system_stm32f4xx.o
                                        0x362 (size before relaxing)
 .debug_str     0x0000000000001521       0x93 src/stm32f4xx_it.o
                                        0x673 (size before relaxing)
 .debug_str     0x00000000000015b4      0x5f2 ../FreeRTOSV8.2.0/FreeRTOS/Source/queue.o
                                        0x805 (size before relaxing)
 .debug_str     0x0000000000001ba6      0xb28 ../FreeRTOSV8.2.0/FreeRTOS/Source/tasks.o
                                        0xecd (size before relaxing)
 .debug_str     0x00000000000026ce       0xb6 ../FreeRTOSV8.2.0/FreeRTOS/Source/list.o
                                        0x2dd (size before relaxing)
 .debug_str     0x0000000000002784      0x3bb ../FreeRTOSV8.2.0/FreeRTOS/Source/timers.o
                                        0x6a9 (size before relaxing)
 .debug_str     0x0000000000002b3f      0x1e4 ../FreeRTOSV8.2.0/FreeRTOS/Source/portable/GCC/ARM_CM4F/port.o
                                        0x450 (size before relaxing)
 .debug_str     0x0000000000002d23       0xb7 ../FreeRTOSV8.2.0/FreeRTOS/Source/portable/MemMang/heap_1.o
                                        0x281 (size before relaxing)
 .debug_str     0x0000000000002dda      0x322 ../STM32Cube_FW_F4_V1.4.0/Drivers/STM32F4xx_HAL_Driver/Src/stm32f4xx_hal.o
                                        0x8ba (size before relaxing)
 .debug_str     0x00000000000030fc      0x244 ../STM32Cube_FW_F4_V1.4.0/Drivers/STM32F4xx_HAL_Driver/Src/stm32f4xx_hal_cortex.o
                                        0x943 (size before relaxing)
 .debug_str     0x0000000000003340      0x184 ../STM32Cube_FW_F4_V1.4.0/Drivers/STM32F4xx_HAL_Driver/Src/stm32f4xx_hal_dma.o
                                        0x5b2 (size before relaxing)
 .debug_str     0x00000000000034c4      0x11d ../STM32Cube_FW_F4_V1.4.0/Drivers/STM32F4xx_HAL_Driver/Src/stm32f4xx_hal_gpio.o
                                        0x4a1 (size before relaxing)
 .debug_str     0x00000000000035e1      0x1b2 ../STM32Cube_FW_F4_V1.4.0/Drivers/STM32F4xx_HAL_Driver/Src/stm32f4xx_hal_rcc.o
                                        0x66d (size before relaxing)
 .debug_str     0x0000000000003793      0x352 ../STM32Cube_FW_F4_V1.4.0/Drivers/STM32F4xx_HAL_Driver/Src/stm32f4xx_hal_uart.o
                                        0x9c3 (size before relaxing)

.comment        0x0000000000000000       0xa3
 .comment       0x0000000000000000       0x70 src/main.o
                                         0x71 (size before relaxing)
 .comment       0x0000000000000000       0x71 src/mytasks.o
 .comment       0x0000000000000000       0x71 src/uart.o
 .comment       0x0000000000000000       0x71 src/syscalls.o
 .comment       0x0000000000000000       0x71 src/exti.o
 .comment       0x0000000000000000       0x71 src/system_stm32f4xx.o
 .comment       0x0000000000000000       0x71 src/stm32f4xx_it.o
 .comment       0x0000000000000000       0x71 ../FreeRTOSV8.2.0/FreeRTOS/Source/queue.o
 .comment       0x0000000000000000       0x71 ../FreeRTOSV8.2.0/FreeRTOS/Source/tasks.o
 .comment       0x0000000000000000       0x71 ../FreeRTOSV8.2.0/FreeRTOS/Source/list.o
 .comment       0x0000000000000000       0x71 ../FreeRTOSV8.2.0/FreeRTOS/Source/timers.o
 .comment       0x0000000000000000       0x71 ../FreeRTOSV8.2.0/FreeRTOS/Source/portable/GCC/ARM_CM4F/port.o
 .comment       0x0000000000000000       0x71 ../FreeRTOSV8.2.0/FreeRTOS/Source/portable/MemMang/heap_1.o
 .comment       0x0000000000000070       0x33 ../STM32Cube_FW_F4_V1.4.0/Drivers/STM32F4xx_HAL_Driver/Src/stm32f4xx_hal.o
                                         0x34 (size before relaxing)
 .comment       0x0000000000000000       0x34 ../STM32Cube_FW_F4_V1.4.0/Drivers/STM32F4xx_HAL_Driver/Src/stm32f4xx_hal_cortex.o
 .comment       0x0000000000000000       0x34 ../STM32Cube_FW_F4_V1.4.0/Drivers/STM32F4xx_HAL_Driver/Src/stm32f4xx_hal_dma.o
 .comment       0x0000000000000000       0x34 ../STM32Cube_FW_F4_V1.4.0/Drivers/STM32F4xx_HAL_Driver/Src/stm32f4xx_hal_gpio.o
 .comment       0x0000000000000000       0x34 ../STM32Cube_FW_F4_V1.4.0/Drivers/STM32F4xx_HAL_Driver/Src/stm32f4xx_hal_rcc.o
 .comment       0x0000000000000000       0x34 ../STM32Cube_FW_F4_V1.4.0/Drivers/STM32F4xx_HAL_Driver/Src/stm32f4xx_hal_uart.o

.debug_ranges   0x0000000000000000       0x20
 .debug_ranges  0x0000000000000000       0x20 startup/startup_stm32f401xe.o

Cross Reference Table

Symbol                                            File
ADC_IRQHandler                                    startup/startup_stm32f401xe.o
AHBPrescTable                                     src/system_stm32f4xx.o
APBAHBPrescTable                                  ../STM32Cube_FW_F4_V1.4.0/Drivers/STM32F4xx_HAL_Driver/Src/stm32f4xx_hal_rcc.o
BusFault_Handler                                  src/stm32f4xx_it.o
DMA1_Stream0_IRQHandler                           startup/startup_stm32f401xe.o
DMA1_Stream1_IRQHandler                           startup/startup_stm32f401xe.o
DMA1_Stream2_IRQHandler                           startup/startup_stm32f401xe.o
DMA1_Stream3_IRQHandler                           startup/startup_stm32f401xe.o
DMA1_Stream4_IRQHandler                           startup/startup_stm32f401xe.o
DMA1_Stream5_IRQHandler                           src/uart.o
DMA1_Stream6_IRQHandler                           src/uart.o
DMA1_Stream7_IRQHandler                           startup/startup_stm32f401xe.o
DMA2_Stream0_IRQHandler                           startup/startup_stm32f401xe.o
DMA2_Stream1_IRQHandler                           startup/startup_stm32f401xe.o
DMA2_Stream2_IRQHandler                           startup/startup_stm32f401xe.o
DMA2_Stream3_IRQHandler                           startup/startup_stm32f401xe.o
DMA2_Stream4_IRQHandler                           startup/startup_stm32f401xe.o
DMA2_Stream5_IRQHandler                           startup/startup_stm32f401xe.o
DMA2_Stream6_IRQHandler                           startup/startup_stm32f401xe.o
DMA2_Stream7_IRQHandler                           startup/startup_stm32f401xe.o
DebugMon_Handler                                  src/stm32f4xx_it.o
Default_Handler                                   startup/startup_stm32f401xe.o
EXTI0_IRQHandler                                  startup/startup_stm32f401xe.o
EXTI15_10_IRQHandler                              src/exti.o
EXTI1_IRQHandler                                  startup/startup_stm32f401xe.o
EXTI2_IRQHandler                                  startup/startup_stm32f401xe.o
EXTI3_IRQHandler                                  startup/startup_stm32f401xe.o
EXTI4_IRQHandler                                  startup/startup_stm32f401xe.o
EXTI9_5_IRQHandler                                startup/startup_stm32f401xe.o
FLASH_Erase_Sector                                ../STM32Cube_FW_F4_V1.4.0/Drivers/STM32F4xx_HAL_Driver/Src/stm32f4xx_hal_flash.o
FLASH_IRQHandler                                  startup/startup_stm32f401xe.o
FLASH_WaitForLastOperation                        ../STM32Cube_FW_F4_V1.4.0/Drivers/STM32F4xx_HAL_Driver/Src/stm32f4xx_hal_flash.o
FPU_IRQHandler                                    startup/startup_stm32f401xe.o
HAL_DBGMCU_DisableDBGSleepMode                    ../STM32Cube_FW_F4_V1.4.0/Drivers/STM32F4xx_HAL_Driver/Src/stm32f4xx_hal.o
HAL_DBGMCU_DisableDBGStandbyMode                  ../STM32Cube_FW_F4_V1.4.0/Drivers/STM32F4xx_HAL_Driver/Src/stm32f4xx_hal.o
HAL_DBGMCU_DisableDBGStopMode                     ../STM32Cube_FW_F4_V1.4.0/Drivers/STM32F4xx_HAL_Driver/Src/stm32f4xx_hal.o
HAL_DBGMCU_EnableDBGSleepMode                     ../STM32Cube_FW_F4_V1.4.0/Drivers/STM32F4xx_HAL_Driver/Src/stm32f4xx_hal.o
HAL_DBGMCU_EnableDBGStandbyMode                   ../STM32Cube_FW_F4_V1.4.0/Drivers/STM32F4xx_HAL_Driver/Src/stm32f4xx_hal.o
HAL_DBGMCU_EnableDBGStopMode                      ../STM32Cube_FW_F4_V1.4.0/Drivers/STM32F4xx_HAL_Driver/Src/stm32f4xx_hal.o
HAL_DMA_Abort                                     ../STM32Cube_FW_F4_V1.4.0/Drivers/STM32F4xx_HAL_Driver/Src/stm32f4xx_hal_dma.o
                                                  ../STM32Cube_FW_F4_V1.4.0/Drivers/STM32F4xx_HAL_Driver/Src/stm32f4xx_hal_uart.o
HAL_DMA_DeInit                                    ../STM32Cube_FW_F4_V1.4.0/Drivers/STM32F4xx_HAL_Driver/Src/stm32f4xx_hal_dma.o
HAL_DMA_GetError                                  ../STM32Cube_FW_F4_V1.4.0/Drivers/STM32F4xx_HAL_Driver/Src/stm32f4xx_hal_dma.o
HAL_DMA_GetState                                  ../STM32Cube_FW_F4_V1.4.0/Drivers/STM32F4xx_HAL_Driver/Src/stm32f4xx_hal_dma.o
HAL_DMA_IRQHandler                                ../STM32Cube_FW_F4_V1.4.0/Drivers/STM32F4xx_HAL_Driver/Src/stm32f4xx_hal_dma.o
                                                  src/uart.o
HAL_DMA_Init                                      ../STM32Cube_FW_F4_V1.4.0/Drivers/STM32F4xx_HAL_Driver/Src/stm32f4xx_hal_dma.o
                                                  src/uart.o
HAL_DMA_PollForTransfer                           ../STM32Cube_FW_F4_V1.4.0/Drivers/STM32F4xx_HAL_Driver/Src/stm32f4xx_hal_dma.o
HAL_DMA_Start                                     ../STM32Cube_FW_F4_V1.4.0/Drivers/STM32F4xx_HAL_Driver/Src/stm32f4xx_hal_dma.o
HAL_DMA_Start_IT                                  ../STM32Cube_FW_F4_V1.4.0/Drivers/STM32F4xx_HAL_Driver/Src/stm32f4xx_hal_dma.o
                                                  ../STM32Cube_FW_F4_V1.4.0/Drivers/STM32F4xx_HAL_Driver/Src/stm32f4xx_hal_uart.o
HAL_DeInit                                        ../STM32Cube_FW_F4_V1.4.0/Drivers/STM32F4xx_HAL_Driver/Src/stm32f4xx_hal.o
HAL_Delay                                         ../STM32Cube_FW_F4_V1.4.0/Drivers/STM32F4xx_HAL_Driver/Src/stm32f4xx_hal.o
HAL_DisableCompensationCell                       ../STM32Cube_FW_F4_V1.4.0/Drivers/STM32F4xx_HAL_Driver/Src/stm32f4xx_hal.o
HAL_EnableCompensationCell                        ../STM32Cube_FW_F4_V1.4.0/Drivers/STM32F4xx_HAL_Driver/Src/stm32f4xx_hal.o
HAL_FLASH_EndOfOperationCallback                  ../STM32Cube_FW_F4_V1.4.0/Drivers/STM32F4xx_HAL_Driver/Src/stm32f4xx_hal_flash.o
HAL_FLASH_GetError                                ../STM32Cube_FW_F4_V1.4.0/Drivers/STM32F4xx_HAL_Driver/Src/stm32f4xx_hal_flash.o
HAL_FLASH_IRQHandler                              ../STM32Cube_FW_F4_V1.4.0/Drivers/STM32F4xx_HAL_Driver/Src/stm32f4xx_hal_flash.o
HAL_FLASH_Lock                                    ../STM32Cube_FW_F4_V1.4.0/Drivers/STM32F4xx_HAL_Driver/Src/stm32f4xx_hal_flash.o
HAL_FLASH_OB_Launch                               ../STM32Cube_FW_F4_V1.4.0/Drivers/STM32F4xx_HAL_Driver/Src/stm32f4xx_hal_flash.o
HAL_FLASH_OB_Lock                                 ../STM32Cube_FW_F4_V1.4.0/Drivers/STM32F4xx_HAL_Driver/Src/stm32f4xx_hal_flash.o
HAL_FLASH_OB_Unlock                               ../STM32Cube_FW_F4_V1.4.0/Drivers/STM32F4xx_HAL_Driver/Src/stm32f4xx_hal_flash.o
HAL_FLASH_OperationErrorCallback                  ../STM32Cube_FW_F4_V1.4.0/Drivers/STM32F4xx_HAL_Driver/Src/stm32f4xx_hal_flash.o
HAL_FLASH_Program                                 ../STM32Cube_FW_F4_V1.4.0/Drivers/STM32F4xx_HAL_Driver/Src/stm32f4xx_hal_flash.o
HAL_FLASH_Program_IT                              ../STM32Cube_FW_F4_V1.4.0/Drivers/STM32F4xx_HAL_Driver/Src/stm32f4xx_hal_flash.o
HAL_FLASH_Unlock                                  ../STM32Cube_FW_F4_V1.4.0/Drivers/STM32F4xx_HAL_Driver/Src/stm32f4xx_hal_flash.o
HAL_GPIO_DeInit                                   ../STM32Cube_FW_F4_V1.4.0/Drivers/STM32F4xx_HAL_Driver/Src/stm32f4xx_hal_gpio.o
HAL_GPIO_EXTI_Callback                            src/exti.o
HAL_GPIO_EXTI_IRQHandler                          ../STM32Cube_FW_F4_V1.4.0/Drivers/STM32F4xx_HAL_Driver/Src/stm32f4xx_hal_gpio.o
HAL_GPIO_Init                                     ../STM32Cube_FW_F4_V1.4.0/Drivers/STM32F4xx_HAL_Driver/Src/stm32f4xx_hal_gpio.o
                                                  ../STM32Cube_FW_F4_V1.4.0/Drivers/STM32F4xx_HAL_Driver/Src/stm32f4xx_hal_rcc.o
                                                  src/uart.o
                                                  src/main.o
HAL_GPIO_LockPin                                  ../STM32Cube_FW_F4_V1.4.0/Drivers/STM32F4xx_HAL_Driver/Src/stm32f4xx_hal_gpio.o
HAL_GPIO_ReadPin                                  ../STM32Cube_FW_F4_V1.4.0/Drivers/STM32F4xx_HAL_Driver/Src/stm32f4xx_hal_gpio.o
HAL_GPIO_TogglePin                                ../STM32Cube_FW_F4_V1.4.0/Drivers/STM32F4xx_HAL_Driver/Src/stm32f4xx_hal_gpio.o
HAL_GPIO_WritePin                                 ../STM32Cube_FW_F4_V1.4.0/Drivers/STM32F4xx_HAL_Driver/Src/stm32f4xx_hal_gpio.o
HAL_GetDEVID                                      ../STM32Cube_FW_F4_V1.4.0/Drivers/STM32F4xx_HAL_Driver/Src/stm32f4xx_hal.o
HAL_GetHalVersion                                 ../STM32Cube_FW_F4_V1.4.0/Drivers/STM32F4xx_HAL_Driver/Src/stm32f4xx_hal.o
HAL_GetREVID                                      ../STM32Cube_FW_F4_V1.4.0/Drivers/STM32F4xx_HAL_Driver/Src/stm32f4xx_hal.o
HAL_GetTick                                       ../STM32Cube_FW_F4_V1.4.0/Drivers/STM32F4xx_HAL_Driver/Src/stm32f4xx_hal.o
                                                  ../STM32Cube_FW_F4_V1.4.0/Drivers/STM32F4xx_HAL_Driver/Src/stm32f4xx_hal_uart.o
                                                  ../STM32Cube_FW_F4_V1.4.0/Drivers/STM32F4xx_HAL_Driver/Src/stm32f4xx_hal_rcc.o
                                                  ../STM32Cube_FW_F4_V1.4.0/Drivers/STM32F4xx_HAL_Driver/Src/stm32f4xx_hal_flash.o
                                                  ../STM32Cube_FW_F4_V1.4.0/Drivers/STM32F4xx_HAL_Driver/Src/stm32f4xx_hal_dma.o
HAL_HalfDuplex_EnableReceiver                     ../STM32Cube_FW_F4_V1.4.0/Drivers/STM32F4xx_HAL_Driver/Src/stm32f4xx_hal_uart.o
HAL_HalfDuplex_EnableTransmitter                  ../STM32Cube_FW_F4_V1.4.0/Drivers/STM32F4xx_HAL_Driver/Src/stm32f4xx_hal_uart.o
HAL_HalfDuplex_Init                               ../STM32Cube_FW_F4_V1.4.0/Drivers/STM32F4xx_HAL_Driver/Src/stm32f4xx_hal_uart.o
HAL_IncTick                                       ../STM32Cube_FW_F4_V1.4.0/Drivers/STM32F4xx_HAL_Driver/Src/stm32f4xx_hal.o
                                                  src/main.o
HAL_Init                                          ../STM32Cube_FW_F4_V1.4.0/Drivers/STM32F4xx_HAL_Driver/Src/stm32f4xx_hal.o
                                                  src/main.o
HAL_InitTick                                      ../STM32Cube_FW_F4_V1.4.0/Drivers/STM32F4xx_HAL_Driver/Src/stm32f4xx_hal.o
                                                  ../STM32Cube_FW_F4_V1.4.0/Drivers/STM32F4xx_HAL_Driver/Src/stm32f4xx_hal_rcc.o
HAL_LIN_Init                                      ../STM32Cube_FW_F4_V1.4.0/Drivers/STM32F4xx_HAL_Driver/Src/stm32f4xx_hal_uart.o
HAL_LIN_SendBreak                                 ../STM32Cube_FW_F4_V1.4.0/Drivers/STM32F4xx_HAL_Driver/Src/stm32f4xx_hal_uart.o
HAL_MspDeInit                                     ../STM32Cube_FW_F4_V1.4.0/Drivers/STM32F4xx_HAL_Driver/Src/stm32f4xx_hal.o
HAL_MspInit                                       ../STM32Cube_FW_F4_V1.4.0/Drivers/STM32F4xx_HAL_Driver/Src/stm32f4xx_hal.o
HAL_MultiProcessor_EnterMuteMode                  ../STM32Cube_FW_F4_V1.4.0/Drivers/STM32F4xx_HAL_Driver/Src/stm32f4xx_hal_uart.o
HAL_MultiProcessor_ExitMuteMode                   ../STM32Cube_FW_F4_V1.4.0/Drivers/STM32F4xx_HAL_Driver/Src/stm32f4xx_hal_uart.o
HAL_MultiProcessor_Init                           ../STM32Cube_FW_F4_V1.4.0/Drivers/STM32F4xx_HAL_Driver/Src/stm32f4xx_hal_uart.o
HAL_NVIC_ClearPendingIRQ                          ../STM32Cube_FW_F4_V1.4.0/Drivers/STM32F4xx_HAL_Driver/Src/stm32f4xx_hal_cortex.o
HAL_NVIC_DisableIRQ                               ../STM32Cube_FW_F4_V1.4.0/Drivers/STM32F4xx_HAL_Driver/Src/stm32f4xx_hal_cortex.o
HAL_NVIC_EnableIRQ                                ../STM32Cube_FW_F4_V1.4.0/Drivers/STM32F4xx_HAL_Driver/Src/stm32f4xx_hal_cortex.o
HAL_NVIC_GetActive                                ../STM32Cube_FW_F4_V1.4.0/Drivers/STM32F4xx_HAL_Driver/Src/stm32f4xx_hal_cortex.o
HAL_NVIC_GetPendingIRQ                            ../STM32Cube_FW_F4_V1.4.0/Drivers/STM32F4xx_HAL_Driver/Src/stm32f4xx_hal_cortex.o
HAL_NVIC_GetPriority                              ../STM32Cube_FW_F4_V1.4.0/Drivers/STM32F4xx_HAL_Driver/Src/stm32f4xx_hal_cortex.o
HAL_NVIC_GetPriorityGrouping                      ../STM32Cube_FW_F4_V1.4.0/Drivers/STM32F4xx_HAL_Driver/Src/stm32f4xx_hal_cortex.o
HAL_NVIC_SetPendingIRQ                            ../STM32Cube_FW_F4_V1.4.0/Drivers/STM32F4xx_HAL_Driver/Src/stm32f4xx_hal_cortex.o
HAL_NVIC_SetPriority                              ../STM32Cube_FW_F4_V1.4.0/Drivers/STM32F4xx_HAL_Driver/Src/stm32f4xx_hal_cortex.o
                                                  ../STM32Cube_FW_F4_V1.4.0/Drivers/STM32F4xx_HAL_Driver/Src/stm32f4xx_hal.o
HAL_NVIC_SetPriorityGrouping                      ../STM32Cube_FW_F4_V1.4.0/Drivers/STM32F4xx_HAL_Driver/Src/stm32f4xx_hal_cortex.o
                                                  ../STM32Cube_FW_F4_V1.4.0/Drivers/STM32F4xx_HAL_Driver/Src/stm32f4xx_hal.o
HAL_NVIC_SystemReset                              ../STM32Cube_FW_F4_V1.4.0/Drivers/STM32F4xx_HAL_Driver/Src/stm32f4xx_hal_cortex.o
HAL_PWR_ConfigPVD                                 ../STM32Cube_FW_F4_V1.4.0/Drivers/STM32F4xx_HAL_Driver/Src/stm32f4xx_hal_pwr.o
HAL_PWR_DeInit                                    ../STM32Cube_FW_F4_V1.4.0/Drivers/STM32F4xx_HAL_Driver/Src/stm32f4xx_hal_pwr.o
HAL_PWR_DisableBkUpAccess                         ../STM32Cube_FW_F4_V1.4.0/Drivers/STM32F4xx_HAL_Driver/Src/stm32f4xx_hal_pwr.o
HAL_PWR_DisablePVD                                ../STM32Cube_FW_F4_V1.4.0/Drivers/STM32F4xx_HAL_Driver/Src/stm32f4xx_hal_pwr.o
HAL_PWR_DisableSEVOnPend                          ../STM32Cube_FW_F4_V1.4.0/Drivers/STM32F4xx_HAL_Driver/Src/stm32f4xx_hal_pwr.o
HAL_PWR_DisableSleepOnExit                        ../STM32Cube_FW_F4_V1.4.0/Drivers/STM32F4xx_HAL_Driver/Src/stm32f4xx_hal_pwr.o
HAL_PWR_DisableWakeUpPin                          ../STM32Cube_FW_F4_V1.4.0/Drivers/STM32F4xx_HAL_Driver/Src/stm32f4xx_hal_pwr.o
HAL_PWR_EnableBkUpAccess                          ../STM32Cube_FW_F4_V1.4.0/Drivers/STM32F4xx_HAL_Driver/Src/stm32f4xx_hal_pwr.o
HAL_PWR_EnablePVD                                 ../STM32Cube_FW_F4_V1.4.0/Drivers/STM32F4xx_HAL_Driver/Src/stm32f4xx_hal_pwr.o
HAL_PWR_EnableSEVOnPend                           ../STM32Cube_FW_F4_V1.4.0/Drivers/STM32F4xx_HAL_Driver/Src/stm32f4xx_hal_pwr.o
HAL_PWR_EnableSleepOnExit                         ../STM32Cube_FW_F4_V1.4.0/Drivers/STM32F4xx_HAL_Driver/Src/stm32f4xx_hal_pwr.o
HAL_PWR_EnableWakeUpPin                           ../STM32Cube_FW_F4_V1.4.0/Drivers/STM32F4xx_HAL_Driver/Src/stm32f4xx_hal_pwr.o
HAL_PWR_EnterSLEEPMode                            ../STM32Cube_FW_F4_V1.4.0/Drivers/STM32F4xx_HAL_Driver/Src/stm32f4xx_hal_pwr.o
HAL_PWR_EnterSTANDBYMode                          ../STM32Cube_FW_F4_V1.4.0/Drivers/STM32F4xx_HAL_Driver/Src/stm32f4xx_hal_pwr.o
HAL_PWR_EnterSTOPMode                             ../STM32Cube_FW_F4_V1.4.0/Drivers/STM32F4xx_HAL_Driver/Src/stm32f4xx_hal_pwr.o
HAL_PWR_PVDCallback                               ../STM32Cube_FW_F4_V1.4.0/Drivers/STM32F4xx_HAL_Driver/Src/stm32f4xx_hal_pwr.o
HAL_PWR_PVD_IRQHandler                            ../STM32Cube_FW_F4_V1.4.0/Drivers/STM32F4xx_HAL_Driver/Src/stm32f4xx_hal_pwr.o
HAL_RCC_CSSCallback                               ../STM32Cube_FW_F4_V1.4.0/Drivers/STM32F4xx_HAL_Driver/Src/stm32f4xx_hal_rcc.o
HAL_RCC_ClockConfig                               ../STM32Cube_FW_F4_V1.4.0/Drivers/STM32F4xx_HAL_Driver/Src/stm32f4xx_hal_rcc.o
                                                  src/main.o
HAL_RCC_DeInit                                    ../STM32Cube_FW_F4_V1.4.0/Drivers/STM32F4xx_HAL_Driver/Src/stm32f4xx_hal_rcc.o
HAL_RCC_DisableCSS                                ../STM32Cube_FW_F4_V1.4.0/Drivers/STM32F4xx_HAL_Driver/Src/stm32f4xx_hal_rcc.o
HAL_RCC_EnableCSS                                 ../STM32Cube_FW_F4_V1.4.0/Drivers/STM32F4xx_HAL_Driver/Src/stm32f4xx_hal_rcc.o
HAL_RCC_GetClockConfig                            ../STM32Cube_FW_F4_V1.4.0/Drivers/STM32F4xx_HAL_Driver/Src/stm32f4xx_hal_rcc.o
HAL_RCC_GetHCLKFreq                               ../STM32Cube_FW_F4_V1.4.0/Drivers/STM32F4xx_HAL_Driver/Src/stm32f4xx_hal_rcc.o
                                                  ../STM32Cube_FW_F4_V1.4.0/Drivers/STM32F4xx_HAL_Driver/Src/stm32f4xx_hal.o
HAL_RCC_GetOscConfig                              ../STM32Cube_FW_F4_V1.4.0/Drivers/STM32F4xx_HAL_Driver/Src/stm32f4xx_hal_rcc.o
HAL_RCC_GetPCLK1Freq                              ../STM32Cube_FW_F4_V1.4.0/Drivers/STM32F4xx_HAL_Driver/Src/stm32f4xx_hal_rcc.o
                                                  ../STM32Cube_FW_F4_V1.4.0/Drivers/STM32F4xx_HAL_Driver/Src/stm32f4xx_hal_uart.o
HAL_RCC_GetPCLK2Freq                              ../STM32Cube_FW_F4_V1.4.0/Drivers/STM32F4xx_HAL_Driver/Src/stm32f4xx_hal_rcc.o
                                                  ../STM32Cube_FW_F4_V1.4.0/Drivers/STM32F4xx_HAL_Driver/Src/stm32f4xx_hal_uart.o
HAL_RCC_GetSysClockFreq                           ../STM32Cube_FW_F4_V1.4.0/Drivers/STM32F4xx_HAL_Driver/Src/stm32f4xx_hal_rcc.o
HAL_RCC_MCOConfig                                 ../STM32Cube_FW_F4_V1.4.0/Drivers/STM32F4xx_HAL_Driver/Src/stm32f4xx_hal_rcc.o
HAL_RCC_NMI_IRQHandler                            ../STM32Cube_FW_F4_V1.4.0/Drivers/STM32F4xx_HAL_Driver/Src/stm32f4xx_hal_rcc.o
HAL_RCC_OscConfig                                 ../STM32Cube_FW_F4_V1.4.0/Drivers/STM32F4xx_HAL_Driver/Src/stm32f4xx_hal_rcc.o
                                                  src/main.o
HAL_ResumeTick                                    ../STM32Cube_FW_F4_V1.4.0/Drivers/STM32F4xx_HAL_Driver/Src/stm32f4xx_hal.o
HAL_SYSTICK_CLKSourceConfig                       ../STM32Cube_FW_F4_V1.4.0/Drivers/STM32F4xx_HAL_Driver/Src/stm32f4xx_hal_cortex.o
HAL_SYSTICK_Callback                              ../STM32Cube_FW_F4_V1.4.0/Drivers/STM32F4xx_HAL_Driver/Src/stm32f4xx_hal_cortex.o
HAL_SYSTICK_Config                                ../STM32Cube_FW_F4_V1.4.0/Drivers/STM32F4xx_HAL_Driver/Src/stm32f4xx_hal_cortex.o
                                                  ../STM32Cube_FW_F4_V1.4.0/Drivers/STM32F4xx_HAL_Driver/Src/stm32f4xx_hal.o
HAL_SYSTICK_IRQHandler                            ../STM32Cube_FW_F4_V1.4.0/Drivers/STM32F4xx_HAL_Driver/Src/stm32f4xx_hal_cortex.o
HAL_SuspendTick                                   ../STM32Cube_FW_F4_V1.4.0/Drivers/STM32F4xx_HAL_Driver/Src/stm32f4xx_hal.o
HAL_UART_DMAPause                                 ../STM32Cube_FW_F4_V1.4.0/Drivers/STM32F4xx_HAL_Driver/Src/stm32f4xx_hal_uart.o
HAL_UART_DMAResume                                ../STM32Cube_FW_F4_V1.4.0/Drivers/STM32F4xx_HAL_Driver/Src/stm32f4xx_hal_uart.o
HAL_UART_DMAStop                                  ../STM32Cube_FW_F4_V1.4.0/Drivers/STM32F4xx_HAL_Driver/Src/stm32f4xx_hal_uart.o
HAL_UART_DeInit                                   ../STM32Cube_FW_F4_V1.4.0/Drivers/STM32F4xx_HAL_Driver/Src/stm32f4xx_hal_uart.o
HAL_UART_ErrorCallback                            src/uart.o
HAL_UART_GetError                                 ../STM32Cube_FW_F4_V1.4.0/Drivers/STM32F4xx_HAL_Driver/Src/stm32f4xx_hal_uart.o