Archive member included because of file (symbol)

/usr/lib/gcc/arm-none-eabi/4.8.2/../../../arm-none-eabi/lib/armv7e-m/softfp/libc.a(lib_a-atexit.o)
                              /usr/lib/gcc/arm-none-eabi/4.8.2/../../../arm-none-eabi/lib/armv7e-m/softfp/crt0.o (atexit)
/usr/lib/gcc/arm-none-eabi/4.8.2/../../../arm-none-eabi/lib/armv7e-m/softfp/libc.a(lib_a-exit.o)
                              /usr/lib/gcc/arm-none-eabi/4.8.2/../../../arm-none-eabi/lib/armv7e-m/softfp/crt0.o (exit)
/usr/lib/gcc/arm-none-eabi/4.8.2/../../../arm-none-eabi/lib/armv7e-m/softfp/libc.a(lib_a-fini.o)
                              /usr/lib/gcc/arm-none-eabi/4.8.2/../../../arm-none-eabi/lib/armv7e-m/softfp/crt0.o (__libc_fini_array)
/usr/lib/gcc/arm-none-eabi/4.8.2/../../../arm-none-eabi/lib/armv7e-m/softfp/libc.a(lib_a-impure.o)
                              /usr/lib/gcc/arm-none-eabi/4.8.2/../../../arm-none-eabi/lib/armv7e-m/softfp/libc.a(lib_a-exit.o) (_global_impure_ptr)
/usr/lib/gcc/arm-none-eabi/4.8.2/../../../arm-none-eabi/lib/armv7e-m/softfp/libc.a(lib_a-init.o)
                              /usr/lib/gcc/arm-none-eabi/4.8.2/../../../arm-none-eabi/lib/armv7e-m/softfp/crt0.o (__libc_init_array)
/usr/lib/gcc/arm-none-eabi/4.8.2/../../../arm-none-eabi/lib/armv7e-m/softfp/libc.a(lib_a-memset.o)
                              /usr/lib/gcc/arm-none-eabi/4.8.2/../../../arm-none-eabi/lib/armv7e-m/softfp/crt0.o (memset)
/usr/lib/gcc/arm-none-eabi/4.8.2/../../../arm-none-eabi/lib/armv7e-m/softfp/libc.a(lib_a-__atexit.o)
                              /usr/lib/gcc/arm-none-eabi/4.8.2/../../../arm-none-eabi/lib/armv7e-m/softfp/libc.a(lib_a-atexit.o) (__register_exitproc)
/usr/lib/gcc/arm-none-eabi/4.8.2/../../../arm-none-eabi/lib/armv7e-m/softfp/libc.a(lib_a-__call_atexit.o)
                              /usr/lib/gcc/arm-none-eabi/4.8.2/../../../arm-none-eabi/lib/armv7e-m/softfp/libc.a(lib_a-exit.o) (__call_exitprocs)
/usr/lib/gcc/arm-none-eabi/4.8.2/../../../arm-none-eabi/lib/armv7e-m/softfp/libnosys.a(_exit.o)
                              /usr/lib/gcc/arm-none-eabi/4.8.2/../../../arm-none-eabi/lib/armv7e-m/softfp/libc.a(lib_a-exit.o) (_exit)

Discarded input sections

 .text          0x0000000000000000        0x0 /usr/lib/gcc/arm-none-eabi/4.8.2/armv7e-m/softfp/crti.o
 .data          0x0000000000000000        0x0 /usr/lib/gcc/arm-none-eabi/4.8.2/armv7e-m/softfp/crti.o
 .bss           0x0000000000000000        0x0 /usr/lib/gcc/arm-none-eabi/4.8.2/armv7e-m/softfp/crti.o
 .data          0x0000000000000000        0x4 /usr/lib/gcc/arm-none-eabi/4.8.2/armv7e-m/softfp/crtbegin.o
 .text          0x0000000000000000       0x68 /usr/lib/gcc/arm-none-eabi/4.8.2/../../../arm-none-eabi/lib/armv7e-m/softfp/crt0.o
 .data          0x0000000000000000        0x0 /usr/lib/gcc/arm-none-eabi/4.8.2/../../../arm-none-eabi/lib/armv7e-m/softfp/crt0.o
 .bss           0x0000000000000000        0x0 /usr/lib/gcc/arm-none-eabi/4.8.2/../../../arm-none-eabi/lib/armv7e-m/softfp/crt0.o
 .ARM.extab     0x0000000000000000        0x0 /usr/lib/gcc/arm-none-eabi/4.8.2/../../../arm-none-eabi/lib/armv7e-m/softfp/crt0.o
 .ARM.exidx     0x0000000000000000        0x8 /usr/lib/gcc/arm-none-eabi/4.8.2/../../../arm-none-eabi/lib/armv7e-m/softfp/crt0.o
 .ARM.attributes
                0x0000000000000000       0x20 /usr/lib/gcc/arm-none-eabi/4.8.2/../../../arm-none-eabi/lib/armv7e-m/softfp/crt0.o
 .debug_line    0x0000000000000000       0x7e /usr/lib/gcc/arm-none-eabi/4.8.2/../../../arm-none-eabi/lib/armv7e-m/softfp/crt0.o
 .debug_info    0x0000000000000000       0x98 /usr/lib/gcc/arm-none-eabi/4.8.2/../../../arm-none-eabi/lib/armv7e-m/softfp/crt0.o
 .debug_abbrev  0x0000000000000000       0x14 /usr/lib/gcc/arm-none-eabi/4.8.2/../../../arm-none-eabi/lib/armv7e-m/softfp/crt0.o
 .debug_aranges
                0x0000000000000000       0x20 /usr/lib/gcc/arm-none-eabi/4.8.2/../../../arm-none-eabi/lib/armv7e-m/softfp/crt0.o
 .text          0x0000000000000000        0x0 /usr/lib/gcc/arm-none-eabi/4.8.2/../../../arm-none-eabi/lib/armv7e-m/softfp/libc.a(lib_a-atexit.o)
 .data          0x0000000000000000        0x0 /usr/lib/gcc/arm-none-eabi/4.8.2/../../../arm-none-eabi/lib/armv7e-m/softfp/libc.a(lib_a-atexit.o)
 .bss           0x0000000000000000        0x0 /usr/lib/gcc/arm-none-eabi/4.8.2/../../../arm-none-eabi/lib/armv7e-m/softfp/libc.a(lib_a-atexit.o)
 .text          0x0000000000000000        0x0 /usr/lib/gcc/arm-none-eabi/4.8.2/../../../arm-none-eabi/lib/armv7e-m/softfp/libc.a(lib_a-exit.o)
 .data          0x0000000000000000        0x0 /usr/lib/gcc/arm-none-eabi/4.8.2/../../../arm-none-eabi/lib/armv7e-m/softfp/libc.a(lib_a-exit.o)
 .bss           0x0000000000000000        0x0 /usr/lib/gcc/arm-none-eabi/4.8.2/../../../arm-none-eabi/lib/armv7e-m/softfp/libc.a(lib_a-exit.o)
 .text.exit     0x0000000000000000       0x20 /usr/lib/gcc/arm-none-eabi/4.8.2/../../../arm-none-eabi/lib/armv7e-m/softfp/libc.a(lib_a-exit.o)
 .debug_info    0x0000000000000000      0x8e4 /usr/lib/gcc/arm-none-eabi/4.8.2/../../../arm-none-eabi/lib/armv7e-m/softfp/libc.a(lib_a-exit.o)
 .debug_abbrev  0x0000000000000000      0x1e6 /usr/lib/gcc/arm-none-eabi/4.8.2/../../../arm-none-eabi/lib/armv7e-m/softfp/libc.a(lib_a-exit.o)
 .debug_loc     0x0000000000000000       0x1e /usr/lib/gcc/arm-none-eabi/4.8.2/../../../arm-none-eabi/lib/armv7e-m/softfp/libc.a(lib_a-exit.o)
 .debug_aranges
                0x0000000000000000       0x20 /usr/lib/gcc/arm-none-eabi/4.8.2/../../../arm-none-eabi/lib/armv7e-m/softfp/libc.a(lib_a-exit.o)
 .debug_ranges  0x0000000000000000       0x10 /usr/lib/gcc/arm-none-eabi/4.8.2/../../../arm-none-eabi/lib/armv7e-m/softfp/libc.a(lib_a-exit.o)
 .debug_line    0x0000000000000000      0x142 /usr/lib/gcc/arm-none-eabi/4.8.2/../../../arm-none-eabi/lib/armv7e-m/softfp/libc.a(lib_a-exit.o)
 .debug_str     0x0000000000000000      0x5cd /usr/lib/gcc/arm-none-eabi/4.8.2/../../../arm-none-eabi/lib/armv7e-m/softfp/libc.a(lib_a-exit.o)
 .comment       0x0000000000000000       0x20 /usr/lib/gcc/arm-none-eabi/4.8.2/../../../arm-none-eabi/lib/armv7e-m/softfp/libc.a(lib_a-exit.o)
 .ARM.attributes
                0x0000000000000000       0x32 /usr/lib/gcc/arm-none-eabi/4.8.2/../../../arm-none-eabi/lib/armv7e-m/softfp/libc.a(lib_a-exit.o)
 .debug_frame   0x0000000000000000       0x28 /usr/lib/gcc/arm-none-eabi/4.8.2/../../../arm-none-eabi/lib/armv7e-m/softfp/libc.a(lib_a-exit.o)
 .text          0x0000000000000000        0x0 /usr/lib/gcc/arm-none-eabi/4.8.2/../../../arm-none-eabi/lib/armv7e-m/softfp/libc.a(lib_a-fini.o)
 .data          0x0000000000000000        0x0 /usr/lib/gcc/arm-none-eabi/4.8.2/../../../arm-none-eabi/lib/armv7e-m/softfp/libc.a(lib_a-fini.o)
 .bss           0x0000000000000000        0x0 /usr/lib/gcc/arm-none-eabi/4.8.2/../../../arm-none-eabi/lib/armv7e-m/softfp/libc.a(lib_a-fini.o)
 .text          0x0000000000000000        0x0 /usr/lib/gcc/arm-none-eabi/4.8.2/../../../arm-none-eabi/lib/armv7e-m/softfp/libc.a(lib_a-impure.o)
 .data          0x0000000000000000        0x0 /usr/lib/gcc/arm-none-eabi/4.8.2/../../../arm-none-eabi/lib/armv7e-m/softfp/libc.a(lib_a-impure.o)
 .bss           0x0000000000000000        0x0 /usr/lib/gcc/arm-none-eabi/4.8.2/../../../arm-none-eabi/lib/armv7e-m/softfp/libc.a(lib_a-impure.o)
 .data._impure_ptr
                0x0000000000000000        0x4 /usr/lib/gcc/arm-none-eabi/4.8.2/../../../arm-none-eabi/lib/armv7e-m/softfp/libc.a(lib_a-impure.o)
 .text          0x0000000000000000        0x0 /usr/lib/gcc/arm-none-eabi/4.8.2/../../../arm-none-eabi/lib/armv7e-m/softfp/libc.a(lib_a-init.o)
 .data          0x0000000000000000        0x0 /usr/lib/gcc/arm-none-eabi/4.8.2/../../../arm-none-eabi/lib/armv7e-m/softfp/libc.a(lib_a-init.o)
 .bss           0x0000000000000000        0x0 /usr/lib/gcc/arm-none-eabi/4.8.2/../../../arm-none-eabi/lib/armv7e-m/softfp/libc.a(lib_a-init.o)
 .text          0x0000000000000000        0x0 /usr/lib/gcc/arm-none-eabi/4.8.2/../../../arm-none-eabi/lib/armv7e-m/softfp/libc.a(lib_a-memset.o)
 .data          0x0000000000000000        0x0 /usr/lib/gcc/arm-none-eabi/4.8.2/../../../arm-none-eabi/lib/armv7e-m/softfp/libc.a(lib_a-memset.o)
 .bss           0x0000000000000000        0x0 /usr/lib/gcc/arm-none-eabi/4.8.2/../../../arm-none-eabi/lib/armv7e-m/softfp/libc.a(lib_a-memset.o)
 .text.memset   0x0000000000000000       0x94 /usr/lib/gcc/arm-none-eabi/4.8.2/../../../arm-none-eabi/lib/armv7e-m/softfp/libc.a(lib_a-memset.o)
 .debug_info    0x0000000000000000      0x117 /usr/lib/gcc/arm-none-eabi/4.8.2/../../../arm-none-eabi/lib/armv7e-m/softfp/libc.a(lib_a-memset.o)
 .debug_abbrev  0x0000000000000000       0x9f /usr/lib/gcc/arm-none-eabi/4.8.2/../../../arm-none-eabi/lib/armv7e-m/softfp/libc.a(lib_a-memset.o)
 .debug_loc     0x0000000000000000      0x18b /usr/lib/gcc/arm-none-eabi/4.8.2/../../../arm-none-eabi/lib/armv7e-m/softfp/libc.a(lib_a-memset.o)
 .debug_aranges
                0x0000000000000000       0x20 /usr/lib/gcc/arm-none-eabi/4.8.2/../../../arm-none-eabi/lib/armv7e-m/softfp/libc.a(lib_a-memset.o)
 .debug_ranges  0x0000000000000000       0x10 /usr/lib/gcc/arm-none-eabi/4.8.2/../../../arm-none-eabi/lib/armv7e-m/softfp/libc.a(lib_a-memset.o)
 .debug_line    0x0000000000000000      0x102 /usr/lib/gcc/arm-none-eabi/4.8.2/../../../arm-none-eabi/lib/armv7e-m/softfp/libc.a(lib_a-memset.o)
 .debug_str     0x0000000000000000      0x207 /usr/lib/gcc/arm-none-eabi/4.8.2/../../../arm-none-eabi/lib/armv7e-m/softfp/libc.a(lib_a-memset.o)
 .comment       0x0000000000000000       0x20 /usr/lib/gcc/arm-none-eabi/4.8.2/../../../arm-none-eabi/lib/armv7e-m/softfp/libc.a(lib_a-memset.o)
 .ARM.attributes
                0x0000000000000000       0x32 /usr/lib/gcc/arm-none-eabi/4.8.2/../../../arm-none-eabi/lib/armv7e-m/softfp/libc.a(lib_a-memset.o)
 .debug_frame   0x0000000000000000       0x2c /usr/lib/gcc/arm-none-eabi/4.8.2/../../../arm-none-eabi/lib/armv7e-m/softfp/libc.a(lib_a-memset.o)
 .text          0x0000000000000000        0x0 /usr/lib/gcc/arm-none-eabi/4.8.2/../../../arm-none-eabi/lib/armv7e-m/softfp/libc.a(lib_a-__atexit.o)
 .data          0x0000000000000000        0x0 /usr/lib/gcc/arm-none-eabi/4.8.2/../../../arm-none-eabi/lib/armv7e-m/softfp/libc.a(lib_a-__atexit.o)
 .bss           0x0000000000000000        0x0 /usr/lib/gcc/arm-none-eabi/4.8.2/../../../arm-none-eabi/lib/armv7e-m/softfp/libc.a(lib_a-__atexit.o)
 .text          0x0000000000000000        0x0 /usr/lib/gcc/arm-none-eabi/4.8.2/../../../arm-none-eabi/lib/armv7e-m/softfp/libc.a(lib_a-__call_atexit.o)
 .data          0x0000000000000000        0x0 /usr/lib/gcc/arm-none-eabi/4.8.2/../../../arm-none-eabi/lib/armv7e-m/softfp/libc.a(lib_a-__call_atexit.o)
 .bss           0x0000000000000000        0x0 /usr/lib/gcc/arm-none-eabi/4.8.2/../../../arm-none-eabi/lib/armv7e-m/softfp/libc.a(lib_a-__call_atexit.o)
 .text.__call_exitprocs
                0x0000000000000000       0xf8 /usr/lib/gcc/arm-none-eabi/4.8.2/../../../arm-none-eabi/lib/armv7e-m/softfp/libc.a(lib_a-__call_atexit.o)
 .text          0x0000000000000000        0x0 /usr/lib/gcc/arm-none-eabi/4.8.2/../../../arm-none-eabi/lib/armv7e-m/softfp/libnosys.a(_exit.o)
 .data          0x0000000000000000        0x0 /usr/lib/gcc/arm-none-eabi/4.8.2/../../../arm-none-eabi/lib/armv7e-m/softfp/libnosys.a(_exit.o)
 .bss           0x0000000000000000        0x0 /usr/lib/gcc/arm-none-eabi/4.8.2/../../../arm-none-eabi/lib/armv7e-m/softfp/libnosys.a(_exit.o)
 .text._exit    0x0000000000000000        0x4 /usr/lib/gcc/arm-none-eabi/4.8.2/../../../arm-none-eabi/lib/armv7e-m/softfp/libnosys.a(_exit.o)
 .debug_info    0x0000000000000000       0x58 /usr/lib/gcc/arm-none-eabi/4.8.2/../../../arm-none-eabi/lib/armv7e-m/softfp/libnosys.a(_exit.o)
 .debug_abbrev  0x0000000000000000       0x55 /usr/lib/gcc/arm-none-eabi/4.8.2/../../../arm-none-eabi/lib/armv7e-m/softfp/libnosys.a(_exit.o)
 .debug_aranges
                0x0000000000000000       0x20 /usr/lib/gcc/arm-none-eabi/4.8.2/../../../arm-none-eabi/lib/armv7e-m/softfp/libnosys.a(_exit.o)
 .debug_ranges  0x0000000000000000       0x10 /usr/lib/gcc/arm-none-eabi/4.8.2/../../../arm-none-eabi/lib/armv7e-m/softfp/libnosys.a(_exit.o)
 .debug_line    0x0000000000000000       0x5b /usr/lib/gcc/arm-none-eabi/4.8.2/../../../arm-none-eabi/lib/armv7e-m/softfp/libnosys.a(_exit.o)
 .debug_str     0x0000000000000000      0x114 /usr/lib/gcc/arm-none-eabi/4.8.2/../../../arm-none-eabi/lib/armv7e-m/softfp/libnosys.a(_exit.o)
 .comment       0x0000000000000000       0x20 /usr/lib/gcc/arm-none-eabi/4.8.2/../../../arm-none-eabi/lib/armv7e-m/softfp/libnosys.a(_exit.o)
 .ARM.attributes
                0x0000000000000000       0x32 /usr/lib/gcc/arm-none-eabi/4.8.2/../../../arm-none-eabi/lib/armv7e-m/softfp/libnosys.a(_exit.o)
 .debug_frame   0x0000000000000000       0x20 /usr/lib/gcc/arm-none-eabi/4.8.2/../../../arm-none-eabi/lib/armv7e-m/softfp/libnosys.a(_exit.o)
 .data          0x0000000000000000        0x0 src/main.o
 .bss           0x0000000000000000        0x0 src/main.o
 .bss           0x0000000000000000        0x0 src/system_stm32f4xx.o
 .data          0x0000000000000000        0x0 src/stm32f4xx_it.o
 .bss           0x0000000000000000        0x0 src/stm32f4xx_it.o
 .text          0x0000000000000000       0x14 startup/startup_stm32f401xe.o
 .data          0x0000000000000000        0x0 startup/startup_stm32f401xe.o
 .bss           0x0000000000000000        0x0 startup/startup_stm32f401xe.o
 .text          0x0000000000000000        0x0 /usr/lib/gcc/arm-none-eabi/4.8.2/armv7e-m/softfp/crtend.o
 .data          0x0000000000000000        0x0 /usr/lib/gcc/arm-none-eabi/4.8.2/armv7e-m/softfp/crtend.o
 .bss           0x0000000000000000        0x0 /usr/lib/gcc/arm-none-eabi/4.8.2/armv7e-m/softfp/crtend.o
 .eh_frame      0x0000000000000000        0x4 /usr/lib/gcc/arm-none-eabi/4.8.2/armv7e-m/softfp/crtend.o
 .jcr           0x0000000000000000        0x4 /usr/lib/gcc/arm-none-eabi/4.8.2/armv7e-m/softfp/crtend.o
 .text          0x0000000000000000        0x0 /usr/lib/gcc/arm-none-eabi/4.8.2/armv7e-m/softfp/crtn.o
 .data          0x0000000000000000        0x0 /usr/lib/gcc/arm-none-eabi/4.8.2/armv7e-m/softfp/crtn.o
 .bss           0x0000000000000000        0x0 /usr/lib/gcc/arm-none-eabi/4.8.2/armv7e-m/softfp/crtn.o

Memory Configuration

Name             Origin             Length             Attributes
FLASH            0x0000000008000000 0x0000000000080000 xr
RAM              0x0000000020000000 0x0000000000018000 xrw
*default*        0x0000000000000000 0xffffffffffffffff

Linker script and memory map

LOAD /usr/lib/gcc/arm-none-eabi/4.8.2/armv7e-m/softfp/crti.o
LOAD /usr/lib/gcc/arm-none-eabi/4.8.2/armv7e-m/softfp/crtbegin.o
LOAD /usr/lib/gcc/arm-none-eabi/4.8.2/../../../arm-none-eabi/lib/armv7e-m/softfp/crt0.o
LOAD /usr/lib/gcc/arm-none-eabi/4.8.2/../../../arm-none-eabi/lib/armv7e-m/softfp/libm.a
LOAD /usr/lib/gcc/arm-none-eabi/4.8.2/../../../arm-none-eabi/lib/armv7e-m/softfp/libc.a
LOAD /usr/lib/gcc/arm-none-eabi/4.8.2/armv7e-m/softfp/libgcc.a
LOAD /usr/lib/gcc/arm-none-eabi/4.8.2/../../../arm-none-eabi/lib/armv7e-m/softfp/libnosys.a
LOAD /usr/lib/gcc/arm-none-eabi/4.8.2/../../../arm-none-eabi/lib/armv7e-m/softfp/libstdc++.a
LOAD /usr/lib/gcc/arm-none-eabi/4.8.2/../../../arm-none-eabi/lib/armv7e-m/softfp/libsupc++.a
LOAD src/main.o
LOAD src/system_stm32f4xx.o
LOAD src/stm32f4xx_it.o
LOAD startup/startup_stm32f401xe.o
START GROUP
LOAD /usr/lib/gcc/arm-none-eabi/4.8.2/armv7e-m/softfp/libgcc.a
LOAD /usr/lib/gcc/arm-none-eabi/4.8.2/../../../arm-none-eabi/lib/armv7e-m/softfp/libc.a
END GROUP
LOAD /usr/lib/gcc/arm-none-eabi/4.8.2/armv7e-m/softfp/crtend.o
LOAD /usr/lib/gcc/arm-none-eabi/4.8.2/armv7e-m/softfp/crtn.o
                0x0000000020018000                _estack = 0x20018000
                0x0000000000000200                _Min_Heap_Size = 0x200
                0x0000000000000400                _Min_Stack_Size = 0x400

.isr_vector     0x0000000008000000      0x194
                0x0000000008000000                . = ALIGN (0x4)
 *(.isr_vector)
 .isr_vector    0x0000000008000000      0x194 startup/startup_stm32f401xe.o
                0x0000000008000000                g_pfnVectors
                0x0000000008000194                . = ALIGN (0x4)

.text           0x0000000008000194      0x4f8
                0x0000000008000194                . = ALIGN (0x4)
 *(.text)
 .text          0x0000000008000194       0xc8 /usr/lib/gcc/arm-none-eabi/4.8.2/armv7e-m/softfp/crtbegin.o
 .text          0x000000000800025c        0x8 src/main.o
                0x000000000800025c                main
 .text          0x0000000008000264      0x200 src/system_stm32f4xx.o
                0x0000000008000264                SystemInit
                0x0000000008000310                SystemCoreClockUpdate
 .text          0x0000000008000464       0x5c src/stm32f4xx_it.o
                0x0000000008000464                NMI_Handler
                0x0000000008000470                HardFault_Handler
                0x0000000008000478                MemManage_Handler
                0x0000000008000480                BusFault_Handler
                0x0000000008000488                UsageFault_Handler
                0x0000000008000490                SVC_Handler
                0x000000000800049c                DebugMon_Handler
                0x00000000080004a8                PendSV_Handler
                0x00000000080004b4                SysTick_Handler
 *(.text*)
 .text.atexit   0x00000000080004c0        0xc /usr/lib/gcc/arm-none-eabi/4.8.2/../../../arm-none-eabi/lib/armv7e-m/softfp/libc.a(lib_a-atexit.o)
                0x00000000080004c0                atexit
 .text.__libc_fini_array
                0x00000000080004cc       0x34 /usr/lib/gcc/arm-none-eabi/4.8.2/../../../arm-none-eabi/lib/armv7e-m/softfp/libc.a(lib_a-fini.o)
                0x00000000080004cc                __libc_fini_array
 .text.__libc_init_array
                0x0000000008000500       0x5c /usr/lib/gcc/arm-none-eabi/4.8.2/../../../arm-none-eabi/lib/armv7e-m/softfp/libc.a(lib_a-init.o)
                0x0000000008000500                __libc_init_array
 .text.__register_exitproc
                0x000000000800055c       0xac /usr/lib/gcc/arm-none-eabi/4.8.2/../../../arm-none-eabi/lib/armv7e-m/softfp/libc.a(lib_a-__atexit.o)
                0x000000000800055c                __register_exitproc
 .text.startup.register_fini
                0x0000000008000608       0x18 /usr/lib/gcc/arm-none-eabi/4.8.2/../../../arm-none-eabi/lib/armv7e-m/softfp/libc.a(lib_a-__call_atexit.o)
 .text.Reset_Handler
                0x0000000008000620       0x50 startup/startup_stm32f401xe.o
                0x0000000008000620                Reset_Handler
 .text.Default_Handler
                0x0000000008000670        0x2 startup/startup_stm32f401xe.o
                0x0000000008000670                RTC_Alarm_IRQHandler
                0x0000000008000670                EXTI2_IRQHandler
                0x0000000008000670                SPI4_IRQHandler
                0x0000000008000670                TIM1_CC_IRQHandler
                0x0000000008000670                DMA2_Stream5_IRQHandler
                0x0000000008000670                DMA1_Stream5_IRQHandler
                0x0000000008000670                PVD_IRQHandler
                0x0000000008000670                SDIO_IRQHandler
                0x0000000008000670                TAMP_STAMP_IRQHandler
                0x0000000008000670                EXTI3_IRQHandler
                0x0000000008000670                TIM1_UP_TIM10_IRQHandler
                0x0000000008000670                I2C3_ER_IRQHandler
                0x0000000008000670                EXTI0_IRQHandler
                0x0000000008000670                I2C2_EV_IRQHandler
                0x0000000008000670                DMA1_Stream2_IRQHandler
                0x0000000008000670                FPU_IRQHandler
                0x0000000008000670                DMA2_Stream2_IRQHandler
                0x0000000008000670                SPI1_IRQHandler
                0x0000000008000670                TIM1_BRK_TIM9_IRQHandler
                0x0000000008000670                DMA2_Stream3_IRQHandler
                0x0000000008000670                USART6_IRQHandler
                0x0000000008000670                DMA2_Stream0_IRQHandler
                0x0000000008000670                TIM4_IRQHandler
                0x0000000008000670                I2C1_EV_IRQHandler
                0x0000000008000670                DMA1_Stream6_IRQHandler
                0x0000000008000670                DMA1_Stream1_IRQHandler
                0x0000000008000670                TIM3_IRQHandler
                0x0000000008000670                RCC_IRQHandler
                0x0000000008000670                Default_Handler
                0x0000000008000670                EXTI15_10_IRQHandler
                0x0000000008000670                ADC_IRQHandler
                0x0000000008000670                DMA1_Stream7_IRQHandler
                0x0000000008000670                TIM5_IRQHandler
                0x0000000008000670                DMA2_Stream7_IRQHandler
                0x0000000008000670                I2C3_EV_IRQHandler
                0x0000000008000670                EXTI9_5_IRQHandler
                0x0000000008000670                RTC_WKUP_IRQHandler
                0x0000000008000670                SPI2_IRQHandler
                0x0000000008000670                DMA1_Stream0_IRQHandler
                0x0000000008000670                EXTI4_IRQHandler
                0x0000000008000670                WWDG_IRQHandler
                0x0000000008000670                TIM2_IRQHandler
                0x0000000008000670                OTG_FS_WKUP_IRQHandler
                0x0000000008000670                TIM1_TRG_COM_TIM11_IRQHandler
                0x0000000008000670                EXTI1_IRQHandler
                0x0000000008000670                USART2_IRQHandler
                0x0000000008000670                I2C2_ER_IRQHandler
                0x0000000008000670                DMA2_Stream1_IRQHandler
                0x0000000008000670                FLASH_IRQHandler
                0x0000000008000670                DMA2_Stream4_IRQHandler
                0x0000000008000670                USART1_IRQHandler
                0x0000000008000670                OTG_FS_IRQHandler
                0x0000000008000670                SPI3_IRQHandler
                0x0000000008000670                DMA1_Stream4_IRQHandler
                0x0000000008000670                I2C1_ER_IRQHandler
                0x0000000008000670                DMA2_Stream6_IRQHandler
                0x0000000008000670                DMA1_Stream3_IRQHandler
 *(.glue_7)
 .glue_7        0x0000000000000000        0x0 linker stubs
 *(.glue_7t)
 .glue_7t       0x0000000000000000        0x0 linker stubs
 *(.eh_frame)
 *fill*         0x0000000008000672        0x2 
 .eh_frame      0x0000000008000674        0x0 /usr/lib/gcc/arm-none-eabi/4.8.2/armv7e-m/softfp/crtbegin.o
 *(.init)
 .init          0x0000000008000674        0x4 /usr/lib/gcc/arm-none-eabi/4.8.2/armv7e-m/softfp/crti.o
                0x0000000008000674                _init
 .init          0x0000000008000678        0x8 /usr/lib/gcc/arm-none-eabi/4.8.2/armv7e-m/softfp/crtn.o
 *(.fini)
 .fini          0x0000000008000680        0x4 /usr/lib/gcc/arm-none-eabi/4.8.2/armv7e-m/softfp/crti.o
                0x0000000008000680                _fini
 .fini          0x0000000008000684        0x8 /usr/lib/gcc/arm-none-eabi/4.8.2/armv7e-m/softfp/crtn.o
                0x000000000800068c                . = ALIGN (0x4)
                0x000000000800068c                _etext = .

.vfp11_veneer   0x000000000800068c        0x0
 .vfp11_veneer  0x0000000000000000        0x0 linker stubs

.v4_bx          0x000000000800068c        0x0
 .v4_bx         0x0000000000000000        0x0 linker stubs

.iplt           0x000000000800068c        0x0
 .iplt          0x0000000000000000        0x0 /usr/lib/gcc/arm-none-eabi/4.8.2/armv7e-m/softfp/crtbegin.o

.rodata         0x000000000800068c        0x8
                0x000000000800068c                . = ALIGN (0x4)
 *(.rodata)
 *(.rodata*)
 .rodata.str1.4
                0x000000000800068c        0x4 /usr/lib/gcc/arm-none-eabi/4.8.2/../../../arm-none-eabi/lib/armv7e-m/softfp/libc.a(lib_a-impure.o)
 .rodata._global_impure_ptr
                0x0000000008000690        0x4 /usr/lib/gcc/arm-none-eabi/4.8.2/../../../arm-none-eabi/lib/armv7e-m/softfp/libc.a(lib_a-impure.o)
                0x0000000008000690                _global_impure_ptr
                0x0000000008000694                . = ALIGN (0x4)

.rel.dyn        0x0000000008000694        0x0
 .rel.iplt      0x0000000000000000        0x0 /usr/lib/gcc/arm-none-eabi/4.8.2/armv7e-m/softfp/crtbegin.o

.ARM.extab
 *(.ARM.extab* .gnu.linkonce.armextab.*)

.ARM            0x0000000008000694        0x0
                0x0000000008000694                __exidx_start = .
 *(.ARM.exidx*)
                0x0000000008000694                __exidx_end = .

.preinit_array  0x0000000008000694        0x0
                0x0000000008000694                PROVIDE (__preinit_array_start, .)
 *(.preinit_array*)
                0x0000000008000694                PROVIDE (__preinit_array_end, .)

.init_array     0x0000000008000694        0x8
                0x0000000008000694                PROVIDE (__init_array_start, .)
 *(SORT(.init_array.*))
 .init_array.00000
                0x0000000008000694        0x4 /usr/lib/gcc/arm-none-eabi/4.8.2/../../../arm-none-eabi/lib/armv7e-m/softfp/libc.a(lib_a-__call_atexit.o)
 *(.init_array*)
 .init_array    0x0000000008000698        0x4 /usr/lib/gcc/arm-none-eabi/4.8.2/armv7e-m/softfp/crtbegin.o
                0x000000000800069c                PROVIDE (__init_array_end, .)

.fini_array     0x000000000800069c        0x4
                0x000000000800069c                PROVIDE (__fini_array_start, .)
 *(SORT(.fini_array.*))
 *(.fini_array*)
 .fini_array    0x000000000800069c        0x4 /usr/lib/gcc/arm-none-eabi/4.8.2/armv7e-m/softfp/crtbegin.o
                0x00000000080006a0                PROVIDE (__fini_array_end, .)
                0x00000000080006a0                _sidata = LOADADDR (.data)

.data           0x0000000020000000      0x440 load address 0x00000000080006a0
                0x0000000020000000                . = ALIGN (0x4)
                0x0000000020000000                _sdata = .
 *(.data)
 .data          0x0000000020000000       0x14 src/system_stm32f4xx.o
                0x0000000020000000                SystemCoreClock
                0x0000000020000004                AHBPrescTable
 *(.data*)
 *fill*         0x0000000020000014        0x4 
 .data.impure_data
                0x0000000020000018      0x428 /usr/lib/gcc/arm-none-eabi/4.8.2/../../../arm-none-eabi/lib/armv7e-m/softfp/libc.a(lib_a-impure.o)
                0x0000000020000440                . = ALIGN (0x4)
                0x0000000020000440                _edata = .

.jcr            0x0000000020000440        0x0 load address 0x0000000008000ae0
 .jcr           0x0000000020000440        0x0 /usr/lib/gcc/arm-none-eabi/4.8.2/armv7e-m/softfp/crtbegin.o

.tm_clone_table
                0x0000000020000440        0x0 load address 0x0000000008000ae0
 .tm_clone_table
                0x0000000020000440        0x0 /usr/lib/gcc/arm-none-eabi/4.8.2/armv7e-m/softfp/crtbegin.o
 .tm_clone_table
                0x0000000020000440        0x0 /usr/lib/gcc/arm-none-eabi/4.8.2/armv7e-m/softfp/crtend.o

.igot.plt       0x0000000020000440        0x0 load address 0x0000000008000ae0
 .igot.plt      0x0000000000000000        0x0 /usr/lib/gcc/arm-none-eabi/4.8.2/armv7e-m/softfp/crtbegin.o
                0x0000000020000440                . = ALIGN (0x4)

.bss            0x0000000020000440       0x1c load address 0x0000000008000ae0
                0x0000000020000440                _sbss = .
                0x0000000020000440                __bss_start__ = _sbss
 *(.bss)
 .bss           0x0000000020000440       0x1c /usr/lib/gcc/arm-none-eabi/4.8.2/armv7e-m/softfp/crtbegin.o
 *(.bss*)
 *(COMMON)
                0x000000002000045c                . = ALIGN (0x4)
                0x000000002000045c                _ebss = .
                0x000000002000045c                __bss_end__ = _ebss

._user_heap_stack
                0x000000002000045c      0x600 load address 0x0000000008000ae0
                0x000000002000045c                . = ALIGN (0x4)
                0x000000002000045c                PROVIDE (end, .)
                0x000000002000045c                PROVIDE (_end, .)
                0x000000002000065c                . = (. + _Min_Heap_Size)
 *fill*         0x000000002000045c      0x200 
                0x0000000020000a5c                . = (. + _Min_Stack_Size)
 *fill*         0x000000002000065c      0x400 
                0x0000000020000a5c                . = ALIGN (0x4)

/DISCARD/
 libc.a(*)
 libm.a(*)
 libgcc.a(*)

.ARM.attributes
                0x0000000000000000       0x2e
 *(.ARM.attributes)
 .ARM.attributes
                0x0000000000000000       0x22 /usr/lib/gcc/arm-none-eabi/4.8.2/armv7e-m/softfp/crti.o
 .ARM.attributes
                0x0000000000000022       0x32 /usr/lib/gcc/arm-none-eabi/4.8.2/armv7e-m/softfp/crtbegin.o
 .ARM.attributes
                0x0000000000000054       0x32 /usr/lib/gcc/arm-none-eabi/4.8.2/../../../arm-none-eabi/lib/armv7e-m/softfp/libc.a(lib_a-atexit.o)
 .ARM.attributes
                0x0000000000000086       0x32 /usr/lib/gcc/arm-none-eabi/4.8.2/../../../arm-none-eabi/lib/armv7e-m/softfp/libc.a(lib_a-fini.o)
 .ARM.attributes
                0x00000000000000b8       0x32 /usr/lib/gcc/arm-none-eabi/4.8.2/../../../arm-none-eabi/lib/armv7e-m/softfp/libc.a(lib_a-impure.o)
 .ARM.attributes
                0x00000000000000ea       0x32 /usr/lib/gcc/arm-none-eabi/4.8.2/../../../arm-none-eabi/lib/armv7e-m/softfp/libc.a(lib_a-init.o)
 .ARM.attributes
                0x000000000000011c       0x32 /usr/lib/gcc/arm-none-eabi/4.8.2/../../../arm-none-eabi/lib/armv7e-m/softfp/libc.a(lib_a-__atexit.o)
 .ARM.attributes
                0x000000000000014e       0x32 /usr/lib/gcc/arm-none-eabi/4.8.2/../../../arm-none-eabi/lib/armv7e-m/softfp/libc.a(lib_a-__call_atexit.o)
 .ARM.attributes
                0x0000000000000180       0x37 src/main.o
 .ARM.attributes
                0x00000000000001b7       0x37 src/system_stm32f4xx.o
 .ARM.attributes
                0x00000000000001ee       0x37 src/stm32f4xx_it.o
 .ARM.attributes
                0x0000000000000225       0x21 startup/startup_stm32f401xe.o
 .ARM.attributes
                0x0000000000000246       0x32 /usr/lib/gcc/arm-none-eabi/4.8.2/armv7e-m/softfp/crtend.o
 .ARM.attributes
                0x0000000000000278       0x22 /usr/lib/gcc/arm-none-eabi/4.8.2/armv7e-m/softfp/crtn.o
OUTPUT(base.elf elf32-littlearm)

.comment        0x0000000000000000       0x1f
 .comment       0x0000000000000000       0x1f /usr/lib/gcc/arm-none-eabi/4.8.2/armv7e-m/softfp/crtbegin.o
                                         0x20 (size before relaxing)
 .comment       0x0000000000000000       0x20 /usr/lib/gcc/arm-none-eabi/4.8.2/../../../arm-none-eabi/lib/armv7e-m/softfp/libc.a(lib_a-atexit.o)
 .comment       0x0000000000000000       0x20 /usr/lib/gcc/arm-none-eabi/4.8.2/../../../arm-none-eabi/lib/armv7e-m/softfp/libc.a(lib_a-fini.o)
 .comment       0x0000000000000000       0x20 /usr/lib/gcc/arm-none-eabi/4.8.2/../../../arm-none-eabi/lib/armv7e-m/softfp/libc.a(lib_a-impure.o)
 .comment       0x0000000000000000       0x20 /usr/lib/gcc/arm-none-eabi/4.8.2/../../../arm-none-eabi/lib/armv7e-m/softfp/libc.a(lib_a-init.o)
 .comment       0x0000000000000000       0x20 /usr/lib/gcc/arm-none-eabi/4.8.2/../../../arm-none-eabi/lib/armv7e-m/softfp/libc.a(lib_a-__atexit.o)
 .comment       0x0000000000000000       0x20 /usr/lib/gcc/arm-none-eabi/4.8.2/../../../arm-none-eabi/lib/armv7e-m/softfp/libc.a(lib_a-__call_atexit.o)
 .comment       0x0000000000000000       0x20 src/main.o
 .comment       0x0000000000000000       0x20 src/system_stm32f4xx.o
 .comment       0x0000000000000000       0x20 src/stm32f4xx_it.o
 .comment       0x0000000000000000       0x20 /usr/lib/gcc/arm-none-eabi/4.8.2/armv7e-m/softfp/crtend.o

.debug_info     0x0000000000000000     0x24d6
 .debug_info    0x0000000000000000      0x10a /usr/lib/gcc/arm-none-eabi/4.8.2/../../../arm-none-eabi/lib/armv7e-m/softfp/libc.a(lib_a-atexit.o)
 .debug_info    0x000000000000010a       0xef /usr/lib/gcc/arm-none-eabi/4.8.2/../../../arm-none-eabi/lib/armv7e-m/softfp/libc.a(lib_a-fini.o)
 .debug_info    0x00000000000001f9      0x894 /usr/lib/gcc/arm-none-eabi/4.8.2/../../../arm-none-eabi/lib/armv7e-m/softfp/libc.a(lib_a-impure.o)
 .debug_info    0x0000000000000a8d      0x105 /usr/lib/gcc/arm-none-eabi/4.8.2/../../../arm-none-eabi/lib/armv7e-m/softfp/libc.a(lib_a-init.o)
 .debug_info    0x0000000000000b92      0x934 /usr/lib/gcc/arm-none-eabi/4.8.2/../../../arm-none-eabi/lib/armv7e-m/softfp/libc.a(lib_a-__atexit.o)
 .debug_info    0x00000000000014c6      0x9aa /usr/lib/gcc/arm-none-eabi/4.8.2/../../../arm-none-eabi/lib/armv7e-m/softfp/libc.a(lib_a-__call_atexit.o)
 .debug_info    0x0000000000001e70       0xaf src/main.o
 .debug_info    0x0000000000001f1f      0x49e src/system_stm32f4xx.o
 .debug_info    0x00000000000023bd       0xbf src/stm32f4xx_it.o
 .debug_info    0x000000000000247c       0x5a startup/startup_stm32f401xe.o

.debug_abbrev   0x0000000000000000      0x9e9
 .debug_abbrev  0x0000000000000000       0xb8 /usr/lib/gcc/arm-none-eabi/4.8.2/../../../arm-none-eabi/lib/armv7e-m/softfp/libc.a(lib_a-atexit.o)
 .debug_abbrev  0x00000000000000b8       0xbd /usr/lib/gcc/arm-none-eabi/4.8.2/../../../arm-none-eabi/lib/armv7e-m/softfp/libc.a(lib_a-fini.o)
 .debug_abbrev  0x0000000000000175      0x180 /usr/lib/gcc/arm-none-eabi/4.8.2/../../../arm-none-eabi/lib/armv7e-m/softfp/libc.a(lib_a-impure.o)
 .debug_abbrev  0x00000000000002f5       0xba /usr/lib/gcc/arm-none-eabi/4.8.2/../../../arm-none-eabi/lib/armv7e-m/softfp/libc.a(lib_a-init.o)
 .debug_abbrev  0x00000000000003af      0x20f /usr/lib/gcc/arm-none-eabi/4.8.2/../../../arm-none-eabi/lib/armv7e-m/softfp/libc.a(lib_a-__atexit.o)
 .debug_abbrev  0x00000000000005be      0x285 /usr/lib/gcc/arm-none-eabi/4.8.2/../../../arm-none-eabi/lib/armv7e-m/softfp/libc.a(lib_a-__call_atexit.o)
 .debug_abbrev  0x0000000000000843       0x67 src/main.o
 .debug_abbrev  0x00000000000008aa      0x101 src/system_stm32f4xx.o
 .debug_abbrev  0x00000000000009ab       0x2c src/stm32f4xx_it.o
 .debug_abbrev  0x00000000000009d7       0x12 startup/startup_stm32f401xe.o

.debug_loc      0x0000000000000000      0x3d8
 .debug_loc     0x0000000000000000       0x2c /usr/lib/gcc/arm-none-eabi/4.8.2/../../../arm-none-eabi/lib/armv7e-m/softfp/libc.a(lib_a-atexit.o)
 .debug_loc     0x000000000000002c       0x5c /usr/lib/gcc/arm-none-eabi/4.8.2/../../../arm-none-eabi/lib/armv7e-m/softfp/libc.a(lib_a-fini.o)
 .debug_loc     0x0000000000000088       0xae /usr/lib/gcc/arm-none-eabi/4.8.2/../../../arm-none-eabi/lib/armv7e-m/softfp/libc.a(lib_a-init.o)
 .debug_loc     0x0000000000000136      0x14d /usr/lib/gcc/arm-none-eabi/4.8.2/../../../arm-none-eabi/lib/armv7e-m/softfp/libc.a(lib_a-__atexit.o)
 .debug_loc     0x0000000000000283      0x155 /usr/lib/gcc/arm-none-eabi/4.8.2/../../../arm-none-eabi/lib/armv7e-m/softfp/libc.a(lib_a-__call_atexit.o)

.debug_aranges  0x0000000000000000      0x148
 .debug_aranges
                0x0000000000000000       0x20 /usr/lib/gcc/arm-none-eabi/4.8.2/../../../arm-none-eabi/lib/armv7e-m/softfp/libc.a(lib_a-atexit.o)
 .debug_aranges
                0x0000000000000020       0x20 /usr/lib/gcc/arm-none-eabi/4.8.2/../../../arm-none-eabi/lib/armv7e-m/softfp/libc.a(lib_a-fini.o)
 .debug_aranges
                0x0000000000000040       0x18 /usr/lib/gcc/arm-none-eabi/4.8.2/../../../arm-none-eabi/lib/armv7e-m/softfp/libc.a(lib_a-impure.o)
 .debug_aranges
                0x0000000000000058       0x20 /usr/lib/gcc/arm-none-eabi/4.8.2/../../../arm-none-eabi/lib/armv7e-m/softfp/libc.a(lib_a-init.o)
 .debug_aranges
                0x0000000000000078       0x20 /usr/lib/gcc/arm-none-eabi/4.8.2/../../../arm-none-eabi/lib/armv7e-m/softfp/libc.a(lib_a-__atexit.o)
 .debug_aranges
                0x0000000000000098       0x28 /usr/lib/gcc/arm-none-eabi/4.8.2/../../../arm-none-eabi/lib/armv7e-m/softfp/libc.a(lib_a-__call_atexit.o)
 .debug_aranges
                0x00000000000000c0       0x20 src/main.o
 .debug_aranges
                0x00000000000000e0       0x20 src/system_stm32f4xx.o
 .debug_aranges
                0x0000000000000100       0x20 src/stm32f4xx_it.o
 .debug_aranges
                0x0000000000000120       0x28 startup/startup_stm32f401xe.o

.debug_ranges   0x0000000000000000       0x98
 .debug_ranges  0x0000000000000000       0x10 /usr/lib/gcc/arm-none-eabi/4.8.2/../../../arm-none-eabi/lib/armv7e-m/softfp/libc.a(lib_a-atexit.o)
 .debug_ranges  0x0000000000000010       0x10 /usr/lib/gcc/arm-none-eabi/4.8.2/../../../arm-none-eabi/lib/armv7e-m/softfp/libc.a(lib_a-fini.o)
 .debug_ranges  0x0000000000000020       0x10 /usr/lib/gcc/arm-none-eabi/4.8.2/../../../arm-none-eabi/lib/armv7e-m/softfp/libc.a(lib_a-init.o)
 .debug_ranges  0x0000000000000030       0x10 /usr/lib/gcc/arm-none-eabi/4.8.2/../../../arm-none-eabi/lib/armv7e-m/softfp/libc.a(lib_a-__atexit.o)
 .debug_ranges  0x0000000000000040       0x38 /usr/lib/gcc/arm-none-eabi/4.8.2/../../../arm-none-eabi/lib/armv7e-m/softfp/libc.a(lib_a-__call_atexit.o)
 .debug_ranges  0x0000000000000078       0x20 startup/startup_stm32f401xe.o

.debug_line     0x0000000000000000      0x8df
 .debug_line    0x0000000000000000       0xa9 /usr/lib/gcc/arm-none-eabi/4.8.2/../../../arm-none-eabi/lib/armv7e-m/softfp/libc.a(lib_a-atexit.o)
 .debug_line    0x00000000000000a9       0x9f /usr/lib/gcc/arm-none-eabi/4.8.2/../../../arm-none-eabi/lib/armv7e-m/softfp/libc.a(lib_a-fini.o)
 .debug_line    0x0000000000000148       0xd9 /usr/lib/gcc/arm-none-eabi/4.8.2/../../../arm-none-eabi/lib/armv7e-m/softfp/libc.a(lib_a-impure.o)
 .debug_line    0x0000000000000221       0xb8 /usr/lib/gcc/arm-none-eabi/4.8.2/../../../arm-none-eabi/lib/armv7e-m/softfp/libc.a(lib_a-init.o)
 .debug_line    0x00000000000002d9      0x163 /usr/lib/gcc/arm-none-eabi/4.8.2/../../../arm-none-eabi/lib/armv7e-m/softfp/libc.a(lib_a-__atexit.o)
 .debug_line    0x000000000000043c      0x19e /usr/lib/gcc/arm-none-eabi/4.8.2/../../../arm-none-eabi/lib/armv7e-m/softfp/libc.a(lib_a-__call_atexit.o)
 .debug_line    0x00000000000005da       0xcd src/main.o
 .debug_line    0x00000000000006a7      0x150 src/system_stm32f4xx.o
 .debug_line    0x00000000000007f7       0x6c src/stm32f4xx_it.o
 .debug_line    0x0000000000000863       0x7c startup/startup_stm32f401xe.o

.debug_str      0x0000000000000000      0xb3e
 .debug_str     0x0000000000000000      0x1f0 /usr/lib/gcc/arm-none-eabi/4.8.2/../../../arm-none-eabi/lib/armv7e-m/softfp/libc.a(lib_a-atexit.o)
                                        0x230 (size before relaxing)
 .debug_str     0x00000000000001f0       0xba /usr/lib/gcc/arm-none-eabi/4.8.2/../../../arm-none-eabi/lib/armv7e-m/softfp/libc.a(lib_a-fini.o)
                                        0x228 (size before relaxing)
 .debug_str     0x00000000000002aa      0x435 /usr/lib/gcc/arm-none-eabi/4.8.2/../../../arm-none-eabi/lib/armv7e-m/softfp/libc.a(lib_a-impure.o)
                                        0x5c4 (size before relaxing)
 .debug_str     0x00000000000006df       0x93 /usr/lib/gcc/arm-none-eabi/4.8.2/../../../arm-none-eabi/lib/armv7e-m/softfp/libc.a(lib_a-init.o)
                                        0x252 (size before relaxing)
 .debug_str     0x0000000000000772       0x33 /usr/lib/gcc/arm-none-eabi/4.8.2/../../../arm-none-eabi/lib/armv7e-m/softfp/libc.a(lib_a-__atexit.o)
                                        0x60c (size before relaxing)
 .debug_str     0x00000000000007a5       0x89 /usr/lib/gcc/arm-none-eabi/4.8.2/../../../arm-none-eabi/lib/armv7e-m/softfp/libc.a(lib_a-__call_atexit.o)
                                        0x624 (size before relaxing)
 .debug_str     0x000000000000082e       0x9c src/main.o
                                        0x131 (size before relaxing)
 .debug_str     0x00000000000008ca      0x1d1 src/system_stm32f4xx.o
                                        0x308 (size before relaxing)
 .debug_str     0x0000000000000a9b       0xa3 src/stm32f4xx_it.o
                                        0x118 (size before relaxing)

.debug_frame    0x0000000000000000      0x244
 .debug_frame   0x0000000000000000       0x20 /usr/lib/gcc/arm-none-eabi/4.8.2/../../../arm-none-eabi/lib/armv7e-m/softfp/libc.a(lib_a-atexit.o)
 .debug_frame   0x0000000000000020       0x2c /usr/lib/gcc/arm-none-eabi/4.8.2/../../../arm-none-eabi/lib/armv7e-m/softfp/libc.a(lib_a-fini.o)
 .debug_frame   0x000000000000004c       0x2c /usr/lib/gcc/arm-none-eabi/4.8.2/../../../arm-none-eabi/lib/armv7e-m/softfp/libc.a(lib_a-init.o)
 .debug_frame   0x0000000000000078       0x30 /usr/lib/gcc/arm-none-eabi/4.8.2/../../../arm-none-eabi/lib/armv7e-m/softfp/libc.a(lib_a-__atexit.o)
 .debug_frame   0x00000000000000a8       0x48 /usr/lib/gcc/arm-none-eabi/4.8.2/../../../arm-none-eabi/lib/armv7e-m/softfp/libc.a(lib_a-__call_atexit.o)
 .debug_frame   0x00000000000000f0       0x28 src/main.o
 .debug_frame   0x0000000000000118       0x44 src/system_stm32f4xx.o
 .debug_frame   0x000000000000015c       0xe8 src/stm32f4xx_it.o

Cross Reference Table

Symbol                                            File
ADC_IRQHandler                                    startup/startup_stm32f401xe.o
AHBPrescTable                                     src/system_stm32f4xx.o
BusFault_Handler                                  src/stm32f4xx_it.o
DMA1_Stream0_IRQHandler                           startup/startup_stm32f401xe.o
DMA1_Stream1_IRQHandler                           startup/startup_stm32f401xe.o
DMA1_Stream2_IRQHandler                           startup/startup_stm32f401xe.o
DMA1_Stream3_IRQHandler                           startup/startup_stm32f401xe.o
DMA1_Stream4_IRQHandler                           startup/startup_stm32f401xe.o
DMA1_Stream5_IRQHandler                           startup/startup_stm32f401xe.o
DMA1_Stream6_IRQHandler                           startup/startup_stm32f401xe.o
DMA1_Stream7_IRQHandler                           startup/startup_stm32f401xe.o
DMA2_Stream0_IRQHandler                           startup/startup_stm32f401xe.o
DMA2_Stream1_IRQHandler                           startup/startup_stm32f401xe.o
DMA2_Stream2_IRQHandler                           startup/startup_stm32f401xe.o
DMA2_Stream3_IRQHandler                           startup/startup_stm32f401xe.o
DMA2_Stream4_IRQHandler                           startup/startup_stm32f401xe.o
DMA2_Stream5_IRQHandler                           startup/startup_stm32f401xe.o
DMA2_Stream6_IRQHandler                           startup/startup_stm32f401xe.o
DMA2_Stream7_IRQHandler                           startup/startup_stm32f401xe.o
DebugMon_Handler                                  src/stm32f4xx_it.o
Default_Handler                                   startup/startup_stm32f401xe.o
EXTI0_IRQHandler                                  startup/startup_stm32f401xe.o
EXTI15_10_IRQHandler                              startup/startup_stm32f401xe.o
EXTI1_IRQHandler                                  startup/startup_stm32f401xe.o
EXTI2_IRQHandler                                  startup/startup_stm32f401xe.o
EXTI3_IRQHandler                                  startup/startup_stm32f401xe.o
EXTI4_IRQHandler                                  startup/startup_stm32f401xe.o
EXTI9_5_IRQHandler                                startup/startup_stm32f401xe.o
FLASH_IRQHandler                                  startup/startup_stm32f401xe.o
FPU_IRQHandler                                    startup/startup_stm32f401xe.o
HardFault_Handler                                 src/stm32f4xx_it.o
I2C1_ER_IRQHandler                                startup/startup_stm32f401xe.o
I2C1_EV_IRQHandler                                startup/startup_stm32f401xe.o
I2C2_ER_IRQHandler                                startup/startup_stm32f401xe.o
I2C2_EV_IRQHandler                                startup/startup_stm32f401xe.o
I2C3_ER_IRQHandler                                startup/startup_stm32f401xe.o
I2C3_EV_IRQHandler                                startup/startup_stm32f401xe.o
MemManage_Handler                                 src/stm32f4xx_it.o
NMI_Handler                                       src/stm32f4xx_it.o
OTG_FS_IRQHandler                                 startup/startup_stm32f401xe.o
OTG_FS_WKUP_IRQHandler                            startup/startup_stm32f401xe.o
PVD_IRQHandler                                    startup/startup_stm32f401xe.o
PendSV_Handler                                    src/stm32f4xx_it.o
RCC_IRQHandler                                    startup/startup_stm32f401xe.o
RTC_Alarm_IRQHandler                              startup/startup_stm32f401xe.o
RTC_WKUP_IRQHandler                               startup/startup_stm32f401xe.o
Reset_Handler                                     startup/startup_stm32f401xe.o
SDIO_IRQHandler                                   startup/startup_stm32f401xe.o
SPI1_IRQHandler                                   startup/startup_stm32f401xe.o
SPI2_IRQHandler                                   startup/startup_stm32f401xe.o
SPI3_IRQHandler                                   startup/startup_stm32f401xe.o
SPI4_IRQHandler                                   startup/startup_stm32f401xe.o
SVC_Handler                                       src/stm32f4xx_it.o
SysTick_Handler                                   src/stm32f4xx_it.o
SystemCoreClock                                   src/system_stm32f4xx.o
SystemCoreClockUpdate                             src/system_stm32f4xx.o
SystemInit                                        src/system_stm32f4xx.o
                                                  startup/startup_stm32f401xe.o
TAMP_STAMP_IRQHandler                             startup/startup_stm32f401xe.o
TIM1_BRK_TIM9_IRQHandler                          startup/startup_stm32f401xe.o
TIM1_CC_IRQHandler                                startup/startup_stm32f401xe.o
TIM1_TRG_COM_TIM11_IRQHandler                     startup/startup_stm32f401xe.o
TIM1_UP_TIM10_IRQHandler                          startup/startup_stm32f401xe.o
TIM2_IRQHandler                                   startup/startup_stm32f401xe.o
TIM3_IRQHandler                                   startup/startup_stm32f401xe.o
TIM4_IRQHandler                                   startup/startup_stm32f401xe.o
TIM5_IRQHandler                                   startup/startup_stm32f401xe.o
USART1_IRQHandler                                 startup/startup_stm32f401xe.o
USART2_IRQHandler                                 startup/startup_stm32f401xe.o
USART6_IRQHandler                                 startup/startup_stm32f401xe.o
UsageFault_Handler                                src/stm32f4xx_it.o
WWDG_IRQHandler                                   startup/startup_stm32f401xe.o
_ITM_deregisterTMCloneTable                       /usr/lib/gcc/arm-none-eabi/4.8.2/armv7e-m/softfp/crtbegin.o
_ITM_registerTMCloneTable                         /usr/lib/gcc/arm-none-eabi/4.8.2/armv7e-m/softfp/crtbegin.o
_Jv_RegisterClasses                               /usr/lib/gcc/arm-none-eabi/4.8.2/armv7e-m/softfp/crtbegin.o
__TMC_END__                                       /usr/lib/gcc/arm-none-eabi/4.8.2/armv7e-m/softfp/crtend.o
                                                  /usr/lib/gcc/arm-none-eabi/4.8.2/armv7e-m/softfp/crtbegin.o
__bss_end__                                       /usr/lib/gcc/arm-none-eabi/4.8.2/../../../arm-none-eabi/lib/armv7e-m/softfp/crt0.o
__bss_start__                                     /usr/lib/gcc/arm-none-eabi/4.8.2/../../../arm-none-eabi/lib/armv7e-m/softfp/crt0.o
__call_exitprocs                                  /usr/lib/gcc/arm-none-eabi/4.8.2/../../../arm-none-eabi/lib/armv7e-m/softfp/libc.a(lib_a-__call_atexit.o)
                                                  /usr/lib/gcc/arm-none-eabi/4.8.2/../../../arm-none-eabi/lib/armv7e-m/softfp/libc.a(lib_a-exit.o)
__deregister_frame_info                           /usr/lib/gcc/arm-none-eabi/4.8.2/armv7e-m/softfp/crtbegin.o
__dso_handle                                      /usr/lib/gcc/arm-none-eabi/4.8.2/armv7e-m/softfp/crtbegin.o
__fini_array_end                                  /usr/lib/gcc/arm-none-eabi/4.8.2/../../../arm-none-eabi/lib/armv7e-m/softfp/libc.a(lib_a-fini.o)
__fini_array_start                                /usr/lib/gcc/arm-none-eabi/4.8.2/../../../arm-none-eabi/lib/armv7e-m/softfp/libc.a(lib_a-fini.o)
__init_array_end                                  /usr/lib/gcc/arm-none-eabi/4.8.2/../../../arm-none-eabi/lib/armv7e-m/softfp/libc.a(lib_a-init.o)
__init_array_start                                /usr/lib/gcc/arm-none-eabi/4.8.2/../../../arm-none-eabi/lib/armv7e-m/softfp/libc.a(lib_a-init.o)
__libc_fini                                       /usr/lib/gcc/arm-none-eabi/4.8.2/../../../arm-none-eabi/lib/armv7e-m/softfp/libc.a(lib_a-__call_atexit.o)
__libc_fini_array                                 /usr/lib/gcc/arm-none-eabi/4.8.2/../../../arm-none-eabi/lib/armv7e-m/softfp/libc.a(lib_a-fini.o)
                                                  /usr/lib/gcc/arm-none-eabi/4.8.2/../../../arm-none-eabi/lib/armv7e-m/softfp/libc.a(lib_a-__call_atexit.o)
                                                  /usr/lib/gcc/arm-none-eabi/4.8.2/../../../arm-none-eabi/lib/armv7e-m/softfp/crt0.o
__libc_init_array                                 /usr/lib/gcc/arm-none-eabi/4.8.2/../../../arm-none-eabi/lib/armv7e-m/softfp/libc.a(lib_a-init.o)
                                                  startup/startup_stm32f401xe.o
                                                  /usr/lib/gcc/arm-none-eabi/4.8.2/../../../arm-none-eabi/lib/armv7e-m/softfp/crt0.o
__preinit_array_end                               /usr/lib/gcc/arm-none-eabi/4.8.2/../../../arm-none-eabi/lib/armv7e-m/softfp/libc.a(lib_a-init.o)
__preinit_array_start                             /usr/lib/gcc/arm-none-eabi/4.8.2/../../../arm-none-eabi/lib/armv7e-m/softfp/libc.a(lib_a-init.o)
__register_exitproc                               /usr/lib/gcc/arm-none-eabi/4.8.2/../../../arm-none-eabi/lib/armv7e-m/softfp/libc.a(lib_a-__atexit.o)
                                                  /usr/lib/gcc/arm-none-eabi/4.8.2/../../../arm-none-eabi/lib/armv7e-m/softfp/libc.a(lib_a-atexit.o)
__register_frame_info                             /usr/lib/gcc/arm-none-eabi/4.8.2/armv7e-m/softfp/crtbegin.o
__stack                                           /usr/lib/gcc/arm-none-eabi/4.8.2/../../../arm-none-eabi/lib/armv7e-m/softfp/crt0.o
_ebss                                             startup/startup_stm32f401xe.o
_edata                                            startup/startup_stm32f401xe.o
_estack                                           startup/startup_stm32f401xe.o
_exit                                             /usr/lib/gcc/arm-none-eabi/4.8.2/../../../arm-none-eabi/lib/armv7e-m/softfp/libnosys.a(_exit.o)
                                                  /usr/lib/gcc/arm-none-eabi/4.8.2/../../../arm-none-eabi/lib/armv7e-m/softfp/libc.a(lib_a-exit.o)
_fini                                             /usr/lib/gcc/arm-none-eabi/4.8.2/armv7e-m/softfp/crti.o
                                                  /usr/lib/gcc/arm-none-eabi/4.8.2/../../../arm-none-eabi/lib/armv7e-m/softfp/libc.a(lib_a-fini.o)
_global_impure_ptr                                /usr/lib/gcc/arm-none-eabi/4.8.2/../../../arm-none-eabi/lib/armv7e-m/softfp/libc.a(lib_a-impure.o)
                                                  /usr/lib/gcc/arm-none-eabi/4.8.2/../../../arm-none-eabi/lib/armv7e-m/softfp/libc.a(lib_a-__call_atexit.o)
                                                  /usr/lib/gcc/arm-none-eabi/4.8.2/../../../arm-none-eabi/lib/armv7e-m/softfp/libc.a(lib_a-__atexit.o)
                                                  /usr/lib/gcc/arm-none-eabi/4.8.2/../../../arm-none-eabi/lib/armv7e-m/softfp/libc.a(lib_a-exit.o)
_impure_ptr                                       /usr/lib/gcc/arm-none-eabi/4.8.2/../../../arm-none-eabi/lib/armv7e-m/softfp/libc.a(lib_a-impure.o)
_init                                             /usr/lib/gcc/arm-none-eabi/4.8.2/armv7e-m/softfp/crti.o
                                                  /usr/lib/gcc/arm-none-eabi/4.8.2/../../../arm-none-eabi/lib/armv7e-m/softfp/libc.a(lib_a-init.o)
_mainCRTStartup                                   /usr/lib/gcc/arm-none-eabi/4.8.2/../../../arm-none-eabi/lib/armv7e-m/softfp/crt0.o
_sbss                                             startup/startup_stm32f401xe.o
_sdata                                            startup/startup_stm32f401xe.o
_sidata                                           startup/startup_stm32f401xe.o
_start                                            /usr/lib/gcc/arm-none-eabi/4.8.2/../../../arm-none-eabi/lib/armv7e-m/softfp/crt0.o
atexit                                            /usr/lib/gcc/arm-none-eabi/4.8.2/../../../arm-none-eabi/lib/armv7e-m/softfp/libc.a(lib_a-atexit.o)
                                                  /usr/lib/gcc/arm-none-eabi/4.8.2/../../../arm-none-eabi/lib/armv7e-m/softfp/libc.a(lib_a-__call_atexit.o)
                                                  /usr/lib/gcc/arm-none-eabi/4.8.2/../../../arm-none-eabi/lib/armv7e-m/softfp/crt0.o
exit                                              /usr/lib/gcc/arm-none-eabi/4.8.2/../../../arm-none-eabi/lib/armv7e-m/softfp/libc.a(lib_a-exit.o)
                                                  /usr/lib/gcc/arm-none-eabi/4.8.2/../../../arm-none-eabi/lib/armv7e-m/softfp/crt0.o
free                                              /usr/lib/gcc/arm-none-eabi/4.8.2/../../../arm-none-eabi/lib/armv7e-m/softfp/libc.a(lib_a-__call_atexit.o)
g_pfnVectors                                      startup/startup_stm32f401xe.o
hardware_init_hook                                /usr/lib/gcc/arm-none-eabi/4.8.2/../../../arm-none-eabi/lib/armv7e-m/softfp/crt0.o
main                                              src/main.o
                                                  startup/startup_stm32f401xe.o
                                                  /usr/lib/gcc/arm-none-eabi/4.8.2/../../../arm-none-eabi/lib/armv7e-m/softfp/crt0.o
malloc                                            /usr/lib/gcc/arm-none-eabi/4.8.2/../../../arm-none-eabi/lib/armv7e-m/softfp/libc.a(lib_a-__atexit.o)
memset                                            /usr/lib/gcc/arm-none-eabi/4.8.2/../../../arm-none-eabi/lib/armv7e-m/softfp/libc.a(lib_a-memset.o)
                                                  /usr/lib/gcc/arm-none-eabi/4.8.2/../../../arm-none-eabi/lib/armv7e-m/softfp/crt0.o
software_init_hook                                /usr/lib/gcc/arm-none-eabi/4.8.2/../../../arm-none-eabi/lib/armv7e-m/softfp/crt0.o
